Component: ARM Compiler 5.06 update 4 (build 422) Tool: armlink [4d35d2]

==============================================================================

Section Cross References

    startup_stm32f103xe.o(RESET) refers to startup_stm32f103xe.o(STACK) for __initial_sp
    startup_stm32f103xe.o(RESET) refers to startup_stm32f103xe.o(.text) for Reset_Handler
    startup_stm32f103xe.o(RESET) refers to stm32f1xx_it.o(i.NMI_Handler) for NMI_Handler
    startup_stm32f103xe.o(RESET) refers to stm32f1xx_it.o(i.HardFault_Handler) for HardFault_Handler
    startup_stm32f103xe.o(RESET) refers to stm32f1xx_it.o(i.MemManage_Handler) for MemManage_Handler
    startup_stm32f103xe.o(RESET) refers to stm32f1xx_it.o(i.BusFault_Handler) for BusFault_Handler
    startup_stm32f103xe.o(RESET) refers to stm32f1xx_it.o(i.UsageFault_Handler) for UsageFault_Handler
    startup_stm32f103xe.o(RESET) refers to stm32f1xx_it.o(i.SVC_Handler) for SVC_Handler
    startup_stm32f103xe.o(RESET) refers to stm32f1xx_it.o(i.DebugMon_Handler) for DebugMon_Handler
    startup_stm32f103xe.o(RESET) refers to stm32f1xx_it.o(i.PendSV_Handler) for PendSV_Handler
    startup_stm32f103xe.o(RESET) refers to stm32f1xx_it.o(i.RTC_IRQHandler) for RTC_IRQHandler
    startup_stm32f103xe.o(RESET) refers to stm32f1xx_it.o(i.I2C2_EV_IRQHandler) for I2C2_EV_IRQHandler
    startup_stm32f103xe.o(RESET) refers to stm32f1xx_it.o(i.I2C2_ER_IRQHandler) for I2C2_ER_IRQHandler
    startup_stm32f103xe.o(RESET) refers to stm32f1xx_it.o(i.SDIO_IRQHandler) for SDIO_IRQHandler
    startup_stm32f103xe.o(RESET) refers to stm32f1xx_it.o(i.SPI3_IRQHandler) for SPI3_IRQHandler
    startup_stm32f103xe.o(RESET) refers to stm32f1xx_it.o(i.TIM6_IRQHandler) for TIM6_IRQHandler
    startup_stm32f103xe.o(RESET) refers to stm32f1xx_it.o(i.TIM7_IRQHandler) for TIM7_IRQHandler
    startup_stm32f103xe.o(RESET) refers to stm32f1xx_it.o(i.DMA2_Channel1_IRQHandler) for DMA2_Channel1_IRQHandler
    startup_stm32f103xe.o(RESET) refers to stm32f1xx_it.o(i.DMA2_Channel2_IRQHandler) for DMA2_Channel2_IRQHandler
    startup_stm32f103xe.o(RESET) refers to stm32f1xx_it.o(i.DMA2_Channel4_5_IRQHandler) for DMA2_Channel4_5_IRQHandler
    startup_stm32f103xe.o(.text) refers to system_stm32f1xx.o(i.SystemInit) for SystemInit
    startup_stm32f103xe.o(.text) refers to entry.o(.ARM.Collect$$$$00000000) for __main
    main.o(i.HAL_TIM_PeriodElapsedCallback) refers to stm32f1xx_hal.o(i.HAL_IncTick) for HAL_IncTick
    main.o(i.HAL_TIM_PeriodElapsedCallback) refers to stm32f1xx_hal_gpio.o(i.HAL_GPIO_TogglePin) for HAL_GPIO_TogglePin
    main.o(i.HAL_TIM_PeriodElapsedCallback) refers to main.o(.data) for .data
    main.o(i.MX_ADC1_Init) refers to stm32f1xx_hal_adc.o(i.HAL_ADC_Init) for HAL_ADC_Init
    main.o(i.MX_ADC1_Init) refers to stm32f1xx_hal_adc.o(i.HAL_ADC_ConfigChannel) for HAL_ADC_ConfigChannel
    main.o(i.MX_ADC1_Init) refers to main.o(.bss) for .bss
    main.o(i.MX_GPIO_Init) refers to stm32f1xx_hal_gpio.o(i.HAL_GPIO_WritePin) for HAL_GPIO_WritePin
    main.o(i.MX_GPIO_Init) refers to stm32f1xx_hal_gpio.o(i.HAL_GPIO_Init) for HAL_GPIO_Init
    main.o(i.MX_RTC_Init) refers to stm32f1xx_hal_rtc.o(i.HAL_RTC_Init) for HAL_RTC_Init
    main.o(i.MX_RTC_Init) refers to stm32f1xx_hal_rtc.o(i.HAL_RTC_SetTime) for HAL_RTC_SetTime
    main.o(i.MX_RTC_Init) refers to stm32f1xx_hal_rtc.o(i.HAL_RTC_SetDate) for HAL_RTC_SetDate
    main.o(i.MX_RTC_Init) refers to main.o(.bss) for .bss
    main.o(i.MX_SPI3_Init) refers to stm32f1xx_hal_spi.o(i.HAL_SPI_Init) for HAL_SPI_Init
    main.o(i.MX_SPI3_Init) refers to main.o(.bss) for .bss
    main.o(i.SystemClock_Config) refers to memseta.o(.text) for __aeabi_memclr4
    main.o(i.SystemClock_Config) refers to stm32f1xx_hal_rcc.o(i.HAL_RCC_OscConfig) for HAL_RCC_OscConfig
    main.o(i.SystemClock_Config) refers to stm32f1xx_hal_rcc.o(i.HAL_RCC_ClockConfig) for HAL_RCC_ClockConfig
    main.o(i.SystemClock_Config) refers to stm32f1xx_hal_rcc_ex.o(i.HAL_RCCEx_PeriphCLKConfig) for HAL_RCCEx_PeriphCLKConfig
    main.o(i.main) refers to stm32f1xx_hal.o(i.HAL_Init) for HAL_Init
    main.o(i.main) refers to main.o(i.SystemClock_Config) for SystemClock_Config
    main.o(i.main) refers to main.o(i.MX_GPIO_Init) for MX_GPIO_Init
    main.o(i.main) refers to stm32f1xx_hal_cortex.o(i.HAL_NVIC_SetPriority) for HAL_NVIC_SetPriority
    main.o(i.main) refers to stm32f1xx_hal_cortex.o(i.HAL_NVIC_EnableIRQ) for HAL_NVIC_EnableIRQ
    main.o(i.main) refers to main.o(i.MX_ADC1_Init) for MX_ADC1_Init
    main.o(i.main) refers to stm32f1xx_hal_i2c.o(i.HAL_I2C_Init) for HAL_I2C_Init
    main.o(i.main) refers to main.o(i.MX_RTC_Init) for MX_RTC_Init
    main.o(i.main) refers to stm32f1xx_hal_tim.o(i.HAL_TIM_Base_Init) for HAL_TIM_Base_Init
    main.o(i.main) refers to stm32f1xx_hal_tim_ex.o(i.HAL_TIMEx_MasterConfigSynchronization) for HAL_TIMEx_MasterConfigSynchronization
    main.o(i.main) refers to fatfs.o(i.MX_FATFS_Init) for MX_FATFS_Init
[...]
    i.HAL_NVIC_EnableIRQ                     0x0800127c   Section        0  stm32f1xx_hal_cortex.o(i.HAL_NVIC_EnableIRQ)
    i.HAL_NVIC_SetPriority                   0x08001298   Section        0  stm32f1xx_hal_cortex.o(i.HAL_NVIC_SetPriority)
    i.HAL_NVIC_SetPriorityGrouping           0x080012d8   Section        0  stm32f1xx_hal_cortex.o(i.HAL_NVIC_SetPriorityGrouping)
    i.HAL_PWR_EnableBkUpAccess               0x080012fc   Section        0  stm32f1xx_hal_pwr.o(i.HAL_PWR_EnableBkUpAccess)
    i.HAL_RCCEx_GetPeriphCLKFreq             0x08001308   Section        0  stm32f1xx_hal_rcc_ex.o(i.HAL_RCCEx_GetPeriphCLKFreq)
    i.HAL_RCCEx_PeriphCLKConfig              0x080013dc   Section        0  stm32f1xx_hal_rcc_ex.o(i.HAL_RCCEx_PeriphCLKConfig)
    i.HAL_RCC_ClockConfig                    0x080014c8   Section        0  stm32f1xx_hal_rcc.o(i.HAL_RCC_ClockConfig)
    i.HAL_RCC_GetClockConfig                 0x080015f4   Section        0  stm32f1xx_hal_rcc.o(i.HAL_RCC_GetClockConfig)
    i.HAL_RCC_GetPCLK1Freq                   0x08001634   Section        0  stm32f1xx_hal_rcc.o(i.HAL_RCC_GetPCLK1Freq)
    i.HAL_RCC_GetPCLK2Freq                   0x08001654   Section        0  stm32f1xx_hal_rcc.o(i.HAL_RCC_GetPCLK2Freq)
    i.HAL_RCC_GetSysClockFreq                0x08001674   Section        0  stm32f1xx_hal_rcc.o(i.HAL_RCC_GetSysClockFreq)
    i.HAL_RCC_OscConfig                      0x080016e0   Section        0  stm32f1xx_hal_rcc.o(i.HAL_RCC_OscConfig)
    i.HAL_RTCEx_RTCEventCallback             0x08001a00   Section        0  stm32f1xx_hal_rtc_ex.o(i.HAL_RTCEx_RTCEventCallback)
    i.HAL_RTCEx_RTCEventErrorCallback        0x08001a02   Section        0  stm32f1xx_hal_rtc_ex.o(i.HAL_RTCEx_RTCEventErrorCallback)
    i.HAL_RTCEx_RTCIRQHandler                0x08001a04   Section        0  stm32f1xx_hal_rtc_ex.o(i.HAL_RTCEx_RTCIRQHandler)
    i.HAL_RTC_Init                           0x08001a40   Section        0  stm32f1xx_hal_rtc.o(i.HAL_RTC_Init)
    i.HAL_RTC_MspInit                        0x08001ae0   Section        0  stm32f1xx_hal_msp.o(i.HAL_RTC_MspInit)
    i.HAL_RTC_SetDate                        0x08001b14   Section        0  stm32f1xx_hal_rtc.o(i.HAL_RTC_SetDate)
    i.HAL_RTC_SetTime                        0x08001bd8   Section        0  stm32f1xx_hal_rtc.o(i.HAL_RTC_SetTime)
    i.HAL_RTC_WaitForSynchro                 0x08001c84   Section        0  stm32f1xx_hal_rtc.o(i.HAL_RTC_WaitForSynchro)
    i.HAL_SD_AbortCallback                   0x08001cbe   Section        0  bsp_driver_sd.o(i.HAL_SD_AbortCallback)
    i.HAL_SD_ConfigWideBusOperation          0x08001cc8   Section        0  stm32f1xx_hal_sd.o(i.HAL_SD_ConfigWideBusOperation)
    i.HAL_SD_ErrorCallback                   0x08001dbc   Section        0  stm32f1xx_hal_sd.o(i.HAL_SD_ErrorCallback)
    i.HAL_SD_GetCardCSD                      0x08001dc0   Section        0  stm32f1xx_hal_sd.o(i.HAL_SD_GetCardCSD)
    i.HAL_SD_GetCardInfo                     0x08001f58   Section        0  stm32f1xx_hal_sd.o(i.HAL_SD_GetCardInfo)
    i.HAL_SD_GetCardState                    0x08001f7c   Section        0  stm32f1xx_hal_sd.o(i.HAL_SD_GetCardState)
    i.HAL_SD_IRQHandler                      0x08001fa8   Section        0  stm32f1xx_hal_sd.o(i.HAL_SD_IRQHandler)
    i.HAL_SD_Init                            0x080021b0   Section        0  stm32f1xx_hal_sd.o(i.HAL_SD_Init)
    i.HAL_SD_InitCard                        0x080021e8   Section        0  stm32f1xx_hal_sd.o(i.HAL_SD_InitCard)
    i.HAL_SD_MspInit                         0x0800223c   Section        0  stm32f1xx_hal_msp.o(i.HAL_SD_MspInit)
    i.HAL_SD_ReadBlocks_DMA                  0x08002304   Section        0  stm32f1xx_hal_sd.o(i.HAL_SD_ReadBlocks_DMA)
    i.HAL_SD_RxCpltCallback                  0x08002434   Section        0  bsp_driver_sd.o(i.HAL_SD_RxCpltCallback)
    i.HAL_SD_TxCpltCallback                  0x0800243c   Section        0  bsp_driver_sd.o(i.HAL_SD_TxCpltCallback)
    i.HAL_SD_WriteBlocks                     0x08002444   Section        0  stm32f1xx_hal_sd.o(i.HAL_SD_WriteBlocks)
    i.HAL_SPI_ErrorCallback                  0x08002610   Section        0  stm32f1xx_hal_spi.o(i.HAL_SPI_ErrorCallback)
    i.HAL_SPI_GetState                       0x08002612   Section        0  stm32f1xx_hal_spi.o(i.HAL_SPI_GetState)
    i.HAL_SPI_IRQHandler                     0x08002618   Section        0  stm32f1xx_hal_spi.o(i.HAL_SPI_IRQHandler)
    i.HAL_SPI_Init                           0x080026f8   Section        0  stm32f1xx_hal_spi.o(i.HAL_SPI_Init)
    i.HAL_SPI_MspInit                        0x08002774   Section        0  stm32f1xx_hal_msp.o(i.HAL_SPI_MspInit)
    i.HAL_SPI_Transmit                       0x08002854   Section        0  stm32f1xx_hal_spi.o(i.HAL_SPI_Transmit)
    i.HAL_TIMEx_BreakCallback                0x080029b0   Section        0  stm32f1xx_hal_tim_ex.o(i.HAL_TIMEx_BreakCallback)
    i.HAL_TIMEx_CommutCallback               0x080029b2   Section        0  stm32f1xx_hal_tim_ex.o(i.HAL_TIMEx_CommutCallback)
    i.HAL_TIMEx_MasterConfigSynchronization  0x080029b4   Section        0  stm32f1xx_hal_tim_ex.o(i.HAL_TIMEx_MasterConfigSynchronization)
    i.HAL_TIM_Base_Init                      0x080029f6   Section        0  stm32f1xx_hal_tim.o(i.HAL_TIM_Base_Init)
    i.HAL_TIM_Base_MspInit                   0x08002a2c   Section        0  stm32f1xx_hal_msp.o(i.HAL_TIM_Base_MspInit)
    i.HAL_TIM_Base_Start_IT                  0x08002a68   Section        0  stm32f1xx_hal_tim.o(i.HAL_TIM_Base_Start_IT)
    i.HAL_TIM_IC_CaptureCallback             0x08002a8a   Section        0  stm32f1xx_hal_tim.o(i.HAL_TIM_IC_CaptureCallback)
    i.HAL_TIM_IRQHandler                     0x08002a8c   Section        0  stm32f1xx_hal_tim.o(i.HAL_TIM_IRQHandler)
    i.HAL_TIM_OC_DelayElapsedCallback        0x08002bf2   Section        0  stm32f1xx_hal_tim.o(i.HAL_TIM_OC_DelayElapsedCallback)
    i.HAL_TIM_PWM_PulseFinishedCallback      0x08002bf4   Section        0  stm32f1xx_hal_tim.o(i.HAL_TIM_PWM_PulseFinishedCallback)
    i.HAL_TIM_PeriodElapsedCallback          0x08002bf8   Section        0  main.o(i.HAL_TIM_PeriodElapsedCallback)
    i.HAL_TIM_TriggerCallback                0x08002c8c   Section        0  stm32f1xx_hal_tim.o(i.HAL_TIM_TriggerCallback)
    i.HardFault_Handler                      0x08002c8e   Section        0  stm32f1xx_it.o(i.HardFault_Handler)
    i.I2C2_ER_IRQHandler                     0x08002c90   Section        0  stm32f1xx_it.o(i.I2C2_ER_IRQHandler)
    i.I2C2_EV_IRQHandler                     0x08002c9c   Section        0  stm32f1xx_it.o(i.I2C2_EV_IRQHandler)
    i.I2C_DMAAbort                           0x08002ca8   Section        0  stm32f1xx_hal_i2c.o(i.I2C_DMAAbort)
    I2C_DMAAbort                             0x08002ca9   Thumb Code   126  stm32f1xx_hal_i2c.o(i.I2C_DMAAbort)
    i.I2C_ITError                            0x08002d28   Section        0  stm32f1xx_hal_i2c.o(i.I2C_ITError)
    I2C_ITError                              0x08002d29   Thumb Code   312  stm32f1xx_hal_i2c.o(i.I2C_ITError)
    i.I2C_MasterReceive_BTF                  0x08002e68   Section        0  stm32f1xx_hal_i2c.o(i.I2C_MasterReceive_BTF)
    I2C_MasterReceive_BTF                    0x08002e69   Thumb Code   210  stm32f1xx_hal_i2c.o(i.I2C_MasterReceive_BTF)
    i.I2C_MasterReceive_RXNE                 0x08002f3a   Section        0  stm32f1xx_hal_i2c.o(i.I2C_MasterReceive_RXNE)
    I2C_MasterReceive_RXNE                   0x08002f3b   Thumb Code   146  stm32f1xx_hal_i2c.o(i.I2C_MasterReceive_RXNE)
    i.I2C_MasterTransmit_BTF                 0x08002fcc   Section        0  stm32f1xx_hal_i2c.o(i.I2C_MasterTransmit_BTF)
    I2C_MasterTransmit_BTF                   0x08002fcd   Thumb Code   130  stm32f1xx_hal_i2c.o(i.I2C_MasterTransmit_BTF)
    i.I2C_MasterTransmit_TXE                 0x08003050   Section        0  stm32f1xx_hal_i2c.o(i.I2C_MasterTransmit_TXE)
    I2C_MasterTransmit_TXE                   0x08003051   Thumb Code   260  stm32f1xx_hal_i2c.o(i.I2C_MasterTransmit_TXE)
    i.I2C_Master_ADDR                        0x08003154   Section        0  stm32f1xx_hal_i2c.o(i.I2C_Master_ADDR)
    I2C_Master_ADDR                          0x08003155   Thumb Code   340  stm32f1xx_hal_i2c.o(i.I2C_Master_ADDR)
    i.I2C_Master_SB                          0x080032ac   Section        0  stm32f1xx_hal_i2c.o(i.I2C_Master_SB)
    I2C_Master_SB                            0x080032ad   Thumb Code   142  stm32f1xx_hal_i2c.o(i.I2C_Master_SB)
    i.I2C_Slave_AF                           0x0800333c   Section        0  stm32f1xx_hal_i2c.o(i.I2C_Slave_AF)
    I2C_Slave_AF                             0x0800333d   Thumb Code   126  stm32f1xx_hal_i2c.o(i.I2C_Slave_AF)
    i.I2C_Slave_STOPF                        0x080033c0   Section        0  stm32f1xx_hal_i2c.o(i.I2C_Slave_STOPF)
    I2C_Slave_STOPF                          0x080033c1   Thumb Code   338  stm32f1xx_hal_i2c.o(i.I2C_Slave_STOPF)
    i.MX_ADC1_Init                           0x0800351c   Section        0  main.o(i.MX_ADC1_Init)
    MX_ADC1_Init                             0x0800351d   Thumb Code    56  main.o(i.MX_ADC1_Init)
    i.MX_FATFS_Init                          0x0800355c   Section        0  fatfs.o(i.MX_FATFS_Init)
    i.MX_GPIO_Init                           0x08003578   Section        0  main.o(i.MX_GPIO_Init)
    MX_GPIO_Init                             0x08003579   Thumb Code   132  main.o(i.MX_GPIO_Init)
    i.MX_RTC_Init                            0x08003608   Section        0  main.o(i.MX_RTC_Init)
    MX_RTC_Init                              0x08003609   Thumb Code    92  main.o(i.MX_RTC_Init)
    i.MX_SPI3_Init                           0x0800366c   Section        0  main.o(i.MX_SPI3_Init)
    MX_SPI3_Init                             0x0800366d   Thumb Code    46  main.o(i.MX_SPI3_Init)
    i.MemManage_Handler                      0x080036a4   Section        0  stm32f1xx_it.o(i.MemManage_Handler)
    i.NMI_Handler                            0x080036a6   Section        0  stm32f1xx_it.o(i.NMI_Handler)
    i.PendSV_Handler                         0x080036a8   Section        0  stm32f1xx_it.o(i.PendSV_Handler)
    i.RTC_Bcd2ToByte                         0x080036aa   Section        0  stm32f1xx_hal_rtc.o(i.RTC_Bcd2ToByte)
    RTC_Bcd2ToByte                           0x080036ab   Thumb Code    18  stm32f1xx_hal_rtc.o(i.RTC_Bcd2ToByte)
    i.RTC_EnterInitMode                      0x080036bc   Section        0  stm32f1xx_hal_rtc.o(i.RTC_EnterInitMode)
    RTC_EnterInitMode                        0x080036bd   Thumb Code    52  stm32f1xx_hal_rtc.o(i.RTC_EnterInitMode)
    i.RTC_ExitInitMode                       0x080036f0   Section        0  stm32f1xx_hal_rtc.o(i.RTC_ExitInitMode)
    RTC_ExitInitMode                         0x080036f1   Thumb Code    54  stm32f1xx_hal_rtc.o(i.RTC_ExitInitMode)
    i.RTC_IRQHandler                         0x08003728   Section        0  stm32f1xx_it.o(i.RTC_IRQHandler)
    i.RTC_ReadAlarmCounter                   0x08003734   Section        0  stm32f1xx_hal_rtc.o(i.RTC_ReadAlarmCounter)
    RTC_ReadAlarmCounter                     0x08003735   Thumb Code    14  stm32f1xx_hal_rtc.o(i.RTC_ReadAlarmCounter)
    i.RTC_ReadTimeCounter                    0x08003742   Section        0  stm32f1xx_hal_rtc.o(i.RTC_ReadTimeCounter)
    RTC_ReadTimeCounter                      0x08003743   Thumb Code    32  stm32f1xx_hal_rtc.o(i.RTC_ReadTimeCounter)
    i.RTC_WeekDayNum                         0x08003762   Section        0  stm32f1xx_hal_rtc.o(i.RTC_WeekDayNum)
    RTC_WeekDayNum                           0x08003763   Thumb Code    86  stm32f1xx_hal_rtc.o(i.RTC_WeekDayNum)
    i.RTC_WriteAlarmCounter                  0x080037b8   Section        0  stm32f1xx_hal_rtc.o(i.RTC_WriteAlarmCounter)
    RTC_WriteAlarmCounter                    0x080037b9   Thumb Code    40  stm32f1xx_hal_rtc.o(i.RTC_WriteAlarmCounter)
    i.RTC_WriteTimeCounter                   0x080037e0   Section        0  stm32f1xx_hal_rtc.o(i.RTC_WriteTimeCounter)
    RTC_WriteTimeCounter                     0x080037e1   Thumb Code    40  stm32f1xx_hal_rtc.o(i.RTC_WriteTimeCounter)
    i.SDIO_ConfigData                        0x08003808   Section        0  stm32f1xx_ll_sdmmc.o(i.SDIO_ConfigData)
    i.SDIO_GetPowerState                     0x0800382c   Section        0  stm32f1xx_ll_sdmmc.o(i.SDIO_GetPowerState)
    i.SDIO_GetResponse                       0x08003834   Section        0  stm32f1xx_ll_sdmmc.o(i.SDIO_GetResponse)
    i.SDIO_IRQHandler                        0x0800383c   Section        0  stm32f1xx_it.o(i.SDIO_IRQHandler)
    i.SDIO_Init                              0x08003848   Section        0  stm32f1xx_ll_sdmmc.o(i.SDIO_Init)
    i.SDIO_PowerState_ON                     0x0800386c   Section        0  stm32f1xx_ll_sdmmc.o(i.SDIO_PowerState_ON)
    i.SDIO_ReadFIFO                          0x0800387c   Section        0  stm32f1xx_ll_sdmmc.o(i.SDIO_ReadFIFO)
    i.SDIO_SendCommand                       0x08003882   Section        0  stm32f1xx_ll_sdmmc.o(i.SDIO_SendCommand)
    i.SDIO_WriteFIFO                         0x080038a2   Section        0  stm32f1xx_ll_sdmmc.o(i.SDIO_WriteFIFO)
    i.SDMMC_CmdAppCommand                    0x080038ac   Section        0  stm32f1xx_ll_sdmmc.o(i.SDMMC_CmdAppCommand)
    i.SDMMC_CmdAppOperCommand                0x080038e0   Section        0  stm32f1xx_ll_sdmmc.o(i.SDMMC_CmdAppOperCommand)
    i.SDMMC_CmdBlockLength                   0x08003914   Section        0  stm32f1xx_ll_sdmmc.o(i.SDMMC_CmdBlockLength)
    i.SDMMC_CmdBusWidth                      0x08003946   Section        0  stm32f1xx_ll_sdmmc.o(i.SDMMC_CmdBusWidth)
    i.SDMMC_CmdGoIdleState                   0x08003978   Section        0  stm32f1xx_ll_sdmmc.o(i.SDMMC_CmdGoIdleState)
    i.SDMMC_CmdOperCond                      0x080039c8   Section        0  stm32f1xx_ll_sdmmc.o(i.SDMMC_CmdOperCond)
    i.SDMMC_CmdReadMultiBlock                0x08003a3c   Section        0  stm32f1xx_ll_sdmmc.o(i.SDMMC_CmdReadMultiBlock)
    i.SDMMC_CmdReadSingleBlock               0x08003a6e   Section        0  stm32f1xx_ll_sdmmc.o(i.SDMMC_CmdReadSingleBlock)
    i.SDMMC_CmdSelDesel                      0x08003aa0   Section        0  stm32f1xx_ll_sdmmc.o(i.SDMMC_CmdSelDesel)
    i.SDMMC_CmdSendCID                       0x08003ad2   Section        0  stm32f1xx_ll_sdmmc.o(i.SDMMC_CmdSendCID)
    i.SDMMC_CmdSendCSD                       0x08003afe   Section        0  stm32f1xx_ll_sdmmc.o(i.SDMMC_CmdSendCSD)
    i.SDMMC_CmdSendSCR                       0x08003b2a   Section        0  stm32f1xx_ll_sdmmc.o(i.SDMMC_CmdSendSCR)
    i.SDMMC_CmdSendStatus                    0x08003b5a   Section        0  stm32f1xx_ll_sdmmc.o(i.SDMMC_CmdSendStatus)
    i.SDMMC_CmdSetRelAdd                     0x08003b8c   Section        0  stm32f1xx_ll_sdmmc.o(i.SDMMC_CmdSetRelAdd)
    i.SDMMC_CmdStopTransfer                  0x08003bbc   Section        0  stm32f1xx_ll_sdmmc.o(i.SDMMC_CmdStopTransfer)
    i.SDMMC_CmdWriteMultiBlock               0x08003bf0   Section        0  stm32f1xx_ll_sdmmc.o(i.SDMMC_CmdWriteMultiBlock)
    i.SDMMC_CmdWriteSingleBlock              0x08003c22   Section        0  stm32f1xx_ll_sdmmc.o(i.SDMMC_CmdWriteSingleBlock)
    i.SDMMC_GetCmdResp1                      0x08003c54   Section        0  stm32f1xx_ll_sdmmc.o(i.SDMMC_GetCmdResp1)
    SDMMC_GetCmdResp1                        0x08003c55   Thumb Code   278  stm32f1xx_ll_sdmmc.o(i.SDMMC_GetCmdResp1)
    i.SDMMC_GetCmdResp2                      0x08003d74   Section        0  stm32f1xx_ll_sdmmc.o(i.SDMMC_GetCmdResp2)
    SDMMC_GetCmdResp2                        0x08003d75   Thumb Code    76  stm32f1xx_ll_sdmmc.o(i.SDMMC_GetCmdResp2)
    i.SDMMC_GetCmdResp3                      0x08003dc4   Section        0  stm32f1xx_ll_sdmmc.o(i.SDMMC_GetCmdResp3)
    SDMMC_GetCmdResp3                        0x08003dc5   Thumb Code    62  stm32f1xx_ll_sdmmc.o(i.SDMMC_GetCmdResp3)
    i.SDMMC_GetCmdResp6                      0x08003e08   Section        0  stm32f1xx_ll_sdmmc.o(i.SDMMC_GetCmdResp6)
    SDMMC_GetCmdResp6                        0x08003e09   Thumb Code   130  stm32f1xx_ll_sdmmc.o(i.SDMMC_GetCmdResp6)
    i.SD_DMAError                            0x08003e90   Section        0  stm32f1xx_hal_sd.o(i.SD_DMAError)
    SD_DMAError                              0x08003e91   Thumb Code    88  stm32f1xx_hal_sd.o(i.SD_DMAError)
    i.SD_DMAReceiveCplt                      0x08003eec   Section        0  stm32f1xx_hal_sd.o(i.SD_DMAReceiveCplt)
    SD_DMAReceiveCplt                        0x08003eed   Thumb Code    66  stm32f1xx_hal_sd.o(i.SD_DMAReceiveCplt)
    i.SD_DMARxAbort                          0x08003f2e   Section        0  stm32f1xx_hal_sd.o(i.SD_DMARxAbort)
    SD_DMARxAbort                            0x08003f2f   Thumb Code    68  stm32f1xx_hal_sd.o(i.SD_DMARxAbort)
    i.SD_DMATxAbort                          0x08003f72   Section        0  stm32f1xx_hal_sd.o(i.SD_DMATxAbort)
    SD_DMATxAbort                            0x08003f73   Thumb Code    68  stm32f1xx_hal_sd.o(i.SD_DMATxAbort)
    i.SD_FindSCR                             0x08003fb6   Section        0  stm32f1xx_hal_sd.o(i.SD_FindSCR)
    SD_FindSCR                               0x08003fb7   Thumb Code   212  stm32f1xx_hal_sd.o(i.SD_FindSCR)
    i.SD_InitCard                            0x0800408a   Section        0  stm32f1xx_hal_sd.o(i.SD_InitCard)
    SD_InitCard                              0x0800408b   Thumb Code   238  stm32f1xx_hal_sd.o(i.SD_InitCard)
    i.SD_PowerON                             0x08004178   Section        0  stm32f1xx_hal_sd.o(i.SD_PowerON)
    SD_PowerON                               0x08004179   Thumb Code   174  stm32f1xx_hal_sd.o(i.SD_PowerON)
    i.SD_initialize                          0x0800422c   Section        0  sd_diskio.o(i.SD_initialize)
    i.SD_ioctl                               0x0800424c   Section        0  sd_diskio.o(i.SD_ioctl)
    i.SD_read                                0x0800429c   Section        0  sd_diskio.o(i.SD_read)
    i.SD_status                              0x080042cc   Section        0  sd_diskio.o(i.SD_status)
    i.SD_write                               0x080042ec   Section        0  sd_diskio.o(i.SD_write)
    i.SPI3_IRQHandler                        0x08004328   Section        0  stm32f1xx_it.o(i.SPI3_IRQHandler)
    i.SPI_DMAAbortOnError                    0x08004334   Section        0  stm32f1xx_hal_spi.o(i.SPI_DMAAbortOnError)
    SPI_DMAAbortOnError                      0x08004335   Thumb Code    16  stm32f1xx_hal_spi.o(i.SPI_DMAAbortOnError)
    i.SPI_EndRxTxTransaction                 0x08004344   Section        0  stm32f1xx_hal_spi.o(i.SPI_EndRxTxTransaction)
    SPI_EndRxTxTransaction                   0x08004345   Thumb Code    32  stm32f1xx_hal_spi.o(i.SPI_EndRxTxTransaction)
    i.SPI_WaitFlagStateUntilTimeout          0x08004364   Section        0  stm32f1xx_hal_spi.o(i.SPI_WaitFlagStateUntilTimeout)
    SPI_WaitFlagStateUntilTimeout            0x08004365   Thumb Code   148  stm32f1xx_hal_spi.o(i.SPI_WaitFlagStateUntilTimeout)
    i.SPIx_Error                             0x080043f8   Section        0  hal_stm_lcd18.o(i.SPIx_Error)
    SPIx_Error                               0x080043f9   Thumb Code     8  hal_stm_lcd18.o(i.SPIx_Error)
    i.SPIx_Init                              0x08004404   Section        0  hal_stm_lcd18.o(i.SPIx_Init)
    SPIx_Init                                0x08004405   Thumb Code    72  hal_stm_lcd18.o(i.SPIx_Init)
    i.SPIx_Write                             0x08004454   Section        0  hal_stm_lcd18.o(i.SPIx_Write)
    SPIx_Write                               0x08004455   Thumb Code    24  hal_stm_lcd18.o(i.SPIx_Write)
    i.SPIx_WriteData                         0x08004470   Section        0  hal_stm_lcd18.o(i.SPIx_WriteData)
    i.SVC_Handler                            0x080044b4   Section        0  stm32f1xx_it.o(i.SVC_Handler)
    i.SystemClock_Config                     0x080044b8   Section        0  main.o(i.SystemClock_Config)
    i.SystemInit                             0x08004528   Section        0  system_stm32f1xx.o(i.SystemInit)
    i.TFT7735_CMD                            0x08004570   Section        0  hal_stm_lcd18.o(i.TFT7735_CMD)
    i.TFT7735_IO_Init                        0x080045a4   Section        0  hal_stm_lcd18.o(i.TFT7735_IO_Init)
    i.TFT7735_Init                           0x08004648   Section        0  hal_stm_lcd18.o(i.TFT7735_Init)
    i.TFT7735_Position                       0x08004720   Section        0  hal_stm_lcd18.o(i.TFT7735_Position)
    i.TFT7735_WDATA                          0x0800477c   Section        0  hal_stm_lcd18.o(i.TFT7735_WDATA)
    i.TFT7735_WREG                           0x080047e8   Section        0  hal_stm_lcd18.o(i.TFT7735_WREG)
    i.TIM6_IRQHandler                        0x080047f8   Section        0  stm32f1xx_it.o(i.TIM6_IRQHandler)
    i.TIM7_IRQHandler                        0x08004804   Section        0  stm32f1xx_it.o(i.TIM7_IRQHandler)
    i.TIM_Base_SetConfig                     0x08004810   Section        0  stm32f1xx_hal_tim.o(i.TIM_Base_SetConfig)
    i.UsageFault_Handler                     0x0800489c   Section        0  stm32f1xx_it.o(i.UsageFault_Handler)
    i.__NVIC_SetPriority                     0x0800489e   Section        0  stm32f1xx_hal_cortex.o(i.__NVIC_SetPriority)
    __NVIC_SetPriority                       0x0800489f   Thumb Code    32  stm32f1xx_hal_cortex.o(i.__NVIC_SetPriority)
    i.__scatterload_copy                     0x080048be   Section       14  handlers.o(i.__scatterload_copy)
    i.__scatterload_null                     0x080048cc   Section        2  handlers.o(i.__scatterload_null)
    i.__scatterload_zeroinit                 0x080048ce   Section       14  handlers.o(i.__scatterload_zeroinit)
    i.check_fs                               0x080048dc   Section        0  ff.o(i.check_fs)
    check_fs                                 0x080048dd   Thumb Code    90  ff.o(i.check_fs)
    i.chk_lock                               0x0800493c   Section        0  ff.o(i.chk_lock)
    chk_lock                                 0x0800493d   Thumb Code   102  ff.o(i.chk_lock)
    i.clear_lock                             0x080049a8   Section        0  ff.o(i.clear_lock)
    clear_lock                               0x080049a9   Thumb Code    32  ff.o(i.clear_lock)
    i.clmt_clust                             0x080049cc   Section        0  ff.o(i.clmt_clust)
    clmt_clust                               0x080049cd   Thumb Code    42  ff.o(i.clmt_clust)
    i.clust2sect                             0x080049f6   Section        0  ff.o(i.clust2sect)
    i.create_chain                           0x08004a14   Section        0  ff.o(i.create_chain)
    create_chain                             0x08004a15   Thumb Code   176  ff.o(i.create_chain)
    i.create_name                            0x08004ac4   Section        0  ff.o(i.create_name)
    create_name                              0x08004ac5   Thumb Code   234  ff.o(i.create_name)
    i.dec_lock                               0x08004bc4   Section        0  ff.o(i.dec_lock)
    dec_lock                                 0x08004bc5   Thumb Code    54  ff.o(i.dec_lock)
    i.dir_next                               0x08004c00   Section        0  ff.o(i.dir_next)
    dir_next                                 0x08004c01   Thumb Code   286  ff.o(i.dir_next)
    i.dir_register                           0x08004d1e   Section        0  ff.o(i.dir_register)
    dir_register                             0x08004d1f   Thumb Code   118  ff.o(i.dir_register)
    i.dir_sdi                                0x08004d94   Section        0  ff.o(i.dir_sdi)
    dir_sdi                                  0x08004d95   Thumb Code   152  ff.o(i.dir_sdi)
    i.disk_initialize                        0x08004e2c   Section        0  diskio.o(i.disk_initialize)
    i.disk_ioctl                             0x08004e54   Section        0  diskio.o(i.disk_ioctl)
    i.disk_read                              0x08004e70   Section        0  diskio.o(i.disk_read)
    i.disk_status                            0x08004e8c   Section        0  diskio.o(i.disk_status)
    i.disk_write                             0x08004ea4   Section        0  diskio.o(i.disk_write)
    i.f_close                                0x08004ec0   Section        0  ff.o(i.f_close)
    i.f_closedir                             0x08004eea   Section        0  ff.o(i.f_closedir)
    i.f_mount                                0x08004f10   Section        0  ff.o(i.f_mount)
    i.f_open                                 0x08004f6c   Section        0  ff.o(i.f_open)
    i.f_opendir                              0x0800510c   Section        0  ff.o(i.f_opendir)
    i.f_read                                 0x080051a0   Section        0  ff.o(i.f_read)
    i.f_sync                                 0x0800532c   Section        0  ff.o(i.f_sync)
    i.find_volume                            0x080053e4   Section        0  ff.o(i.find_volume)
    find_volume                              0x080053e5   Thumb Code   588  ff.o(i.find_volume)
    i.follow_path                            0x0800563c   Section        0  ff.o(i.follow_path)
    follow_path                              0x0800563d   Thumb Code   192  ff.o(i.follow_path)
    i.get_fat                                0x080056fc   Section        0  ff.o(i.get_fat)
    i.get_fattime                            0x080057be   Section        0  fatfs.o(i.get_fattime)
    i.get_ldnumber                           0x080057c2   Section        0  ff.o(i.get_ldnumber)
    get_ldnumber                             0x080057c3   Thumb Code    60  ff.o(i.get_ldnumber)
    i.inc_lock                               0x08005800   Section        0  ff.o(i.inc_lock)
    inc_lock                                 0x08005801   Thumb Code   154  ff.o(i.inc_lock)
    i.ld_clust                               0x080058a0   Section        0  ff.o(i.ld_clust)
    ld_clust                                 0x080058a1   Thumb Code    20  ff.o(i.ld_clust)
    i.main                                   0x080058b4   Section        0  main.o(i.main)
    i.mem_cpy                                0x08005a88   Section        0  ff.o(i.mem_cpy)
    mem_cpy                                  0x08005a89   Thumb Code    18  ff.o(i.mem_cpy)
    i.mem_set                                0x08005a9a   Section        0  ff.o(i.mem_set)
    mem_set                                  0x08005a9b   Thumb Code    14  ff.o(i.mem_set)
    i.move_window                            0x08005aa8   Section        0  ff.o(i.move_window)
    move_window                              0x08005aa9   Thumb Code    54  ff.o(i.move_window)
    i.put_fat                                0x08005ade   Section        0  ff.o(i.put_fat)
    i.remove_chain                           0x08005bd6   Section        0  ff.o(i.remove_chain)
    remove_chain                             0x08005bd7   Thumb Code   110  ff.o(i.remove_chain)
    i.st_clust                               0x08005c44   Section        0  ff.o(i.st_clust)
    st_clust                                 0x08005c45   Thumb Code    16  ff.o(i.st_clust)
    i.sync_fs                                0x08005c54   Section        0  ff.o(i.sync_fs)
    sync_fs                                  0x08005c55   Thumb Code   182  ff.o(i.sync_fs)
    i.sync_window                            0x08005d0a   Section        0  ff.o(i.sync_window)
    sync_window                              0x08005d0b   Thumb Code    96  ff.o(i.sync_window)
    i.validate                               0x08005d6a   Section        0  ff.o(i.validate)
    validate                                 0x08005d6b   Thumb Code    44  ff.o(i.validate)
    .constdata                               0x08005d96   Section       16  system_stm32f1xx.o(.constdata)
    .constdata                               0x08005da6   Section        8  system_stm32f1xx.o(.constdata)
    .constdata                               0x08005dae   Section      172  ff.o(.constdata)
    ExCvt                                    0x08005dae   Data         128  ff.o(.constdata)
    vst                                      0x08005e2e   Data          22  ff.o(.constdata)
    cst                                      0x08005e44   Data          22  ff.o(.constdata)
    .constdata                               0x08005e5c   Section       20  sd_diskio.o(.constdata)
    .data                                    0x20000000   Section       18  main.o(.data)
    f                                        0x20000000   Data           1  main.o(.data)
    ff                                       0x20000001   Data           1  main.o(.data)
    t2                                       0x20000002   Data           2  main.o(.data)
    tmp1                                     0x20000004   Data           4  main.o(.data)
    .data                                    0x20000012   Section        5  fatfs.o(.data)
    .data                                    0x20000018   Section        4  hal_stm_lcd18.o(.data)
    Position                                 0x2000001a   Data           2  hal_stm_lcd18.o(.data)
    .data                                    0x2000001c   Section       12  stm32f1xx_hal.o(.data)
    .data                                    0x20000028   Section        4  system_stm32f1xx.o(.data)
    .data                                    0x2000002c   Section        8  ff.o(.data)
    Fsid                                     0x2000002c   Data           2  ff.o(.data)
    FatFs                                    0x20000030   Data           4  ff.o(.data)
    .data                                    0x20000034   Section        1  sd_diskio.o(.data)
    Stat                                     0x20000034   Data           1  sd_diskio.o(.data)
    .bss                                     0x20000038   Section      692  main.o(.bss)
    .bss                                     0x200002ec   Section       68  main.o(.bss)
    .bss                                     0x20000330   Section       68  main.o(.bss)
    .bss                                     0x20000374   Section       68  main.o(.bss)
    .bss                                     0x200003b8   Section       64  stm32f1xx_hal_timebase_tim.o(.bss)
    .bss                                     0x200003f8   Section       24  ff.o(.bss)
    Files                                    0x200003f8   Data          24  ff.o(.bss)
    .bss                                     0x20000410   Section       12  ff_gen_drv.o(.bss)
    STACK                                    0x20000420   Section    12288  startup_stm32f103xe.o(STACK)

    Global Symbols

    Symbol Name                              Value     Ov Type        Size  Object(Section)

    BuildAttributes$$THM_ISAv4$P$D$K$B$S$PE$A:L22UL41UL21$X:L11$S22US41US21$IEEE1$IW$USESV6$~STKCKD$USESV7$~SHL$OTIME$ROPI$EBA8$MICROLIB$REQ8$PRES8$EABIv2 0x00000000   Number         0  anon$$obj.o ABSOLUTE
    __ARM_use_no_argv                        0x00000000   Number         0  main.o ABSOLUTE
    __cpp_initialize__aeabi_                  - Undefined Weak Reference
    __cxa_finalize                            - Undefined Weak Reference
    __decompress                              - Undefined Weak Reference
    _clock_init                               - Undefined Weak Reference
    _microlib_exit                            - Undefined Weak Reference
    __Vectors_Size                           0x00000130   Number         0  startup_stm32f103xe.o ABSOLUTE
    __Vectors                                0x08000000   Data           4  startup_stm32f103xe.o(RESET)
    __Vectors_End                            0x08000130   Data           0  startup_stm32f103xe.o(RESET)
    __main                                   0x08000131   Thumb Code     0  entry.o(.ARM.Collect$$$$00000000)
    _main_stk                                0x08000131   Thumb Code     0  entry2.o(.ARM.Collect$$$$00000001)
    _main_scatterload                        0x08000135   Thumb Code     0  entry5.o(.ARM.Collect$$$$00000004)
    __main_after_scatterload                 0x08000139   Thumb Code     0  entry5.o(.ARM.Collect$$$$00000004)
    _main_clock                              0x08000139   Thumb Code     0  entry7b.o(.ARM.Collect$$$$00000008)
    _main_cpp_init                           0x08000139   Thumb Code     0  entry8b.o(.ARM.Collect$$$$0000000A)
    _main_init                               0x08000139   Thumb Code     0  entry9a.o(.ARM.Collect$$$$0000000B)
    __rt_final_cpp                           0x08000141   Thumb Code     0  entry10a.o(.ARM.Collect$$$$0000000D)
    __rt_final_exit                          0x08000141   Thumb Code     0  entry11a.o(.ARM.Collect$$$$0000000F)
    Reset_Handler                            0x08000145   Thumb Code     8  startup_stm32f103xe.o(.text)
    SysTick_Handler                          0x0800015d   Thumb Code     2  startup_stm32f103xe.o(.text)
    ADC1_2_IRQHandler                        0x0800015f   Thumb Code     0  startup_stm32f103xe.o(.text)
    ADC3_IRQHandler                          0x0800015f   Thumb Code     0  startup_stm32f103xe.o(.text)
    CAN1_RX1_IRQHandler                      0x0800015f   Thumb Code     0  startup_stm32f103xe.o(.text)
    CAN1_SCE_IRQHandler                      0x0800015f   Thumb Code     0  startup_stm32f103xe.o(.text)
    DMA1_Channel1_IRQHandler                 0x0800015f   Thumb Code     0  startup_stm32f103xe.o(.text)
    DMA1_Channel2_IRQHandler                 0x0800015f   Thumb Code     0  startup_stm32f103xe.o(.text)
    DMA1_Channel3_IRQHandler                 0x0800015f   Thumb Code     0  startup_stm32f103xe.o(.text)
    DMA1_Channel4_IRQHandler                 0x0800015f   Thumb Code     0  startup_stm32f103xe.o(.text)
    DMA1_Channel5_IRQHandler                 0x0800015f   Thumb Code     0  startup_stm32f103xe.o(.text)
    DMA1_Channel6_IRQHandler                 0x0800015f   Thumb Code     0  startup_stm32f103xe.o(.text)
    DMA1_Channel7_IRQHandler                 0x0800015f   Thumb Code     0  startup_stm32f103xe.o(.text)
    DMA2_Channel3_IRQHandler                 0x0800015f   Thumb Code     0  startup_stm32f103xe.o(.text)
    EXTI0_IRQHandler                         0x0800015f   Thumb Code     0  startup_stm32f103xe.o(.text)
    EXTI15_10_IRQHandler                     0x0800015f   Thumb Code     0  startup_stm32f103xe.o(.text)
    EXTI1_IRQHandler                         0x0800015f   Thumb Code     0  startup_stm32f103xe.o(.text)
    EXTI2_IRQHandler                         0x0800015f   Thumb Code     0  startup_stm32f103xe.o(.text)
    EXTI3_IRQHandler                         0x0800015f   Thumb Code     0  startup_stm32f103xe.o(.text)
    EXTI4_IRQHandler                         0x0800015f   Thumb Code     0  startup_stm32f103xe.o(.text)
    EXTI9_5_IRQHandler                       0x0800015f   Thumb Code     0  startup_stm32f103xe.o(.text)
    FLASH_IRQHandler                         0x0800015f   Thumb Code     0  startup_stm32f103xe.o(.text)
    FSMC_IRQHandler                          0x0800015f   Thumb Code     0  startup_stm32f103xe.o(.text)
    I2C1_ER_IRQHandler                       0x0800015f   Thumb Code     0  startup_stm32f103xe.o(.text)
    I2C1_EV_IRQHandler                       0x0800015f   Thumb Code     0  startup_stm32f103xe.o(.text)
    PVD_IRQHandler                           0x0800015f   Thumb Code     0  startup_stm32f103xe.o(.text)
    RCC_IRQHandler                           0x0800015f   Thumb Code     0  startup_stm32f103xe.o(.text)
    RTC_Alarm_IRQHandler                     0x0800015f   Thumb Code     0  startup_stm32f103xe.o(.text)
    SPI1_IRQHandler                          0x0800015f   Thumb Code     0  startup_stm32f103xe.o(.text)
    SPI2_IRQHandler                          0x0800015f   Thumb Code     0  startup_stm32f103xe.o(.text)
    TAMPER_IRQHandler                        0x0800015f   Thumb Code     0  startup_stm32f103xe.o(.text)
    TIM1_BRK_IRQHandler                      0x0800015f   Thumb Code     0  startup_stm32f103xe.o(.text)
    TIM1_CC_IRQHandler                       0x0800015f   Thumb Code     0  startup_stm32f103xe.o(.text)
    TIM1_TRG_COM_IRQHandler                  0x0800015f   Thumb Code     0  startup_stm32f103xe.o(.text)
    TIM1_UP_IRQHandler                       0x0800015f   Thumb Code     0  startup_stm32f103xe.o(.text)
    TIM2_IRQHandler                          0x0800015f   Thumb Code     0  startup_stm32f103xe.o(.text)
    TIM3_IRQHandler                          0x0800015f   Thumb Code     0  startup_stm32f103xe.o(.text)
    TIM4_IRQHandler                          0x0800015f   Thumb Code     0  startup_stm32f103xe.o(.text)
    TIM5_IRQHandler                          0x0800015f   Thumb Code     0  startup_stm32f103xe.o(.text)
    TIM8_BRK_IRQHandler                      0x0800015f   Thumb Code     0  startup_stm32f103xe.o(.text)
    TIM8_CC_IRQHandler                       0x0800015f   Thumb Code     0  startup_stm32f103xe.o(.text)
    TIM8_TRG_COM_IRQHandler                  0x0800015f   Thumb Code     0  startup_stm32f103xe.o(.text)
    TIM8_UP_IRQHandler                       0x0800015f   Thumb Code     0  startup_stm32f103xe.o(.text)
    UART4_IRQHandler                         0x0800015f   Thumb Code     0  startup_stm32f103xe.o(.text)
    UART5_IRQHandler                         0x0800015f   Thumb Code     0  startup_stm32f103xe.o(.text)
    USART1_IRQHandler                        0x0800015f   Thumb Code     0  startup_stm32f103xe.o(.text)
    USART2_IRQHandler                        0x0800015f   Thumb Code     0  startup_stm32f103xe.o(.text)
    USART3_IRQHandler                        0x0800015f   Thumb Code     0  startup_stm32f103xe.o(.text)
    USBWakeUp_IRQHandler                     0x0800015f   Thumb Code     0  startup_stm32f103xe.o(.text)
    USB_HP_CAN1_TX_IRQHandler                0x0800015f   Thumb Code     0  startup_stm32f103xe.o(.text)
    USB_LP_CAN1_RX0_IRQHandler               0x0800015f   Thumb Code     0  startup_stm32f103xe.o(.text)
    WWDG_IRQHandler                          0x0800015f   Thumb Code     0  startup_stm32f103xe.o(.text)
    __aeabi_memset                           0x08000169   Thumb Code    14  memseta.o(.text)
    __aeabi_memset4                          0x08000169   Thumb Code     0  memseta.o(.text)
    __aeabi_memset8                          0x08000169   Thumb Code     0  memseta.o(.text)
    __aeabi_memclr                           0x08000177   Thumb Code     4  memseta.o(.text)
    __aeabi_memclr4                          0x08000177   Thumb Code     0  memseta.o(.text)
    __aeabi_memclr8                          0x08000177   Thumb Code     0  memseta.o(.text)
    _memset$wrapper                          0x0800017b   Thumb Code    18  memseta.o(.text)
    __scatterload                            0x0800018d   Thumb Code    28  init.o(.text)
    __scatterload_rt2                        0x0800018d   Thumb Code     0  init.o(.text)
    ADC_ConversionStop_Disable               0x080001b1   Thumb Code    76  stm32f1xx_hal_adc.o(i.ADC_ConversionStop_Disable)
    BSP_PlatformIsDetected                   0x080001fd   Thumb Code    20  fatfs_platform.o(i.BSP_PlatformIsDetected)
    BSP_SD_AbortCallback                     0x08000215   Thumb Code     2  bsp_driver_sd.o(i.BSP_SD_AbortCallback)
    BSP_SD_GetCardInfo                       0x08000219   Thumb Code     8  bsp_driver_sd.o(i.BSP_SD_GetCardInfo)
    BSP_SD_GetCardState                      0x08000225   Thumb Code    20  bsp_driver_sd.o(i.BSP_SD_GetCardState)
    BSP_SD_Init                              0x0800023d   Thumb Code    42  bsp_driver_sd.o(i.BSP_SD_Init)
    BSP_SD_IsDetected                        0x0800026d   Thumb Code    26  bsp_driver_sd.o(i.BSP_SD_IsDetected)
    BSP_SD_ReadBlocks_DMA                    0x08000289   Thumb Code    24  bsp_driver_sd.o(i.BSP_SD_ReadBlocks_DMA)
    BSP_SD_ReadCpltCallback                  0x080002a5   Thumb Code     2  main.o(i.BSP_SD_ReadCpltCallback)
    BSP_SD_WriteBlocks                       0x080002a9   Thumb Code    26  bsp_driver_sd.o(i.BSP_SD_WriteBlocks)
    BSP_SD_WriteCpltCallback                 0x080002c9   Thumb Code     2  bsp_driver_sd.o(i.BSP_SD_WriteCpltCallback)
    BusFault_Handler                         0x080002cb   Thumb Code     2  stm32f1xx_it.o(i.BusFault_Handler)
    DMA2_Channel1_IRQHandler                 0x080002cd   Thumb Code     6  stm32f1xx_it.o(i.DMA2_Channel1_IRQHandler)
    DMA2_Channel2_IRQHandler                 0x080002d9   Thumb Code     6  stm32f1xx_it.o(i.DMA2_Channel2_IRQHandler)
    DMA2_Channel4_5_IRQHandler               0x080002e5   Thumb Code     6  stm32f1xx_it.o(i.DMA2_Channel4_5_IRQHandler)
    DebugMon_Handler                         0x0800031b   Thumb Code     2  stm32f1xx_it.o(i.DebugMon_Handler)
    Error_Handler                            0x0800031d   Thumb Code     2  main.o(i.Error_Handler)
    FATFS_LinkDriver                         0x0800031f   Thumb Code     6  ff_gen_drv.o(i.FATFS_LinkDriver)
    FATFS_LinkDriverEx                       0x08000325   Thumb Code    60  ff_gen_drv.o(i.FATFS_LinkDriverEx)
    HAL_ADC_ConfigChannel                    0x08000365   Thumb Code   240  stm32f1xx_hal_adc.o(i.HAL_ADC_ConfigChannel)
    HAL_ADC_Init                             0x08000461   Thumb Code   272  stm32f1xx_hal_adc.o(i.HAL_ADC_Init)
    HAL_ADC_MspInit                          0x08000581   Thumb Code    76  stm32f1xx_hal_msp.o(i.HAL_ADC_MspInit)
    HAL_DMA_Abort_IT                         0x080005d9   Thumb Code   296  stm32f1xx_hal_dma.o(i.HAL_DMA_Abort_IT)
    HAL_DMA_GetState                         0x08000709   Thumb Code     6  stm32f1xx_hal_dma.o(i.HAL_DMA_GetState)
    HAL_DMA_IRQHandler                       0x08000711   Thumb Code   552  stm32f1xx_hal_dma.o(i.HAL_DMA_IRQHandler)
    HAL_DMA_Init                             0x08000959   Thumb Code   112  stm32f1xx_hal_dma.o(i.HAL_DMA_Init)
    HAL_DMA_Start_IT                         0x080009d5   Thumb Code   112  stm32f1xx_hal_dma.o(i.HAL_DMA_Start_IT)
    HAL_Delay                                0x08000a45   Thumb Code    32  stm32f1xx_hal.o(i.HAL_Delay)
    HAL_GPIO_Init                            0x08000a69   Thumb Code   462  stm32f1xx_hal_gpio.o(i.HAL_GPIO_Init)
    HAL_GPIO_ReadPin                         0x08000c61   Thumb Code    10  stm32f1xx_hal_gpio.o(i.HAL_GPIO_ReadPin)
    HAL_GPIO_TogglePin                       0x08000c6b   Thumb Code    14  stm32f1xx_hal_gpio.o(i.HAL_GPIO_TogglePin)
    HAL_GPIO_WritePin                        0x08000c79   Thumb Code    10  stm32f1xx_hal_gpio.o(i.HAL_GPIO_WritePin)
    HAL_GetTick                              0x08000c85   Thumb Code     6  stm32f1xx_hal.o(i.HAL_GetTick)
    HAL_I2C_AbortCpltCallback                0x08000c91   Thumb Code     2  stm32f1xx_hal_i2c.o(i.HAL_I2C_AbortCpltCallback)
    HAL_I2C_AddrCallback                     0x08000c93   Thumb Code     2  stm32f1xx_hal_i2c.o(i.HAL_I2C_AddrCallback)
    HAL_I2C_ER_IRQHandler                    0x08000c95   Thumb Code   196  stm32f1xx_hal_i2c.o(i.HAL_I2C_ER_IRQHandler)
    HAL_I2C_EV_IRQHandler                    0x08000d59   Thumb Code   602  stm32f1xx_hal_i2c.o(i.HAL_I2C_EV_IRQHandler)
    HAL_I2C_ErrorCallback                    0x08000fb3   Thumb Code     2  stm32f1xx_hal_i2c.o(i.HAL_I2C_ErrorCallback)
    HAL_I2C_Init                             0x08000fb5   Thumb Code   356  stm32f1xx_hal_i2c.o(i.HAL_I2C_Init)
    HAL_I2C_ListenCpltCallback               0x08001129   Thumb Code     2  stm32f1xx_hal_i2c.o(i.HAL_I2C_ListenCpltCallback)
    HAL_I2C_MasterRxCpltCallback             0x0800112b   Thumb Code     2  stm32f1xx_hal_i2c.o(i.HAL_I2C_MasterRxCpltCallback)
    HAL_I2C_MasterTxCpltCallback             0x0800112d   Thumb Code     2  stm32f1xx_hal_i2c.o(i.HAL_I2C_MasterTxCpltCallback)
    HAL_I2C_MemRxCpltCallback                0x0800112f   Thumb Code     2  stm32f1xx_hal_i2c.o(i.HAL_I2C_MemRxCpltCallback)
    HAL_I2C_MemTxCpltCallback                0x08001131   Thumb Code     2  stm32f1xx_hal_i2c.o(i.HAL_I2C_MemTxCpltCallback)
    HAL_I2C_MspInit                          0x08001135   Thumb Code    82  stm32f1xx_hal_msp.o(i.HAL_I2C_MspInit)
    HAL_I2C_SlaveRxCpltCallback              0x08001195   Thumb Code     2  stm32f1xx_hal_i2c.o(i.HAL_I2C_SlaveRxCpltCallback)
    HAL_I2C_SlaveTxCpltCallback              0x08001197   Thumb Code     2  stm32f1xx_hal_i2c.o(i.HAL_I2C_SlaveTxCpltCallback)
    HAL_IncTick                              0x08001199   Thumb Code    12  stm32f1xx_hal.o(i.HAL_IncTick)
    HAL_Init                                 0x080011a9   Thumb Code    32  stm32f1xx_hal.o(i.HAL_Init)
    HAL_InitTick                             0x080011cd   Thumb Code   100  stm32f1xx_hal_timebase_tim.o(i.HAL_InitTick)
    HAL_MspInit                              0x08001241   Thumb Code    52  stm32f1xx_hal_msp.o(i.HAL_MspInit)
    HAL_NVIC_EnableIRQ                       0x0800127d   Thumb Code    26  stm32f1xx_hal_cortex.o(i.HAL_NVIC_EnableIRQ)
    HAL_NVIC_SetPriority                     0x08001299   Thumb Code    60  stm32f1xx_hal_cortex.o(i.HAL_NVIC_SetPriority)
    HAL_NVIC_SetPriorityGrouping             0x080012d9   Thumb Code    26  stm32f1xx_hal_cortex.o(i.HAL_NVIC_SetPriorityGrouping)
    HAL_PWR_EnableBkUpAccess                 0x080012fd   Thumb Code     8  stm32f1xx_hal_pwr.o(i.HAL_PWR_EnableBkUpAccess)
    HAL_RCCEx_GetPeriphCLKFreq               0x08001309   Thumb Code   180  stm32f1xx_hal_rcc_ex.o(i.HAL_RCCEx_GetPeriphCLKFreq)
    HAL_RCCEx_PeriphCLKConfig                0x080013dd   Thumb Code   224  stm32f1xx_hal_rcc_ex.o(i.HAL_RCCEx_PeriphCLKConfig)
    HAL_RCC_ClockConfig                      0x080014c9   Thumb Code   280  stm32f1xx_hal_rcc.o(i.HAL_RCC_ClockConfig)
    HAL_RCC_GetClockConfig                   0x080015f5   Thumb Code    54  stm32f1xx_hal_rcc.o(i.HAL_RCC_GetClockConfig)
    HAL_RCC_GetPCLK1Freq                     0x08001635   Thumb Code    20  stm32f1xx_hal_rcc.o(i.HAL_RCC_GetPCLK1Freq)
    HAL_RCC_GetPCLK2Freq                     0x08001655   Thumb Code    20  stm32f1xx_hal_rcc.o(i.HAL_RCC_GetPCLK2Freq)
    HAL_RCC_GetSysClockFreq                  0x08001675   Thumb Code    74  stm32f1xx_hal_rcc.o(i.HAL_RCC_GetSysClockFreq)
    HAL_RCC_OscConfig                        0x080016e1   Thumb Code   778  stm32f1xx_hal_rcc.o(i.HAL_RCC_OscConfig)
    HAL_RTCEx_RTCEventCallback               0x08001a01   Thumb Code     2  stm32f1xx_hal_rtc_ex.o(i.HAL_RTCEx_RTCEventCallback)
    HAL_RTCEx_RTCEventErrorCallback          0x08001a03   Thumb Code     2  stm32f1xx_hal_rtc_ex.o(i.HAL_RTCEx_RTCEventErrorCallback)
    HAL_RTCEx_RTCIRQHandler                  0x08001a05   Thumb Code    60  stm32f1xx_hal_rtc_ex.o(i.HAL_RTCEx_RTCIRQHandler)
    HAL_RTC_Init                             0x08001a41   Thumb Code   154  stm32f1xx_hal_rtc.o(i.HAL_RTC_Init)
    HAL_RTC_MspInit                          0x08001ae1   Thumb Code    40  stm32f1xx_hal_msp.o(i.HAL_RTC_MspInit)
    HAL_RTC_SetDate                          0x08001b15   Thumb Code   192  stm32f1xx_hal_rtc.o(i.HAL_RTC_SetDate)
    HAL_RTC_SetTime                          0x08001bd9   Thumb Code   168  stm32f1xx_hal_rtc.o(i.HAL_RTC_SetTime)
    HAL_RTC_WaitForSynchro                   0x08001c85   Thumb Code    58  stm32f1xx_hal_rtc.o(i.HAL_RTC_WaitForSynchro)
    HAL_SD_AbortCallback                     0x08001cbf   Thumb Code     8  bsp_driver_sd.o(i.HAL_SD_AbortCallback)
    HAL_SD_ConfigWideBusOperation            0x08001cc9   Thumb Code   238  stm32f1xx_hal_sd.o(i.HAL_SD_ConfigWideBusOperation)
    HAL_SD_ErrorCallback                     0x08001dbd   Thumb Code     2  stm32f1xx_hal_sd.o(i.HAL_SD_ErrorCallback)
    HAL_SD_GetCardCSD                        0x08001dc1   Thumb Code   402  stm32f1xx_hal_sd.o(i.HAL_SD_GetCardCSD)
    HAL_SD_GetCardInfo                       0x08001f59   Thumb Code    36  stm32f1xx_hal_sd.o(i.HAL_SD_GetCardInfo)
    HAL_SD_GetCardState                      0x08001f7d   Thumb Code    44  stm32f1xx_hal_sd.o(i.HAL_SD_GetCardState)
    HAL_SD_IRQHandler                        0x08001fa9   Thumb Code   512  stm32f1xx_hal_sd.o(i.HAL_SD_IRQHandler)
    HAL_SD_Init                              0x080021b1   Thumb Code    54  stm32f1xx_hal_sd.o(i.HAL_SD_Init)
    HAL_SD_InitCard                          0x080021e9   Thumb Code    78  stm32f1xx_hal_sd.o(i.HAL_SD_InitCard)
    HAL_SD_MspInit                           0x0800223d   Thumb Code   176  stm32f1xx_hal_msp.o(i.HAL_SD_MspInit)
    HAL_SD_ReadBlocks_DMA                    0x08002305   Thumb Code   288  stm32f1xx_hal_sd.o(i.HAL_SD_ReadBlocks_DMA)
    HAL_SD_RxCpltCallback                    0x08002435   Thumb Code     8  bsp_driver_sd.o(i.HAL_SD_RxCpltCallback)
    HAL_SD_TxCpltCallback                    0x0800243d   Thumb Code     8  bsp_driver_sd.o(i.HAL_SD_TxCpltCallback)
    HAL_SD_WriteBlocks                       0x08002445   Thumb Code   454  stm32f1xx_hal_sd.o(i.HAL_SD_WriteBlocks)
    HAL_SPI_ErrorCallback                    0x08002611   Thumb Code     2  stm32f1xx_hal_spi.o(i.HAL_SPI_ErrorCallback)
    HAL_SPI_GetState                         0x08002613   Thumb Code     6  stm32f1xx_hal_spi.o(i.HAL_SPI_GetState)
    HAL_SPI_IRQHandler                       0x08002619   Thumb Code   220  stm32f1xx_hal_spi.o(i.HAL_SPI_IRQHandler)
    HAL_SPI_Init                             0x080026f9   Thumb Code   124  stm32f1xx_hal_spi.o(i.HAL_SPI_Init)
    HAL_SPI_MspInit                          0x08002775   Thumb Code   198  stm32f1xx_hal_msp.o(i.HAL_SPI_MspInit)
    HAL_SPI_Transmit                         0x08002855   Thumb Code   348  stm32f1xx_hal_spi.o(i.HAL_SPI_Transmit)
    HAL_TIMEx_BreakCallback                  0x080029b1   Thumb Code     2  stm32f1xx_hal_tim_ex.o(i.HAL_TIMEx_BreakCallback)
    HAL_TIMEx_CommutCallback                 0x080029b3   Thumb Code     2  stm32f1xx_hal_tim_ex.o(i.HAL_TIMEx_CommutCallback)
    HAL_TIMEx_MasterConfigSynchronization    0x080029b5   Thumb Code    66  stm32f1xx_hal_tim_ex.o(i.HAL_TIMEx_MasterConfigSynchronization)
    HAL_TIM_Base_Init                        0x080029f7   Thumb Code    54  stm32f1xx_hal_tim.o(i.HAL_TIM_Base_Init)
    HAL_TIM_Base_MspInit                     0x08002a2d   Thumb Code    50  stm32f1xx_hal_msp.o(i.HAL_TIM_Base_MspInit)
    HAL_TIM_Base_Start_IT                    0x08002a69   Thumb Code    34  stm32f1xx_hal_tim.o(i.HAL_TIM_Base_Start_IT)
    HAL_TIM_IC_CaptureCallback               0x08002a8b   Thumb Code     2  stm32f1xx_hal_tim.o(i.HAL_TIM_IC_CaptureCallback)
    HAL_TIM_IRQHandler                       0x08002a8d   Thumb Code   358  stm32f1xx_hal_tim.o(i.HAL_TIM_IRQHandler)
    HAL_TIM_OC_DelayElapsedCallback          0x08002bf3   Thumb Code     2  stm32f1xx_hal_tim.o(i.HAL_TIM_OC_DelayElapsedCallback)
    HAL_TIM_PWM_PulseFinishedCallback        0x08002bf5   Thumb Code     2  stm32f1xx_hal_tim.o(i.HAL_TIM_PWM_PulseFinishedCallback)
    HAL_TIM_PeriodElapsedCallback            0x08002bf9   Thumb Code   130  main.o(i.HAL_TIM_PeriodElapsedCallback)
    HAL_TIM_TriggerCallback                  0x08002c8d   Thumb Code     2  stm32f1xx_hal_tim.o(i.HAL_TIM_TriggerCallback)
    HardFault_Handler                        0x08002c8f   Thumb Code     2  stm32f1xx_it.o(i.HardFault_Handler)
    I2C2_ER_IRQHandler                       0x08002c91   Thumb Code     6  stm32f1xx_it.o(i.I2C2_ER_IRQHandler)
    I2C2_EV_IRQHandler                       0x08002c9d   Thumb Code     6  stm32f1xx_it.o(i.I2C2_EV_IRQHandler)
    MX_FATFS_Init                            0x0800355d   Thumb Code    18  fatfs.o(i.MX_FATFS_Init)
    MemManage_Handler                        0x080036a5   Thumb Code     2  stm32f1xx_it.o(i.MemManage_Handler)
    NMI_Handler                              0x080036a7   Thumb Code     2  stm32f1xx_it.o(i.NMI_Handler)
    PendSV_Handler                           0x080036a9   Thumb Code     2  stm32f1xx_it.o(i.PendSV_Handler)
    RTC_IRQHandler                           0x08003729   Thumb Code     6  stm32f1xx_it.o(i.RTC_IRQHandler)
    SDIO_ConfigData                          0x08003809   Thumb Code    36  stm32f1xx_ll_sdmmc.o(i.SDIO_ConfigData)
    SDIO_GetPowerState                       0x0800382d   Thumb Code     8  stm32f1xx_ll_sdmmc.o(i.SDIO_GetPowerState)
    SDIO_GetResponse                         0x08003835   Thumb Code     6  stm32f1xx_ll_sdmmc.o(i.SDIO_GetResponse)
    SDIO_IRQHandler                          0x0800383d   Thumb Code     6  stm32f1xx_it.o(i.SDIO_IRQHandler)
    SDIO_Init                                0x08003849   Thumb Code    36  stm32f1xx_ll_sdmmc.o(i.SDIO_Init)
    SDIO_PowerState_ON                       0x0800386d   Thumb Code    16  stm32f1xx_ll_sdmmc.o(i.SDIO_PowerState_ON)
    SDIO_ReadFIFO                            0x0800387d   Thumb Code     6  stm32f1xx_ll_sdmmc.o(i.SDIO_ReadFIFO)
    SDIO_SendCommand                         0x08003883   Thumb Code    32  stm32f1xx_ll_sdmmc.o(i.SDIO_SendCommand)
    SDIO_WriteFIFO                           0x080038a3   Thumb Code    10  stm32f1xx_ll_sdmmc.o(i.SDIO_WriteFIFO)
    SDMMC_CmdAppCommand                      0x080038ad   Thumb Code    50  stm32f1xx_ll_sdmmc.o(i.SDMMC_CmdAppCommand)
    SDMMC_CmdAppOperCommand                  0x080038e1   Thumb Code    48  stm32f1xx_ll_sdmmc.o(i.SDMMC_CmdAppOperCommand)
    SDMMC_CmdBlockLength                     0x08003915   Thumb Code    50  stm32f1xx_ll_sdmmc.o(i.SDMMC_CmdBlockLength)
    SDMMC_CmdBusWidth                        0x08003947   Thumb Code    50  stm32f1xx_ll_sdmmc.o(i.SDMMC_CmdBusWidth)
    SDMMC_CmdGoIdleState                     0x08003979   Thumb Code    74  stm32f1xx_ll_sdmmc.o(i.SDMMC_CmdGoIdleState)
    SDMMC_CmdOperCond                        0x080039c9   Thumb Code   112  stm32f1xx_ll_sdmmc.o(i.SDMMC_CmdOperCond)
    SDMMC_CmdReadMultiBlock                  0x08003a3d   Thumb Code    50  stm32f1xx_ll_sdmmc.o(i.SDMMC_CmdReadMultiBlock)
    SDMMC_CmdReadSingleBlock                 0x08003a6f   Thumb Code    50  stm32f1xx_ll_sdmmc.o(i.SDMMC_CmdReadSingleBlock)
    SDMMC_CmdSelDesel                        0x08003aa1   Thumb Code    50  stm32f1xx_ll_sdmmc.o(i.SDMMC_CmdSelDesel)
    SDMMC_CmdSendCID                         0x08003ad3   Thumb Code    44  stm32f1xx_ll_sdmmc.o(i.SDMMC_CmdSendCID)
    SDMMC_CmdSendCSD                         0x08003aff   Thumb Code    44  stm32f1xx_ll_sdmmc.o(i.SDMMC_CmdSendCSD)
    SDMMC_CmdSendSCR                         0x08003b2b   Thumb Code    48  stm32f1xx_ll_sdmmc.o(i.SDMMC_CmdSendSCR)
    SDMMC_CmdSendStatus                      0x08003b5b   Thumb Code    50  stm32f1xx_ll_sdmmc.o(i.SDMMC_CmdSendStatus)
    SDMMC_CmdSetRelAdd                       0x08003b8d   Thumb Code    48  stm32f1xx_ll_sdmmc.o(i.SDMMC_CmdSetRelAdd)
    SDMMC_CmdStopTransfer                    0x08003bbd   Thumb Code    46  stm32f1xx_ll_sdmmc.o(i.SDMMC_CmdStopTransfer)
    SDMMC_CmdWriteMultiBlock                 0x08003bf1   Thumb Code    50  stm32f1xx_ll_sdmmc.o(i.SDMMC_CmdWriteMultiBlock)
    SDMMC_CmdWriteSingleBlock                0x08003c23   Thumb Code    50  stm32f1xx_ll_sdmmc.o(i.SDMMC_CmdWriteSingleBlock)
    SD_initialize                            0x0800422d   Thumb Code    26  sd_diskio.o(i.SD_initialize)
    SD_ioctl                                 0x0800424d   Thumb Code    74  sd_diskio.o(i.SD_ioctl)
    SD_read                                  0x0800429d   Thumb Code    44  sd_diskio.o(i.SD_read)
    SD_status                                0x080042cd   Thumb Code    26  sd_diskio.o(i.SD_status)
    SD_write                                 0x080042ed   Thumb Code    52  sd_diskio.o(i.SD_write)
    SPI3_IRQHandler                          0x08004329   Thumb Code     6  stm32f1xx_it.o(i.SPI3_IRQHandler)
    SPIx_WriteData                           0x08004471   Thumb Code    60  hal_stm_lcd18.o(i.SPIx_WriteData)
    SVC_Handler                              0x080044b5   Thumb Code     2  stm32f1xx_it.o(i.SVC_Handler)
    SystemClock_Config                       0x080044b9   Thumb Code   106  main.o(i.SystemClock_Config)
    SystemInit                               0x08004529   Thumb Code    56  system_stm32f1xx.o(i.SystemInit)
    TFT7735_CMD                              0x08004571   Thumb Code    46  hal_stm_lcd18.o(i.TFT7735_CMD)
    TFT7735_IO_Init                          0x080045a5   Thumb Code   154  hal_stm_lcd18.o(i.TFT7735_IO_Init)
    TFT7735_Init                             0x08004649   Thumb Code   208  hal_stm_lcd18.o(i.TFT7735_Init)
    TFT7735_Position                         0x08004721   Thumb Code    86  hal_stm_lcd18.o(i.TFT7735_Position)
    TFT7735_WDATA                            0x0800477d   Thumb Code    98  hal_stm_lcd18.o(i.TFT7735_WDATA)
    TFT7735_WREG                             0x080047e9   Thumb Code    16  hal_stm_lcd18.o(i.TFT7735_WREG)
    TIM6_IRQHandler                          0x080047f9   Thumb Code     6  stm32f1xx_it.o(i.TIM6_IRQHandler)
    TIM7_IRQHandler                          0x08004805   Thumb Code     6  stm32f1xx_it.o(i.TIM7_IRQHandler)
    TIM_Base_SetConfig                       0x08004811   Thumb Code   120  stm32f1xx_hal_tim.o(i.TIM_Base_SetConfig)
    UsageFault_Handler                       0x0800489d   Thumb Code     2  stm32f1xx_it.o(i.UsageFault_Handler)
    __scatterload_copy                       0x080048bf   Thumb Code    14  handlers.o(i.__scatterload_copy)
    __scatterload_null                       0x080048cd   Thumb Code     2  handlers.o(i.__scatterload_null)
    __scatterload_zeroinit                   0x080048cf   Thumb Code    14  handlers.o(i.__scatterload_zeroinit)
    clust2sect                               0x080049f7   Thumb Code    30  ff.o(i.clust2sect)
    disk_initialize                          0x08004e2d   Thumb Code    36  diskio.o(i.disk_initialize)
    disk_ioctl                               0x08004e55   Thumb Code    24  diskio.o(i.disk_ioctl)
    disk_read                                0x08004e71   Thumb Code    24  diskio.o(i.disk_read)
    disk_status                              0x08004e8d   Thumb Code    18  diskio.o(i.disk_status)
    disk_write                               0x08004ea5   Thumb Code    24  diskio.o(i.disk_write)
    f_close                                  0x08004ec1   Thumb Code    42  ff.o(i.f_close)
    f_closedir                               0x08004eeb   Thumb Code    36  ff.o(i.f_closedir)
    f_mount                                  0x08004f11   Thumb Code    88  ff.o(i.f_mount)
    f_open                                   0x08004f6d   Thumb Code   412  ff.o(i.f_open)
    f_opendir                                0x0800510d   Thumb Code   148  ff.o(i.f_opendir)
    f_read                                   0x080051a1   Thumb Code   396  ff.o(i.f_read)
    f_sync                                   0x0800532d   Thumb Code   184  ff.o(i.f_sync)
    get_fat                                  0x080056fd   Thumb Code   194  ff.o(i.get_fat)
    get_fattime                              0x080057bf   Thumb Code     4  fatfs.o(i.get_fattime)
    main                                     0x080058b5   Thumb Code   422  main.o(i.main)
    put_fat                                  0x08005adf   Thumb Code   248  ff.o(i.put_fat)
    AHBPrescTable                            0x08005d96   Data          16  system_stm32f1xx.o(.constdata)
    APBPrescTable                            0x08005da6   Data           8  system_stm32f1xx.o(.constdata)
    SD_Driver                                0x08005e5c   Data          20  sd_diskio.o(.constdata)
    Region$$Table$$Base                      0x08005e70   Number         0  anon$$obj.o(Region$$Table)
    Region$$Table$$Limit                     0x08005e90   Number         0  anon$$obj.o(Region$$Table)
    buffile                                  0x20000008   Data          10  main.o(.data)
    retSD                                    0x20000012   Data           1  fatfs.o(.data)
    SDPath                                   0x20000013   Data           4  fatfs.o(.data)
    x_text                                   0x20000018   Data           1  hal_stm_lcd18.o(.data)
    y_text                                   0x20000019   Data           1  hal_stm_lcd18.o(.data)
    uwTickFreq                               0x2000001c   Data           1  stm32f1xx_hal.o(.data)
    uwTickPrio                               0x20000020   Data           4  stm32f1xx_hal.o(.data)
    uwTick                                   0x20000024   Data           4  stm32f1xx_hal.o(.data)
    SystemCoreClock                          0x20000028   Data           4  system_stm32f1xx.o(.data)
    buffer                                   0x20000038   Data         256  main.o(.bss)
    hadc1                                    0x20000138   Data          48  main.o(.bss)
    hi2c2                                    0x20000168   Data          84  main.o(.bss)
    hrtc                                     0x200001bc   Data          20  main.o(.bss)
    hsd                                      0x200001d0   Data         132  main.o(.bss)
    hspi3                                    0x20000254   Data          88  main.o(.bss)
    htim6                                    0x200002ac   Data          64  main.o(.bss)
    hdma_sdio                                0x200002ec   Data          68  main.o(.bss)
    hdma_spi3_rx                             0x20000330   Data          68  main.o(.bss)
    hdma_spi3_tx                             0x20000374   Data          68  main.o(.bss)
    htim7                                    0x200003b8   Data          64  stm32f1xx_hal_timebase_tim.o(.bss)
    disk                                     0x20000410   Data          12  ff_gen_drv.o(.bss)
    __initial_sp                             0x20003420   Data           0  startup_stm32f103xe.o(STACK)



==============================================================================

Memory Map of the image

  Image Entry point : 0x08000131

  Load Region LR_IROM1 (Base: 0x08000000, Size: 0x00005ec8, Max: 0x00040000, ABSOLUTE)

    Execution Region ER_IROM1 (Base: 0x08000000, Size: 0x00005e90, Max: 0x00040000, ABSOLUTE)

    Base Addr    Size         Type   Attr      Idx    E Section Name        Object

    0x08000000   0x00000130   Data   RO            3    RESET               startup_stm32f103xe.o
    0x08000130   0x00000000   Code   RO         5177  * .ARM.Collect$$$$00000000  mc_w.l(entry.o)
    0x08000130   0x00000004   Code   RO         5196    .ARM.Collect$$$$00000001  mc_w.l(entry2.o)
    0x08000134   0x00000004   Code   RO         5199    .ARM.Collect$$$$00000004  mc_w.l(entry5.o)
    0x08000138   0x00000000   Code   RO         5201    .ARM.Collect$$$$00000008  mc_w.l(entry7b.o)
    0x08000138   0x00000000   Code   RO         5203    .ARM.Collect$$$$0000000A  mc_w.l(entry8b.o)
    0x08000138   0x00000008   Code   RO         5204    .ARM.Collect$$$$0000000B  mc_w.l(entry9a.o)
    0x08000140   0x00000000   Code   RO         5206    .ARM.Collect$$$$0000000D  mc_w.l(entry10a.o)
    0x08000140   0x00000000   Code   RO         5208    .ARM.Collect$$$$0000000F  mc_w.l(entry11a.o)
    0x08000140   0x00000004   Code   RO         5197    .ARM.Collect$$$$00002712  mc_w.l(entry2.o)
    0x08000144   0x00000024   Code   RO            4    .text               startup_stm32f103xe.o
    0x08000168   0x00000024   Code   RO         5182    .text               mc_w.l(memseta.o)
    0x0800018c   0x00000024   Code   RO         5213    .text               mc_w.l(init.o)
    0x080001b0   0x0000004c   Code   RO          948    i.ADC_ConversionStop_Disable  stm32f1xx_hal_adc.o
    0x080001fc   0x00000018   Code   RO          409    i.BSP_PlatformIsDetected  fatfs_platform.o
    0x08000214   0x00000002   Code   RO          227    i.BSP_SD_AbortCallback  bsp_driver_sd.o
    0x08000216   0x00000002   PAD
    0x08000218   0x0000000c   Code   RO          233    i.BSP_SD_GetCardInfo  bsp_driver_sd.o
    0x08000224   0x00000018   Code   RO          234    i.BSP_SD_GetCardState  bsp_driver_sd.o
    0x0800023c   0x00000030   Code   RO          237    i.BSP_SD_Init       bsp_driver_sd.o
    0x0800026c   0x0000001a   Code   RO          238    i.BSP_SD_IsDetected  bsp_driver_sd.o
    0x08000286   0x00000002   PAD
    0x08000288   0x0000001c   Code   RO          240    i.BSP_SD_ReadBlocks_DMA  bsp_driver_sd.o
    0x080002a4   0x00000002   Code   RO           13    i.BSP_SD_ReadCpltCallback  main.o
    0x080002a6   0x00000002   PAD
    0x080002a8   0x00000020   Code   RO          242    i.BSP_SD_WriteBlocks  bsp_driver_sd.o
    0x080002c8   0x00000002   Code   RO          244    i.BSP_SD_WriteCpltCallback  bsp_driver_sd.o
    0x080002ca   0x00000002   Code   RO          433    i.BusFault_Handler  stm32f1xx_it.o
    0x080002cc   0x0000000c   Code   RO          434    i.DMA2_Channel1_IRQHandler  stm32f1xx_it.o
    0x080002d8   0x0000000c   Code   RO          435    i.DMA2_Channel2_IRQHandler  stm32f1xx_it.o
    0x080002e4   0x0000000c   Code   RO          436    i.DMA2_Channel4_5_IRQHandler  stm32f1xx_it.o
    0x080002f0   0x0000002a   Code   RO         4035    i.DMA_SetConfig     stm32f1xx_hal_dma.o
    0x0800031a   0x00000002   Code   RO          437    i.DebugMon_Handler  stm32f1xx_it.o
    0x0800031c   0x00000002   Code   RO           14    i.Error_Handler     main.o
    0x0800031e   0x00000006   Code   RO         5042    i.FATFS_LinkDriver  ff_gen_drv.o
    0x08000324   0x00000040   Code   RO         5043    i.FATFS_LinkDriverEx  ff_gen_drv.o
    0x08000364   0x000000fc   Code   RO          954    i.HAL_ADC_ConfigChannel  stm32f1xx_hal_adc.o
    0x08000460   0x00000120   Code   RO          963    i.HAL_ADC_Init      stm32f1xx_hal_adc.o
    0x08000580   0x00000058   Code   RO          564    i.HAL_ADC_MspInit   stm32f1xx_hal_msp.o
    0x080005d8   0x00000130   Code   RO         4037    i.HAL_DMA_Abort_IT  stm32f1xx_hal_dma.o
    0x08000708   0x00000006   Code   RO         4040    i.HAL_DMA_GetState  stm32f1xx_hal_dma.o
    0x0800070e   0x00000002   PAD
    0x08000710   0x00000248   Code   RO         4041    i.HAL_DMA_IRQHandler  stm32f1xx_hal_dma.o
    0x08000958   0x0000007c   Code   RO         4042    i.HAL_DMA_Init      stm32f1xx_hal_dma.o
    0x080009d4   0x00000070   Code   RO         4046    i.HAL_DMA_Start_IT  stm32f1xx_hal_dma.o
    0x08000a44   0x00000024   Code   RO         3664    i.HAL_Delay         stm32f1xx_hal.o
    0x08000a68   0x000001f8   Code   RO         3972    i.HAL_GPIO_Init     stm32f1xx_hal_gpio.o
    0x08000c60   0x0000000a   Code   RO         3974    i.HAL_GPIO_ReadPin  stm32f1xx_hal_gpio.o
    0x08000c6a   0x0000000e   Code   RO         3975    i.HAL_GPIO_TogglePin  stm32f1xx_hal_gpio.o
    0x08000c78   0x0000000a   Code   RO         3976    i.HAL_GPIO_WritePin  stm32f1xx_hal_gpio.o
    0x08000c82   0x00000002   PAD
    0x08000c84   0x0000000c   Code   RO         3668    i.HAL_GetTick       stm32f1xx_hal.o
    0x08000c90   0x00000002   Code   RO         1224    i.HAL_I2C_AbortCpltCallback  stm32f1xx_hal_i2c.o
    0x08000c92   0x00000002   Code   RO         1225    i.HAL_I2C_AddrCallback  stm32f1xx_hal_i2c.o
    0x08000c94   0x000000c4   Code   RO         1228    i.HAL_I2C_ER_IRQHandler  stm32f1xx_hal_i2c.o
    0x08000d58   0x0000025a   Code   RO         1229    i.HAL_I2C_EV_IRQHandler  stm32f1xx_hal_i2c.o
    0x08000fb2   0x00000002   Code   RO         1231    i.HAL_I2C_ErrorCallback  stm32f1xx_hal_i2c.o
    0x08000fb4   0x00000174   Code   RO         1235    i.HAL_I2C_Init      stm32f1xx_hal_i2c.o
    0x08001128   0x00000002   Code   RO         1237    i.HAL_I2C_ListenCpltCallback  stm32f1xx_hal_i2c.o
    0x0800112a   0x00000002   Code   RO         1238    i.HAL_I2C_MasterRxCpltCallback  stm32f1xx_hal_i2c.o
    0x0800112c   0x00000002   Code   RO         1239    i.HAL_I2C_MasterTxCpltCallback  stm32f1xx_hal_i2c.o
    0x0800112e   0x00000002   Code   RO         1251    i.HAL_I2C_MemRxCpltCallback  stm32f1xx_hal_i2c.o
    0x08001130   0x00000002   Code   RO         1252    i.HAL_I2C_MemTxCpltCallback  stm32f1xx_hal_i2c.o
    0x08001132   0x00000002   PAD
    0x08001134   0x00000060   Code   RO          566    i.HAL_I2C_MspInit   stm32f1xx_hal_msp.o
    0x08001194   0x00000002   Code   RO         1261    i.HAL_I2C_SlaveRxCpltCallback  stm32f1xx_hal_i2c.o
    0x08001196   0x00000002   Code   RO         1262    i.HAL_I2C_SlaveTxCpltCallback  stm32f1xx_hal_i2c.o
    0x08001198   0x00000010   Code   RO         3674    i.HAL_IncTick       stm32f1xx_hal.o
    0x080011a8   0x00000024   Code   RO         3675    i.HAL_Init          stm32f1xx_hal.o
    0x080011cc   0x00000074   Code   RO          660    i.HAL_InitTick      stm32f1xx_hal_timebase_tim.o
    0x08001240   0x0000003c   Code   RO          567    i.HAL_MspInit       stm32f1xx_hal_msp.o
    0x0800127c   0x0000001a   Code   RO         4132    i.HAL_NVIC_EnableIRQ  stm32f1xx_hal_cortex.o
    0x08001296   0x00000002   PAD
    0x08001298   0x00000040   Code   RO         4138    i.HAL_NVIC_SetPriority  stm32f1xx_hal_cortex.o
    0x080012d8   0x00000024   Code   RO         4139    i.HAL_NVIC_SetPriorityGrouping  stm32f1xx_hal_cortex.o
    0x080012fc   0x0000000c   Code   RO         4254    i.HAL_PWR_EnableBkUpAccess  stm32f1xx_hal_pwr.o
    0x08001308   0x000000d4   Code   RO         3934    i.HAL_RCCEx_GetPeriphCLKFreq  stm32f1xx_hal_rcc_ex.o
    0x080013dc   0x000000ec   Code   RO         3935    i.HAL_RCCEx_PeriphCLKConfig  stm32f1xx_hal_rcc_ex.o
    0x080014c8   0x0000012c   Code   RO         3832    i.HAL_RCC_ClockConfig  stm32f1xx_hal_rcc.o
    0x080015f4   0x00000040   Code   RO         3836    i.HAL_RCC_GetClockConfig  stm32f1xx_hal_rcc.o
    0x08001634   0x00000020   Code   RO         3839    i.HAL_RCC_GetPCLK1Freq  stm32f1xx_hal_rcc.o
    0x08001654   0x00000020   Code   RO         3840    i.HAL_RCC_GetPCLK2Freq  stm32f1xx_hal_rcc.o
    0x08001674   0x0000006c   Code   RO         3841    i.HAL_RCC_GetSysClockFreq  stm32f1xx_hal_rcc.o
    0x080016e0   0x00000320   Code   RO         3844    i.HAL_RCC_OscConfig  stm32f1xx_hal_rcc.o
    0x08001a00   0x00000002   Code   RO         1821    i.HAL_RTCEx_RTCEventCallback  stm32f1xx_hal_rtc_ex.o
    0x08001a02   0x00000002   Code   RO         1822    i.HAL_RTCEx_RTCEventErrorCallback  stm32f1xx_hal_rtc_ex.o
    0x08001a04   0x0000003c   Code   RO         1823    i.HAL_RTCEx_RTCIRQHandler  stm32f1xx_hal_rtc_ex.o
    0x08001a40   0x000000a0   Code   RO         1654    i.HAL_RTC_Init      stm32f1xx_hal_rtc.o
    0x08001ae0   0x00000034   Code   RO          569    i.HAL_RTC_MspInit   stm32f1xx_hal_msp.o
    0x08001b14   0x000000c4   Code   RO         1660    i.HAL_RTC_SetDate   stm32f1xx_hal_rtc.o
    0x08001bd8   0x000000ac   Code   RO         1661    i.HAL_RTC_SetTime   stm32f1xx_hal_rtc.o
    0x08001c84   0x0000003a   Code   RO         1662    i.HAL_RTC_WaitForSynchro  stm32f1xx_hal_rtc.o
    0x08001cbe   0x00000008   Code   RO          245    i.HAL_SD_AbortCallback  bsp_driver_sd.o
    0x08001cc6   0x00000002   PAD
    0x08001cc8   0x000000f4   Code   RO         2185    i.HAL_SD_ConfigWideBusOperation  stm32f1xx_hal_sd.o
    0x08001dbc   0x00000002   Code   RO         2188    i.HAL_SD_ErrorCallback  stm32f1xx_hal_sd.o
    0x08001dbe   0x00000002   PAD
    0x08001dc0   0x00000198   Code   RO         2190    i.HAL_SD_GetCardCSD  stm32f1xx_hal_sd.o
    0x08001f58   0x00000024   Code   RO         2191    i.HAL_SD_GetCardInfo  stm32f1xx_hal_sd.o
    0x08001f7c   0x0000002c   Code   RO         2192    i.HAL_SD_GetCardState  stm32f1xx_hal_sd.o
    0x08001fa8   0x00000208   Code   RO         2196    i.HAL_SD_IRQHandler  stm32f1xx_hal_sd.o
    0x080021b0   0x00000036   Code   RO         2197    i.HAL_SD_Init       stm32f1xx_hal_sd.o
    0x080021e6   0x00000002   PAD
    0x080021e8   0x00000054   Code   RO         2198    i.HAL_SD_InitCard   stm32f1xx_hal_sd.o
    0x0800223c   0x000000c8   Code   RO          571    i.HAL_SD_MspInit    stm32f1xx_hal_msp.o
    0x08002304   0x00000130   Code   RO         2202    i.HAL_SD_ReadBlocks_DMA  stm32f1xx_hal_sd.o
    0x08002434   0x00000008   Code   RO          246    i.HAL_SD_RxCpltCallback  bsp_driver_sd.o
    0x0800243c   0x00000008   Code   RO          247    i.HAL_SD_TxCpltCallback  bsp_driver_sd.o
    0x08002444   0x000001cc   Code   RO         2206    i.HAL_SD_WriteBlocks  stm32f1xx_hal_sd.o
    0x08002610   0x00000002   Code   RO         2414    i.HAL_SPI_ErrorCallback  stm32f1xx_hal_spi.o
    0x08002612   0x00000006   Code   RO         2416    i.HAL_SPI_GetState  stm32f1xx_hal_spi.o
    0x08002618   0x000000e0   Code   RO         2417    i.HAL_SPI_IRQHandler  stm32f1xx_hal_spi.o
    0x080026f8   0x0000007c   Code   RO         2418    i.HAL_SPI_Init      stm32f1xx_hal_spi.o
    0x08002774   0x000000e0   Code   RO          573    i.HAL_SPI_MspInit   stm32f1xx_hal_msp.o
    0x08002854   0x0000015c   Code   RO         2426    i.HAL_SPI_Transmit  stm32f1xx_hal_spi.o
    0x080029b0   0x00000002   Code   RO         3406    i.HAL_TIMEx_BreakCallback  stm32f1xx_hal_tim_ex.o
    0x080029b2   0x00000002   Code   RO         3407    i.HAL_TIMEx_CommutCallback  stm32f1xx_hal_tim_ex.o
    0x080029b4   0x00000042   Code   RO         3424    i.HAL_TIMEx_MasterConfigSynchronization  stm32f1xx_hal_tim_ex.o
    0x080029f6   0x00000036   Code   RO         2731    i.HAL_TIM_Base_Init  stm32f1xx_hal_tim.o
    0x08002a2c   0x0000003c   Code   RO          575    i.HAL_TIM_Base_MspInit  stm32f1xx_hal_msp.o
    0x08002a68   0x00000022   Code   RO         2736    i.HAL_TIM_Base_Start_IT  stm32f1xx_hal_tim.o
    0x08002a8a   0x00000002   Code   RO         2760    i.HAL_TIM_IC_CaptureCallback  stm32f1xx_hal_tim.o
    0x08002a8c   0x00000166   Code   RO         2774    i.HAL_TIM_IRQHandler  stm32f1xx_hal_tim.o
    0x08002bf2   0x00000002   Code   RO         2777    i.HAL_TIM_OC_DelayElapsedCallback  stm32f1xx_hal_tim.o
    0x08002bf4   0x00000002   Code   RO         2804    i.HAL_TIM_PWM_PulseFinishedCallback  stm32f1xx_hal_tim.o
    0x08002bf6   0x00000002   PAD
    0x08002bf8   0x00000094   Code   RO           15    i.HAL_TIM_PeriodElapsedCallback  main.o
    0x08002c8c   0x00000002   Code   RO         2817    i.HAL_TIM_TriggerCallback  stm32f1xx_hal_tim.o
    0x08002c8e   0x00000002   Code   RO          438    i.HardFault_Handler  stm32f1xx_it.o
    0x08002c90   0x0000000c   Code   RO          439    i.I2C2_ER_IRQHandler  stm32f1xx_it.o
    0x08002c9c   0x0000000c   Code   RO          440    i.I2C2_EV_IRQHandler  stm32f1xx_it.o
    0x08002ca8   0x0000007e   Code   RO         1273    i.I2C_DMAAbort      stm32f1xx_hal_i2c.o
    0x08002d26   0x00000002   PAD
    0x08002d28   0x00000140   Code   RO         1276    i.I2C_ITError       stm32f1xx_hal_i2c.o
    0x08002e68   0x000000d2   Code   RO         1278    i.I2C_MasterReceive_BTF  stm32f1xx_hal_i2c.o
    0x08002f3a   0x00000092   Code   RO         1279    i.I2C_MasterReceive_RXNE  stm32f1xx_hal_i2c.o
    0x08002fcc   0x00000082   Code   RO         1282    i.I2C_MasterTransmit_BTF  stm32f1xx_hal_i2c.o
    0x0800304e   0x00000002   PAD
    0x08003050   0x00000104   Code   RO         1283    i.I2C_MasterTransmit_TXE  stm32f1xx_hal_i2c.o
    0x08003154   0x00000158   Code   RO         1284    i.I2C_Master_ADDR   stm32f1xx_hal_i2c.o
    0x080032ac   0x0000008e   Code   RO         1285    i.I2C_Master_SB     stm32f1xx_hal_i2c.o
    0x0800333a   0x00000002   PAD
    0x0800333c   0x00000084   Code   RO         1288    i.I2C_Slave_AF      stm32f1xx_hal_i2c.o
    0x080033c0   0x0000015c   Code   RO         1289    i.I2C_Slave_STOPF   stm32f1xx_hal_i2c.o
    0x0800351c   0x00000040   Code   RO           16    i.MX_ADC1_Init      main.o
    0x0800355c   0x0000001c   Code   RO          371    i.MX_FATFS_Init     fatfs.o
    0x08003578   0x00000090   Code   RO           17    i.MX_GPIO_Init      main.o
    0x08003608   0x00000064   Code   RO           18    i.MX_RTC_Init       main.o
    0x0800366c   0x00000038   Code   RO           19    i.MX_SPI3_Init      main.o
    0x080036a4   0x00000002   Code   RO          441    i.MemManage_Handler  stm32f1xx_it.o
    0x080036a6   0x00000002   Code   RO          442    i.NMI_Handler       stm32f1xx_it.o
    0x080036a8   0x00000002   Code   RO          443    i.PendSV_Handler    stm32f1xx_it.o
    0x080036aa   0x00000012   Code   RO         1663    i.RTC_Bcd2ToByte    stm32f1xx_hal_rtc.o
    0x080036bc   0x00000034   Code   RO         1666    i.RTC_EnterInitMode  stm32f1xx_hal_rtc.o
    0x080036f0   0x00000036   Code   RO         1667    i.RTC_ExitInitMode  stm32f1xx_hal_rtc.o
    0x08003726   0x00000002   PAD
    0x08003728   0x0000000c   Code   RO          444    i.RTC_IRQHandler    stm32f1xx_it.o
    0x08003734   0x0000000e   Code   RO         1668    i.RTC_ReadAlarmCounter  stm32f1xx_hal_rtc.o
    0x08003742   0x00000020   Code   RO         1669    i.RTC_ReadTimeCounter  stm32f1xx_hal_rtc.o
    0x08003762   0x00000056   Code   RO         1670    i.RTC_WeekDayNum    stm32f1xx_hal_rtc.o
    0x080037b8   0x00000028   Code   RO         1671    i.RTC_WriteAlarmCounter  stm32f1xx_hal_rtc.o
    0x080037e0   0x00000028   Code   RO         1672    i.RTC_WriteTimeCounter  stm32f1xx_hal_rtc.o
    0x08003808   0x00000024   Code   RO         1918    i.SDIO_ConfigData   stm32f1xx_ll_sdmmc.o
    0x0800382c   0x00000008   Code   RO         1922    i.SDIO_GetPowerState  stm32f1xx_ll_sdmmc.o
    0x08003834   0x00000006   Code   RO         1923    i.SDIO_GetResponse  stm32f1xx_ll_sdmmc.o
    0x0800383a   0x00000002   PAD
    0x0800383c   0x0000000c   Code   RO          445    i.SDIO_IRQHandler   stm32f1xx_it.o
    0x08003848   0x00000024   Code   RO         1924    i.SDIO_Init         stm32f1xx_ll_sdmmc.o
    0x0800386c   0x00000010   Code   RO         1926    i.SDIO_PowerState_ON  stm32f1xx_ll_sdmmc.o
    0x0800387c   0x00000006   Code   RO         1927    i.SDIO_ReadFIFO     stm32f1xx_ll_sdmmc.o
    0x08003882   0x00000020   Code   RO         1928    i.SDIO_SendCommand  stm32f1xx_ll_sdmmc.o
    0x080038a2   0x0000000a   Code   RO         1930    i.SDIO_WriteFIFO    stm32f1xx_ll_sdmmc.o
    0x080038ac   0x00000032   Code   RO         1931    i.SDMMC_CmdAppCommand  stm32f1xx_ll_sdmmc.o
    0x080038de   0x00000002   PAD
    0x080038e0   0x00000034   Code   RO         1932    i.SDMMC_CmdAppOperCommand  stm32f1xx_ll_sdmmc.o
    0x08003914   0x00000032   Code   RO         1933    i.SDMMC_CmdBlockLength  stm32f1xx_ll_sdmmc.o
    0x08003946   0x00000032   Code   RO         1934    i.SDMMC_CmdBusWidth  stm32f1xx_ll_sdmmc.o
    0x08003978   0x00000050   Code   RO         1938    i.SDMMC_CmdGoIdleState  stm32f1xx_ll_sdmmc.o
    0x080039c8   0x00000074   Code   RO         1940    i.SDMMC_CmdOperCond  stm32f1xx_ll_sdmmc.o
    0x08003a3c   0x00000032   Code   RO         1941    i.SDMMC_CmdReadMultiBlock  stm32f1xx_ll_sdmmc.o
    0x08003a6e   0x00000032   Code   RO         1942    i.SDMMC_CmdReadSingleBlock  stm32f1xx_ll_sdmmc.o
    0x08003aa0   0x00000032   Code   RO         1945    i.SDMMC_CmdSelDesel  stm32f1xx_ll_sdmmc.o
    0x08003ad2   0x0000002c   Code   RO         1946    i.SDMMC_CmdSendCID  stm32f1xx_ll_sdmmc.o
    0x08003afe   0x0000002c   Code   RO         1947    i.SDMMC_CmdSendCSD  stm32f1xx_ll_sdmmc.o
    0x08003b2a   0x00000030   Code   RO         1948    i.SDMMC_CmdSendSCR  stm32f1xx_ll_sdmmc.o
    0x08003b5a   0x00000032   Code   RO         1949    i.SDMMC_CmdSendStatus  stm32f1xx_ll_sdmmc.o
    0x08003b8c   0x00000030   Code   RO         1950    i.SDMMC_CmdSetRelAdd  stm32f1xx_ll_sdmmc.o
    0x08003bbc   0x00000034   Code   RO         1952    i.SDMMC_CmdStopTransfer  stm32f1xx_ll_sdmmc.o
    0x08003bf0   0x00000032   Code   RO         1954    i.SDMMC_CmdWriteMultiBlock  stm32f1xx_ll_sdmmc.o
    0x08003c22   0x00000032   Code   RO         1955    i.SDMMC_CmdWriteSingleBlock  stm32f1xx_ll_sdmmc.o
    0x08003c54   0x00000120   Code   RO         1956    i.SDMMC_GetCmdResp1  stm32f1xx_ll_sdmmc.o
    0x08003d74   0x00000050   Code   RO         1957    i.SDMMC_GetCmdResp2  stm32f1xx_ll_sdmmc.o
    0x08003dc4   0x00000044   Code   RO         1958    i.SDMMC_GetCmdResp3  stm32f1xx_ll_sdmmc.o
    0x08003e08   0x00000088   Code   RO         1959    i.SDMMC_GetCmdResp6  stm32f1xx_ll_sdmmc.o
    0x08003e90   0x0000005c   Code   RO         2209    i.SD_DMAError       stm32f1xx_hal_sd.o
    0x08003eec   0x00000042   Code   RO         2210    i.SD_DMAReceiveCplt  stm32f1xx_hal_sd.o
    0x08003f2e   0x00000044   Code   RO         2211    i.SD_DMARxAbort     stm32f1xx_hal_sd.o
    0x08003f72   0x00000044   Code   RO         2213    i.SD_DMATxAbort     stm32f1xx_hal_sd.o
    0x08003fb6   0x000000d4   Code   RO         2214    i.SD_FindSCR        stm32f1xx_hal_sd.o
    0x0800408a   0x000000ee   Code   RO         2215    i.SD_InitCard       stm32f1xx_hal_sd.o
    0x08004178   0x000000b4   Code   RO         2216    i.SD_PowerON        stm32f1xx_hal_sd.o
    0x0800422c   0x00000020   Code   RO         5122    i.SD_initialize     sd_diskio.o
    0x0800424c   0x00000050   Code   RO         5123    i.SD_ioctl          sd_diskio.o
    0x0800429c   0x00000030   Code   RO         5124    i.SD_read           sd_diskio.o
    0x080042cc   0x00000020   Code   RO         5125    i.SD_status         sd_diskio.o
    0x080042ec   0x0000003c   Code   RO         5126    i.SD_write          sd_diskio.o
    0x08004328   0x0000000c   Code   RO          446    i.SPI3_IRQHandler   stm32f1xx_it.o
    0x08004334   0x00000010   Code   RO         2445    i.SPI_DMAAbortOnError  stm32f1xx_hal_spi.o
    0x08004344   0x00000020   Code   RO         2456    i.SPI_EndRxTxTransaction  stm32f1xx_hal_spi.o
    0x08004364   0x00000094   Code   RO         2461    i.SPI_WaitFlagStateUntilTimeout  stm32f1xx_hal_spi.o
    0x080043f8   0x0000000c   Code   RO          701    i.SPIx_Error        hal_stm_lcd18.o
    0x08004404   0x00000050   Code   RO          702    i.SPIx_Init         hal_stm_lcd18.o
    0x08004454   0x0000001c   Code   RO          703    i.SPIx_Write        hal_stm_lcd18.o
    0x08004470   0x00000044   Code   RO          704    i.SPIx_WriteData    hal_stm_lcd18.o
    0x080044b4   0x00000002   Code   RO          447    i.SVC_Handler       stm32f1xx_it.o
    0x080044b6   0x00000002   PAD
    0x080044b8   0x00000070   Code   RO           20    i.SystemClock_Config  main.o
    0x08004528   0x00000048   Code   RO         4633    i.SystemInit        system_stm32f1xx.o
    0x08004570   0x00000034   Code   RO          707    i.TFT7735_CMD       hal_stm_lcd18.o
    0x080045a4   0x000000a4   Code   RO          716    i.TFT7735_IO_Init   hal_stm_lcd18.o
    0x08004648   0x000000d8   Code   RO          717    i.TFT7735_Init      hal_stm_lcd18.o
    0x08004720   0x0000005c   Code   RO          719    i.TFT7735_Position  hal_stm_lcd18.o
    0x0800477c   0x0000006c   Code   RO          726    i.TFT7735_WDATA     hal_stm_lcd18.o
    0x080047e8   0x00000010   Code   RO          727    i.TFT7735_WREG      hal_stm_lcd18.o
    0x080047f8   0x0000000c   Code   RO          448    i.TIM6_IRQHandler   stm32f1xx_it.o
    0x08004804   0x0000000c   Code   RO          449    i.TIM7_IRQHandler   stm32f1xx_it.o
    0x08004810   0x0000008c   Code   RO         2819    i.TIM_Base_SetConfig  stm32f1xx_hal_tim.o
    0x0800489c   0x00000002   Code   RO          450    i.UsageFault_Handler  stm32f1xx_it.o
    0x0800489e   0x00000020   Code   RO         4145    i.__NVIC_SetPriority  stm32f1xx_hal_cortex.o
    0x080048be   0x0000000e   Code   RO         5217    i.__scatterload_copy  mc_w.l(handlers.o)
    0x080048cc   0x00000002   Code   RO         5218    i.__scatterload_null  mc_w.l(handlers.o)
    0x080048ce   0x0000000e   Code   RO         5219    i.__scatterload_zeroinit  mc_w.l(handlers.o)
    0x080048dc   0x00000060   Code   RO         4725    i.check_fs          ff.o
    0x0800493c   0x0000006c   Code   RO         4726    i.chk_lock          ff.o
    0x080049a8   0x00000024   Code   RO         4727    i.clear_lock        ff.o
    0x080049cc   0x0000002a   Code   RO         4728    i.clmt_clust        ff.o
    0x080049f6   0x0000001e   Code   RO         4729    i.clust2sect        ff.o
    0x08004a14   0x000000b0   Code   RO         4730    i.create_chain      ff.o
    0x08004ac4   0x00000100   Code   RO         4731    i.create_name       ff.o
    0x08004bc4   0x0000003c   Code   RO         4732    i.dec_lock          ff.o
    0x08004c00   0x0000011e   Code   RO         4733    i.dir_next          ff.o
    0x08004d1e   0x00000076   Code   RO         4735    i.dir_register      ff.o
    0x08004d94   0x00000098   Code   RO         4737    i.dir_sdi           ff.o
    0x08004e2c   0x00000028   Code   RO         4670    i.disk_initialize   diskio.o
    0x08004e54   0x0000001c   Code   RO         4671    i.disk_ioctl        diskio.o
    0x08004e70   0x0000001c   Code   RO         4672    i.disk_read         diskio.o
    0x08004e8c   0x00000018   Code   RO         4673    i.disk_status       diskio.o
    0x08004ea4   0x0000001c   Code   RO         4674    i.disk_write        diskio.o
    0x08004ec0   0x0000002a   Code   RO         4739    i.f_close           ff.o
    0x08004eea   0x00000024   Code   RO         4740    i.f_closedir        ff.o
    0x08004f0e   0x00000002   PAD
    0x08004f10   0x0000005c   Code   RO         4746    i.f_mount           ff.o
    0x08004f6c   0x000001a0   Code   RO         4747    i.f_open            ff.o
    0x0800510c   0x00000094   Code   RO         4748    i.f_opendir         ff.o
    0x080051a0   0x0000018c   Code   RO         4752    i.f_read            ff.o
    0x0800532c   0x000000b8   Code   RO         4756    i.f_sync            ff.o
    0x080053e4   0x00000258   Code   RO         4761    i.find_volume       ff.o
    0x0800563c   0x000000c0   Code   RO         4762    i.follow_path       ff.o
    0x080056fc   0x000000c2   Code   RO         4763    i.get_fat           ff.o
    0x080057be   0x00000004   Code   RO          372    i.get_fattime       fatfs.o
    0x080057c2   0x0000003c   Code   RO         4765    i.get_ldnumber      ff.o
    0x080057fe   0x00000002   PAD
    0x08005800   0x000000a0   Code   RO         4766    i.inc_lock          ff.o
    0x080058a0   0x00000014   Code   RO         4767    i.ld_clust          ff.o
    0x080058b4   0x000001d4   Code   RO           21    i.main              main.o
    0x08005a88   0x00000012   Code   RO         4768    i.mem_cpy           ff.o
    0x08005a9a   0x0000000e   Code   RO         4769    i.mem_set           ff.o
    0x08005aa8   0x00000036   Code   RO         4770    i.move_window       ff.o
    0x08005ade   0x000000f8   Code   RO         4771    i.put_fat           ff.o
    0x08005bd6   0x0000006e   Code   RO         4773    i.remove_chain      ff.o
    0x08005c44   0x00000010   Code   RO         4774    i.st_clust          ff.o
    0x08005c54   0x000000b6   Code   RO         4775    i.sync_fs           ff.o
    0x08005d0a   0x00000060   Code   RO         4776    i.sync_window       ff.o
    0x08005d6a   0x0000002c   Code   RO         4777    i.validate          ff.o
    0x08005d96   0x00000010   Data   RO         4634    .constdata          system_stm32f1xx.o
    0x08005da6   0x00000008   Data   RO         4635    .constdata          system_stm32f1xx.o
    0x08005dae   0x000000ac   Data   RO         4779    .constdata          ff.o
    0x08005e5a   0x00000002   PAD
    0x08005e5c   0x00000014   Data   RO         5127    .constdata          sd_diskio.o
    0x08005e70   0x00000020   Data   RO         5215    Region$$Table       anon$$obj.o


    Execution Region RW_IRAM1 (Base: 0x20000000, Size: 0x00003420, Max: 0x0000c000, ABSOLUTE)

    Base Addr    Size         Type   Attr      Idx    E Section Name        Object

    0x20000000   0x00000012   Data   RW           26    .data               main.o
    0x20000012   0x00000005   Data   RW          375    .data               fatfs.o
    0x20000017   0x00000001   PAD
    0x20000018   0x00000004   Data   RW          733    .data               hal_stm_lcd18.o
    0x2000001c   0x0000000c   Data   RW         3682    .data               stm32f1xx_hal.o
    0x20000028   0x00000004   Data   RW         4636    .data               system_stm32f1xx.o
    0x2000002c   0x00000008   Data   RW         4780    .data               ff.o
    0x20000034   0x00000001   Data   RW         5128    .data               sd_diskio.o
    0x20000035   0x00000003   PAD
    0x20000038   0x000002b4   Zero   RW           22    .bss                main.o
    0x200002ec   0x00000044   Zero   RW           23    .bss                main.o
    0x20000330   0x00000044   Zero   RW           24    .bss                main.o
    0x20000374   0x00000044   Zero   RW           25    .bss                main.o
    0x200003b8   0x00000040   Zero   RW          663    .bss                stm32f1xx_hal_timebase_tim.o
    0x200003f8   0x00000018   Zero   RW         4778    .bss                ff.o
    0x20000410   0x0000000c   Zero   RW         5046    .bss                ff_gen_drv.o
    0x2000041c   0x00000004   PAD
    0x20000420   0x00003000   Zero   RW            1    STACK               startup_stm32f103xe.o


==============================================================================

Image component sizes


      Code (inc. data)   RO Data    RW Data    ZI Data      Debug   Object Name

       198         24          0          0          0       6167   bsp_driver_sd.o
       148         22          0          0          0       3657   diskio.o
        32         10          0          5          0       1480   fatfs.o
        24          4          0          0          0        525   fatfs_platform.o
      4682         70        172          8         24      33650   ff.o
        70          4          0          0         12       1619   ff_gen_drv.o
       836         64          0          4          0       7211   hal_stm_lcd18.o
      1096        108          0         18        896     550307   main.o
       252         30         20          1          0       4436   sd_diskio.o
        36          8        304          0      12288        816   startup_stm32f103xe.o
       100         18          0         12          0       5934   stm32f1xx_hal.o
       616         28          0          0          0       3396   stm32f1xx_hal_adc.o
       158         14          0          0          0      28250   stm32f1xx_hal_cortex.o
      1172         52          0          0          0       5101   stm32f1xx_hal_dma.o
       538         42          0          0          0       4192   stm32f1xx_hal_gpio.o
      3348         44          0          0          0      20469   stm32f1xx_hal_i2c.o
       780        106          0          0          0       5120   stm32f1xx_hal_msp.o
        12          4          0          0          0        527   stm32f1xx_hal_pwr.o
      1336        110          0          0          0       5905   stm32f1xx_hal_rcc.o
       448         44          0          0          0       2609   stm32f1xx_hal_rcc_ex.o
       922         14          0          0          0       9548   stm32f1xx_hal_rtc.o
        64          0          0          0          0       2153   stm32f1xx_hal_rtc_ex.o
      3080         58          0          0          0      16183   stm32f1xx_hal_sd.o
       900          4          0          0          0       6950   stm32f1xx_hal_spi.o
       594         20          0          0          0       6545   stm32f1xx_hal_tim.o
        70          0          0          0          0       2401   stm32f1xx_hal_tim_ex.o
       116         16          0          0         64       1435   stm32f1xx_hal_timebase_tim.o
       136         60          0          0          0       7878   stm32f1xx_it.o
      1656         46          0          0          0      22463   stm32f1xx_ll_sdmmc.o
        72         16         24          4          0       1199   system_stm32f1xx.o

    ----------------------------------------------------------------------
     23532       1040        554         56      13288     768126   Object Totals
         0          0         32          0          0          0   (incl. Generated)
        40          0          2          4          4          0   (incl. Padding)

    ----------------------------------------------------------------------

      Code (inc. data)   RO Data    RW Data    ZI Data      Debug   Library Member Name

         0          0          0          0          0          0   entry.o
         0          0          0          0          0          0   entry10a.o
         0          0          0          0          0          0   entry11a.o
         8          4          0          0          0          0   entry2.o
         4          0          0          0          0          0   entry5.o
         0          0          0          0          0          0   entry7b.o
         0          0          0          0          0          0   entry8b.o
         8          4          0          0          0          0   entry9a.o
        30          0          0          0          0          0   handlers.o
        36          8          0          0          0         68   init.o
        36          0          0          0          0        108   memseta.o

    ----------------------------------------------------------------------
       122         16          0          0          0        176   Library Totals
         0          0          0          0          0          0   (incl. Padding)

    ----------------------------------------------------------------------

      Code (inc. data)   RO Data    RW Data    ZI Data      Debug   Library Name

       122         16          0          0          0        176   mc_w.l

    ----------------------------------------------------------------------
       122         16          0          0          0        176   Library Totals

    ----------------------------------------------------------------------

==============================================================================


      Code (inc. data)   RO Data    RW Data    ZI Data      Debug   

     23654       1056        554         56      13288     756390   Grand Totals
     23654       1056        554         56      13288     756390   ELF Image Totals
     23654       1056        554         56          0          0   ROM Totals

==============================================================================

    Total RO  Size (Code + RO Data)                24208 (  23.64kB)
    Total RW  Size (RW Data + ZI Data)             13344 (  13.03kB)
    Total ROM Size (Code + RO Data + RW Data)      24264 (  23.70kB)

==============================================================================

