<html>
<body>
<pre>
<h1>µVision Build Log</h1>
<h2>Tool Versions:</h2>
IDE-Version: µVision V5.23.0.0
Copyright (C) 2017 ARM Ltd and ARM Germany GmbH. All rights reserved.
License Information: hamid heydari, h, LIC=6XJTG-V3UBZ-C2GL6-DG0UC-GG99U-XW74K
 
Tool Versions:
Toolchain:       MDK-ARM Professional  Version: 5.23
Toolchain Path:  C:\Keil_v5\ARM\ARMCC\Bin
C Compiler:      Armcc.exe V5.06 update 4 (build 422)
Assembler:       Armasm.exe V5.06 update 4 (build 422)
Linker/Locator:  ArmLink.exe V5.06 update 4 (build 422)
Library Manager: ArmAr.exe V5.06 update 4 (build 422)
Hex Converter:   FromElf.exe V5.06 update 4 (build 422)
CPU DLL:         SARMCM3.DLL V5.23
Dialog DLL:      DARMCM1.DLL V1.17.0.0
Target DLL:      STLink\ST-LINKIII-KEIL_SWO.dll V2.0.18.0
Dialog DLL:      TARMCM1.DLL V1.12.0.0
 
<h2>Project:</h2>
G:\my_rep\MyProject STM\STM32F103\stm32f030_tft18_sdcard\MDK-ARM\stm32f030_tft18_sdcard.uvprojx
Project File Date:  08/14/2019

<h2>Output:</h2>
*** Using Compiler 'V5.06 update 4 (build 422)', folder: 'C:\Keil_v5\ARM\ARMCC\Bin'
Build target 'stm32f030_tft18_sdcard'
compiling main.c...
../Src/main.c(66): warning:  #177-D: variable "Myfiles"  was declared but never referenced
  	FIL Myfiles;
../Src/main.c(67): warning:  #177-D: variable "MyDir"  was declared but never referenced
  	DIR MyDir;
../Src/main.c(68): warning:  #177-D: variable "byteCount"  was declared but never referenced
  	UINT byteCount;
../Src/main.c: 3 warnings, 0 errors
linking...
Program Size: Code=12198 RO-data=398 RW-data=52 ZI-data=3788  
FromELF: creating hex file...
"stm32f030_tft18_sdcard\stm32f030_tft18_sdcard.axf" - 0 Error(s), 3 Warning(s).

<h2>Software Packages used:</h2>

Package Vendor: ARM
                http://www.keil.com/pack/ARM.CMSIS.5.5.1.pack
                ARM::CMSIS:CORE:5.2.0
                CMSIS (Cortex Microcontroller Software Interface Standard)
   * Component: CORE Version: 5.2.0

<h2>Collection of Component include folders:</h2>
  .\RTE\_stm32f030_tft18_sdcard
  C:\Keil_v5\ARM\PACK\ARM\CMSIS\5.5.1\CMSIS\Core\Include
  C:\Keil_v5\ARM\PACK\Keil\STM32F0xx_DFP\2.0.0\Drivers\CMSIS\Device\ST\STM32F0xx\Include

<h2>Collection of Component Files used:</h2>

   * Component: ARM::CMSIS:CORE:5.2.0
Build Time Elapsed:  00:00:01
</pre>
</body>
</html>
