Component: ARM Compiler 5.06 update 4 (build 422) Tool: armlink [4d35d2]

==============================================================================

Section Cross References

    startup_stm32f030x6.o(RESET) refers to startup_stm32f030x6.o(STACK) for __initial_sp
    startup_stm32f030x6.o(RESET) refers to startup_stm32f030x6.o(.text) for Reset_Handler
    startup_stm32f030x6.o(RESET) refers to stm32f0xx_it.o(i.NMI_Handler) for NMI_Handler
    startup_stm32f030x6.o(RESET) refers to stm32f0xx_it.o(i.HardFault_Handler) for HardFault_Handler
    startup_stm32f030x6.o(RESET) refers to stm32f0xx_it.o(i.SVC_Handler) for SVC_Handler
    startup_stm32f030x6.o(RESET) refers to stm32f0xx_it.o(i.PendSV_Handler) for PendSV_Handler
    startup_stm32f030x6.o(RESET) refers to stm32f0xx_it.o(i.SysTick_Handler) for SysTick_Handler
    startup_stm32f030x6.o(RESET) refers to stm32f0xx_it.o(i.SPI1_IRQHandler) for SPI1_IRQHandler
    startup_stm32f030x6.o(.text) refers to system_stm32f0xx.o(i.SystemInit) for SystemInit
    startup_stm32f030x6.o(.text) refers to entry.o(.ARM.Collect$$$$00000000) for __main
    user_diskio.o(i.USER_initialize) refers to fatfs_sd.o(i.SD_disk_initialize) for SD_disk_initialize
    user_diskio.o(i.USER_ioctl) refers to fatfs_sd.o(i.SD_disk_ioctl) for SD_disk_ioctl
    user_diskio.o(i.USER_read) refers to fatfs_sd.o(i.SD_disk_read) for SD_disk_read
    user_diskio.o(i.USER_status) refers to fatfs_sd.o(i.SD_disk_status) for SD_disk_status
    user_diskio.o(i.USER_write) refers to fatfs_sd.o(i.SD_disk_write) for SD_disk_write
    user_diskio.o(.data) refers to user_diskio.o(i.USER_initialize) for USER_initialize
    user_diskio.o(.data) refers to user_diskio.o(i.USER_status) for USER_status
    user_diskio.o(.data) refers to user_diskio.o(i.USER_read) for USER_read
    user_diskio.o(.data) refers to user_diskio.o(i.USER_write) for USER_write
    user_diskio.o(.data) refers to user_diskio.o(i.USER_ioctl) for USER_ioctl
    fatfs.o(i.MX_FATFS_Init) refers to ff_gen_drv.o(i.FATFS_LinkDriver) for FATFS_LinkDriver
    fatfs.o(i.MX_FATFS_Init) refers to fatfs.o(.data) for .data
    fatfs.o(i.MX_FATFS_Init) refers to user_diskio.o(.data) for USER_Driver
    main.o(i.Error_Handler) refers to stm32f0xx_hal_gpio.o(i.HAL_GPIO_TogglePin) for HAL_GPIO_TogglePin
    main.o(i.MX_SPI1_Init) refers to stm32f0xx_hal_spi.o(i.HAL_SPI_Init) for HAL_SPI_Init
    main.o(i.MX_SPI1_Init) refers to main.o(i.Error_Handler) for Error_Handler
    main.o(i.MX_SPI1_Init) refers to main.o(.bss) for .bss
    main.o(i.SDTimer_Handler) refers to main.o(.data) for .data
    main.o(i.SystemClock_Config) refers to memseta.o(.text) for __aeabi_memclr4
    main.o(i.SystemClock_Config) refers to stm32f0xx_hal_rcc.o(i.HAL_RCC_OscConfig) for HAL_RCC_OscConfig
    main.o(i.SystemClock_Config) refers to main.o(i.Error_Handler) for Error_Handler
    main.o(i.SystemClock_Config) refers to stm32f0xx_hal_rcc.o(i.HAL_RCC_ClockConfig) for HAL_RCC_ClockConfig
    main.o(i.main) refers to stm32f0xx_hal.o(i.HAL_Init) for HAL_Init
    main.o(i.main) refers to main.o(i.SystemClock_Config) for SystemClock_Config
    main.o(i.main) refers to memseta.o(.text) for __aeabi_memclr4
    main.o(i.main) refers to stm32f0xx_hal_gpio.o(i.HAL_GPIO_WritePin) for HAL_GPIO_WritePin
    main.o(i.main) refers to stm32f0xx_hal_gpio.o(i.HAL_GPIO_Init) for HAL_GPIO_Init
    main.o(i.main) refers to main.o(i.MX_SPI1_Init) for MX_SPI1_Init
    main.o(i.main) refers to fatfs.o(i.MX_FATFS_Init) for MX_FATFS_Init
    main.o(i.main) refers to hal_stm_lcd18.o(i.TFT7735_Init) for TFT7735_Init
    main.o(i.main) refers to hal_stm_lcd18.o(i.TFT7735_Position) for TFT7735_Position
    main.o(i.main) refers to ff.o(i.f_mount) for f_mount
    main.o(i.main) refers to main.o(i.Error_Handler) for Error_Handler
    main.o(i.main) refers to hal_stm_lcd18.o(i.TFT7735_Bitmap_sd) for TFT7735_Bitmap_sd
    main.o(i.main) refers to stm32f0xx_hal.o(i.HAL_Delay) for HAL_Delay
    stm32f0xx_it.o(i.SPI1_IRQHandler) refers to stm32f0xx_hal_spi.o(i.HAL_SPI_IRQHandler) for HAL_SPI_IRQHandler
    stm32f0xx_it.o(i.SPI1_IRQHandler) refers to main.o(.bss) for hspi1
    stm32f0xx_it.o(i.SysTick_Handler) refers to stm32f0xx_hal.o(i.HAL_IncTick) for HAL_IncTick
    stm32f0xx_hal_msp.o(i.HAL_SPI_MspDeInit) refers to stm32f0xx_hal_gpio.o(i.HAL_GPIO_DeInit) for HAL_GPIO_DeInit
    stm32f0xx_hal_msp.o(i.HAL_SPI_MspDeInit) refers to stm32f0xx_hal_cortex.o(i.HAL_NVIC_DisableIRQ) for HAL_NVIC_DisableIRQ
    stm32f0xx_hal_msp.o(i.HAL_SPI_MspInit) refers to memseta.o(.text) for __aeabi_memclr4
    stm32f0xx_hal_msp.o(i.HAL_SPI_MspInit) refers to stm32f0xx_hal_gpio.o(i.HAL_GPIO_Init) for HAL_GPIO_Init
    stm32f0xx_hal_msp.o(i.HAL_SPI_MspInit) refers to stm32f0xx_hal_cortex.o(i.HAL_NVIC_SetPriority) for HAL_NVIC_SetPriority
    stm32f0xx_hal_msp.o(i.HAL_SPI_MspInit) refers to stm32f0xx_hal_cortex.o(i.HAL_NVIC_EnableIRQ) for HAL_NVIC_EnableIRQ
[...]
    ff.o(i.f_mount) refers to ff.o(.data) for .data
    ff.o(i.f_open) refers to ff.o(i.find_volume) for find_volume
    ff.o(i.f_open) refers to ff.o(i.follow_path) for follow_path
    ff.o(i.f_open) refers to ff.o(i.chk_lock) for chk_lock
    ff.o(i.f_open) refers to ff.o(i.dir_register) for dir_register
    ff.o(i.f_open) refers to fatfs.o(i.get_fattime) for get_fattime
    ff.o(i.f_open) refers to ff.o(i.ld_clust) for ld_clust
    ff.o(i.f_open) refers to ff.o(i.st_clust) for st_clust
    ff.o(i.f_open) refers to ff.o(i.remove_chain) for remove_chain
    ff.o(i.f_open) refers to ff.o(i.move_window) for move_window
    ff.o(i.f_open) refers to ff.o(i.inc_lock) for inc_lock
    ff.o(i.f_open) refers to uread4.o(.text) for __aeabi_uread4
    ff.o(i.f_open) refers to ff.o(.bss) for .bss
    ff.o(i.f_opendir) refers to ff.o(i.find_volume) for find_volume
    ff.o(i.f_opendir) refers to ff.o(i.follow_path) for follow_path
    ff.o(i.f_opendir) refers to ff.o(i.ld_clust) for ld_clust
    ff.o(i.f_opendir) refers to ff.o(i.dir_sdi) for dir_sdi
    ff.o(i.f_opendir) refers to ff.o(i.inc_lock) for inc_lock
    ff.o(i.f_printf) refers to ff.o(i.putc_bfd) for putc_bfd
    ff.o(i.f_printf) refers to uidiv.o(.text) for __aeabi_uidivmod
    ff.o(i.f_printf) refers to ff.o(i.f_write) for f_write
    ff.o(i.f_putc) refers to ff.o(i.putc_bfd) for putc_bfd
    ff.o(i.f_putc) refers to ff.o(i.f_write) for f_write
    ff.o(i.f_puts) refers to ff.o(i.putc_bfd) for putc_bfd
    ff.o(i.f_puts) refers to ff.o(i.f_write) for f_write
    ff.o(i.f_read) refers to ff.o(i.validate) for validate
    ff.o(i.f_read) refers to ff.o(i.clmt_clust) for clmt_clust
    ff.o(i.f_read) refers to ff.o(i.get_fat) for get_fat
    ff.o(i.f_read) refers to ff.o(i.clust2sect) for clust2sect
    ff.o(i.f_read) refers to diskio.o(i.disk_read) for disk_read
    ff.o(i.f_read) refers to ff.o(i.mem_cpy) for mem_cpy
    ff.o(i.f_read) refers to diskio.o(i.disk_write) for disk_write
    ff.o(i.f_readdir) refers to ff.o(i.validate) for validate
    ff.o(i.f_readdir) refers to ff.o(i.dir_read) for dir_read
    ff.o(i.f_readdir) refers to ff.o(i.get_fileinfo) for get_fileinfo
    ff.o(i.f_readdir) refers to ff.o(i.dir_next) for dir_next
    ff.o(i.f_readdir) refers to ff.o(i.dir_sdi) for dir_sdi
    ff.o(i.f_rename) refers to ff.o(i.find_volume) for find_volume
    ff.o(i.f_rename) refers to ff.o(i.follow_path) for follow_path
    ff.o(i.f_rename) refers to ff.o(i.chk_lock) for chk_lock
    ff.o(i.f_rename) refers to ff.o(i.mem_cpy) for mem_cpy
    ff.o(i.f_rename) refers to ff.o(i.get_ldnumber) for get_ldnumber
    ff.o(i.f_rename) refers to ff.o(i.dir_register) for dir_register
    ff.o(i.f_rename) refers to ff.o(i.ld_clust) for ld_clust
    ff.o(i.f_rename) refers to ff.o(i.clust2sect) for clust2sect
    ff.o(i.f_rename) refers to ff.o(i.move_window) for move_window
    ff.o(i.f_rename) refers to ff.o(i.st_clust) for st_clust
    ff.o(i.f_rename) refers to ff.o(i.dir_remove) for dir_remove
    ff.o(i.f_rename) refers to ff.o(i.sync_fs) for sync_fs
    ff.o(i.f_stat) refers to ff.o(i.find_volume) for find_volume
    ff.o(i.f_stat) refers to ff.o(i.follow_path) for follow_path
    ff.o(i.f_stat) refers to ff.o(i.get_fileinfo) for get_fileinfo
    ff.o(i.f_sync) refers to ff.o(i.validate) for validate
    ff.o(i.f_sync) refers to diskio.o(i.disk_write) for disk_write
    ff.o(i.f_sync) refers to ff.o(i.move_window) for move_window
    ff.o(i.f_sync) refers to ff.o(i.st_clust) for st_clust
    ff.o(i.f_sync) refers to fatfs.o(i.get_fattime) for get_fattime
    ff.o(i.f_sync) refers to ff.o(i.sync_fs) for sync_fs
    ff.o(i.f_truncate) refers to ff.o(i.validate) for validate
    ff.o(i.f_truncate) refers to ff.o(i.get_fat) for get_fat
    ff.o(i.f_truncate) refers to ff.o(i.remove_chain) for remove_chain
    ff.o(i.f_truncate) refers to ff.o(i.put_fat) for put_fat
    ff.o(i.f_truncate) refers to diskio.o(i.disk_write) for disk_write
    ff.o(i.f_unlink) refers to ff.o(i.find_volume) for find_volume
    ff.o(i.f_unlink) refers to ff.o(i.follow_path) for follow_path
    ff.o(i.f_unlink) refers to ff.o(i.chk_lock) for chk_lock
    ff.o(i.f_unlink) refers to ff.o(i.ld_clust) for ld_clust
    ff.o(i.f_unlink) refers to ff.o(i.mem_cpy) for mem_cpy
    ff.o(i.f_unlink) refers to ff.o(i.dir_sdi) for dir_sdi
    ff.o(i.f_unlink) refers to ff.o(i.dir_read) for dir_read
    ff.o(i.f_unlink) refers to ff.o(i.dir_remove) for dir_remove
    ff.o(i.f_unlink) refers to ff.o(i.remove_chain) for remove_chain
    ff.o(i.f_unlink) refers to ff.o(i.sync_fs) for sync_fs
    ff.o(i.f_utime) refers to ff.o(i.find_volume) for find_volume
    ff.o(i.f_utime) refers to ff.o(i.follow_path) for follow_path
    ff.o(i.f_utime) refers to ff.o(i.sync_fs) for sync_fs
    ff.o(i.f_write) refers to ff.o(i.validate) for validate
    ff.o(i.f_write) refers to ff.o(i.clmt_clust) for clmt_clust
    ff.o(i.f_write) refers to ff.o(i.create_chain) for create_chain
    ff.o(i.f_write) refers to diskio.o(i.disk_write) for disk_write
    ff.o(i.f_write) refers to ff.o(i.clust2sect) for clust2sect
    ff.o(i.f_write) refers to ff.o(i.mem_cpy) for mem_cpy
    ff.o(i.f_write) refers to diskio.o(i.disk_read) for disk_read
    ff.o(i.find_volume) refers to ff.o(i.get_ldnumber) for get_ldnumber
    ff.o(i.find_volume) refers to diskio.o(i.disk_status) for disk_status
    ff.o(i.find_volume) refers to diskio.o(i.disk_initialize) for disk_initialize
    ff.o(i.find_volume) refers to ff.o(i.check_fs) for check_fs
    ff.o(i.find_volume) refers to uread4.o(.text) for __aeabi_uread4
    ff.o(i.find_volume) refers to uidiv.o(.text) for __aeabi_uidivmod
    ff.o(i.find_volume) refers to ff.o(i.move_window) for move_window
    ff.o(i.find_volume) refers to ff.o(i.clear_lock) for clear_lock
    ff.o(i.find_volume) refers to ff.o(.data) for .data
    ff.o(i.follow_path) refers to ff.o(i.dir_sdi) for dir_sdi
    ff.o(i.follow_path) refers to ff.o(i.create_name) for create_name
    ff.o(i.follow_path) refers to ff.o(i.move_window) for move_window
    ff.o(i.follow_path) refers to ff.o(i.dir_next) for dir_next
    ff.o(i.follow_path) refers to ff.o(i.ld_clust) for ld_clust
    ff.o(i.get_fat) refers to ff.o(i.move_window) for move_window
    ff.o(i.get_fat) refers to uread4.o(.text) for __aeabi_uread4
    ff.o(i.get_fileinfo) refers to uread4.o(.text) for __aeabi_uread4
    ff.o(i.inc_lock) refers to ff.o(.bss) for .bss
    ff.o(i.move_window) refers to ff.o(i.sync_window) for sync_window
    ff.o(i.move_window) refers to diskio.o(i.disk_read) for disk_read
    ff.o(i.put_fat) refers to ff.o(i.move_window) for move_window
    ff.o(i.put_fat) refers to uread4.o(.text) for __aeabi_uread4
    ff.o(i.putc_bfd) refers to ff.o(i.f_write) for f_write
    ff.o(i.remove_chain) refers to ff.o(i.get_fat) for get_fat
    ff.o(i.remove_chain) refers to ff.o(i.put_fat) for put_fat
    ff.o(i.sync_fs) refers to ff.o(i.sync_window) for sync_window
    ff.o(i.sync_fs) refers to ff.o(i.mem_set) for mem_set
    ff.o(i.sync_fs) refers to diskio.o(i.disk_write) for disk_write
    ff.o(i.sync_fs) refers to diskio.o(i.disk_ioctl) for disk_ioctl
    ff.o(i.sync_window) refers to diskio.o(i.disk_write) for disk_write
    ff.o(i.validate) refers to diskio.o(i.disk_status) for disk_status
    ff_gen_drv.o(i.FATFS_GetAttachedDriversNbr) refers to ff_gen_drv.o(.bss) for .bss
    ff_gen_drv.o(i.FATFS_LinkDriver) refers to ff_gen_drv.o(i.FATFS_LinkDriverEx) for FATFS_LinkDriverEx
    ff_gen_drv.o(i.FATFS_LinkDriverEx) refers to ff_gen_drv.o(.bss) for .bss
    ff_gen_drv.o(i.FATFS_UnLinkDriver) refers to ff_gen_drv.o(i.FATFS_UnLinkDriverEx) for FATFS_UnLinkDriverEx
    ff_gen_drv.o(i.FATFS_UnLinkDriverEx) refers to ff_gen_drv.o(.bss) for .bss
    entry.o(.ARM.Collect$$$$00000000) refers (Special) to entry10a.o(.ARM.Collect$$$$0000000D) for __rt_final_cpp
    entry.o(.ARM.Collect$$$$00000000) refers (Special) to entry11a.o(.ARM.Collect$$$$0000000F) for __rt_final_exit
    entry.o(.ARM.Collect$$$$00000000) refers (Special) to entry7b.o(.ARM.Collect$$$$00000008) for _main_clock
    entry.o(.ARM.Collect$$$$00000000) refers (Special) to entry8b.o(.ARM.Collect$$$$0000000A) for _main_cpp_init
    entry.o(.ARM.Collect$$$$00000000) refers (Special) to entry9a.o(.ARM.Collect$$$$0000000B) for _main_init
    entry.o(.ARM.Collect$$$$00000000) refers (Special) to entry5.o(.ARM.Collect$$$$00000004) for _main_scatterload
    entry.o(.ARM.Collect$$$$00000000) refers (Special) to entry2.o(.ARM.Collect$$$$00000001) for _main_stk
    fadd.o(.text) refers (Special) to iusefp.o(.text) for __I$use$fp
    fadd.o(.text) refers to fepilogue.o(.text) for _float_epilogue
    fdiv.o(.text) refers (Special) to iusefp.o(.text) for __I$use$fp
    fdiv.o(.text) refers to fepilogue.o(.text) for _float_round
    fscalb.o(.text) refers (Special) to iusefp.o(.text) for __I$use$fp
    fflti.o(.text) refers (Special) to iusefp.o(.text) for __I$use$fp
    fflti.o(.text) refers to fepilogue.o(.text) for _float_epilogue
    ffltui.o(.text) refers (Special) to iusefp.o(.text) for __I$use$fp
    ffltui.o(.text) refers to fepilogue.o(.text) for _float_epilogue
    ffixui.o(.text) refers (Special) to iusefp.o(.text) for __I$use$fp
    entry2.o(.ARM.Collect$$$$00000001) refers to entry2.o(.ARM.Collect$$$$00002712) for __lit__00000000
    entry2.o(.ARM.Collect$$$$00002712) refers to startup_stm32f030x6.o(STACK) for __initial_sp
    entry2.o(__vectab_stack_and_reset_area) refers to startup_stm32f030x6.o(STACK) for __initial_sp
    entry2.o(__vectab_stack_and_reset_area) refers to entry.o(.ARM.Collect$$$$00000000) for __main
    entry5.o(.ARM.Collect$$$$00000004) refers to init.o(.text) for __scatterload
    entry9a.o(.ARM.Collect$$$$0000000B) refers to main.o(i.main) for main
    entry9b.o(.ARM.Collect$$$$0000000C) refers to main.o(i.main) for main
    init.o(.text) refers to entry5.o(.ARM.Collect$$$$00000004) for __main_after_scatterload


==============================================================================

Removing Unused input sections from the image.

    Removing startup_stm32f030x6.o(HEAP), (1024 bytes).
    Removing user_diskio.o(.rev16_text), (4 bytes).
    Removing user_diskio.o(.revsh_text), (4 bytes).
    Removing fatfs.o(.rev16_text), (4 bytes).
    Removing fatfs.o(.revsh_text), (4 bytes).
    Removing fatfs.o(.bss), (560 bytes).
    Removing fatfs.o(.bss), (556 bytes).
    Removing main.o(.rev16_text), (4 bytes).
    Removing main.o(.revsh_text), (4 bytes).
    Removing main.o(i.SDTimer_Handler), (32 bytes).
    Removing main.o(.bss), (256 bytes).
    Removing main.o(.data), (1 bytes).
    Removing main.o(.data), (3 bytes).
    Removing main.o(.data), (1 bytes).
    Removing main.o(.data), (2 bytes).
    Removing main.o(.data), (1 bytes).
    Removing stm32f0xx_it.o(.rev16_text), (4 bytes).
    Removing stm32f0xx_it.o(.revsh_text), (4 bytes).
    Removing stm32f0xx_hal_msp.o(.rev16_text), (4 bytes).
    Removing stm32f0xx_hal_msp.o(.revsh_text), (4 bytes).
    Removing stm32f0xx_hal_msp.o(i.HAL_SPI_MspDeInit), (48 bytes).
    Removing fatfs_sd.o(.rev16_text), (4 bytes).
    Removing fatfs_sd.o(.revsh_text), (4 bytes).
    Removing hal_stm_lcd18.o(.rev16_text), (4 bytes).
    Removing hal_stm_lcd18.o(.revsh_text), (4 bytes).
    Removing hal_stm_lcd18.o(i.LCD_Delay_ms), (8 bytes).
    Removing hal_stm_lcd18.o(i.LCD_Delay_us), (10 bytes).
    Removing hal_stm_lcd18.o(i.TFT7735_CLS), (52 bytes).
    Removing hal_stm_lcd18.o(i.TFT7735_Circle), (262 bytes).
    Removing hal_stm_lcd18.o(i.TFT7735_DisplayOff), (52 bytes).
    Removing hal_stm_lcd18.o(i.TFT7735_DisplayOn), (48 bytes).
    Removing hal_stm_lcd18.o(i.TFT7735_DrawBitmap), (64 bytes).
    Removing hal_stm_lcd18.o(i.TFT7735_DrawHLine), (36 bytes).
    Removing hal_stm_lcd18.o(i.TFT7735_DrawVLine), (70 bytes).
    Removing hal_stm_lcd18.o(i.TFT7735_Ecllipse), (288 bytes).
    Removing hal_stm_lcd18.o(i.TFT7735_Gotoxy), (68 bytes).
    Removing hal_stm_lcd18.o(i.TFT7735_Line), (186 bytes).
    Removing hal_stm_lcd18.o(i.TFT7735_Putc), (172 bytes).
    Removing hal_stm_lcd18.o(i.TFT7735_Putchar), (100 bytes).
    Removing hal_stm_lcd18.o(i.TFT7735_Rect), (130 bytes).
    Removing hal_stm_lcd18.o(i.TFT7735_SetCursor), (38 bytes).
    Removing hal_stm_lcd18.o(i.TFT7735_Triangle), (248 bytes).
    Removing hal_stm_lcd18.o(i.TFT7735_WString), (28 bytes).
    Removing hal_stm_lcd18.o(i.TFT7735_WritePixel), (24 bytes).
    Removing hal_stm_lcd18.o(i.TFT7735_WriteString), (72 bytes).
    Removing hal_stm_lcd18.o(i.TFTT7735_InvertColors), (18 bytes).
    Removing hal_stm_lcd18.o(.constdata), (1552 bytes).
    Removing stm32f0xx_hal_spi.o(.rev16_text), (4 bytes).
    Removing stm32f0xx_hal_spi.o(.revsh_text), (4 bytes).
    Removing stm32f0xx_hal_spi.o(i.HAL_SPI_Abort), (360 bytes).
    Removing stm32f0xx_hal_spi.o(i.HAL_SPI_AbortCpltCallback), (2 bytes).
    Removing stm32f0xx_hal_spi.o(i.HAL_SPI_Abort_IT), (372 bytes).
    Removing stm32f0xx_hal_spi.o(i.HAL_SPI_DMAPause), (34 bytes).
    Removing stm32f0xx_hal_spi.o(i.HAL_SPI_DMAResume), (34 bytes).
    Removing stm32f0xx_hal_spi.o(i.HAL_SPI_DMAStop), (44 bytes).
    Removing stm32f0xx_hal_spi.o(i.HAL_SPI_DeInit), (48 bytes).
    Removing stm32f0xx_hal_spi.o(i.HAL_SPI_GetError), (4 bytes).
    Removing stm32f0xx_hal_spi.o(i.HAL_SPI_MspDeInit), (2 bytes).
    Removing stm32f0xx_hal_spi.o(i.HAL_SPI_MspInit), (2 bytes).
    Removing stm32f0xx_hal_spi.o(i.HAL_SPI_Receive), (344 bytes).
    Removing stm32f0xx_hal_spi.o(i.HAL_SPI_Receive_DMA), (316 bytes).
    Removing stm32f0xx_hal_spi.o(i.HAL_SPI_Receive_IT), (188 bytes).
    Removing stm32f0xx_hal_spi.o(i.HAL_SPI_RxCpltCallback), (2 bytes).
    Removing stm32f0xx_hal_spi.o(i.HAL_SPI_RxHalfCpltCallback), (2 bytes).
    Removing stm32f0xx_hal_spi.o(i.HAL_SPI_TransmitReceive_DMA), (432 bytes).
    Removing stm32f0xx_hal_spi.o(i.HAL_SPI_TransmitReceive_IT), (212 bytes).
    Removing stm32f0xx_hal_spi.o(i.HAL_SPI_Transmit_DMA), (244 bytes).
    Removing stm32f0xx_hal_spi.o(i.HAL_SPI_Transmit_IT), (148 bytes).
    Removing stm32f0xx_hal_spi.o(i.HAL_SPI_TxCpltCallback), (2 bytes).
    Removing stm32f0xx_hal_spi.o(i.HAL_SPI_TxHalfCpltCallback), (2 bytes).
    Removing stm32f0xx_hal_spi.o(i.HAL_SPI_TxRxCpltCallback), (2 bytes).
    Removing stm32f0xx_hal_spi.o(i.HAL_SPI_TxRxHalfCpltCallback), (2 bytes).
    Removing stm32f0xx_hal_spi.o(i.SPI_2linesRxISR_16BIT), (54 bytes).
    Removing stm32f0xx_hal_spi.o(i.SPI_2linesRxISR_8BIT), (94 bytes).
    Removing stm32f0xx_hal_spi.o(i.SPI_2linesTxISR_16BIT), (52 bytes).
    Removing stm32f0xx_hal_spi.o(i.SPI_2linesTxISR_8BIT), (72 bytes).
    Removing stm32f0xx_hal_spi.o(i.SPI_AbortRx_ISR), (132 bytes).
    Removing stm32f0xx_hal_spi.o(i.SPI_AbortTx_ISR), (128 bytes).
    Removing stm32f0xx_hal_spi.o(i.SPI_CloseRxTx_ISR), (82 bytes).
    Removing stm32f0xx_hal_spi.o(i.SPI_CloseRx_ISR), (66 bytes).
    Removing stm32f0xx_hal_spi.o(i.SPI_CloseTx_ISR), (80 bytes).
    Removing stm32f0xx_hal_spi.o(i.SPI_DMAError), (34 bytes).
    Removing stm32f0xx_hal_spi.o(i.SPI_DMAHalfReceiveCplt), (10 bytes).
    Removing stm32f0xx_hal_spi.o(i.SPI_DMAHalfTransmitCplt), (10 bytes).
    Removing stm32f0xx_hal_spi.o(i.SPI_DMAHalfTransmitReceiveCplt), (10 bytes).
    Removing stm32f0xx_hal_spi.o(i.SPI_DMAReceiveCplt), (88 bytes).
    Removing stm32f0xx_hal_spi.o(i.SPI_DMARxAbortCallback), (134 bytes).
    Removing stm32f0xx_hal_spi.o(i.SPI_DMATransmitCplt), (104 bytes).
    Removing stm32f0xx_hal_spi.o(i.SPI_DMATransmitReceiveCplt), (94 bytes).
    Removing stm32f0xx_hal_spi.o(i.SPI_DMATxAbortCallback), (128 bytes).
    Removing stm32f0xx_hal_spi.o(i.SPI_EndRxTransaction), (120 bytes).
    Removing stm32f0xx_hal_spi.o(i.SPI_RxISR_16BIT), (38 bytes).
    Removing stm32f0xx_hal_spi.o(i.SPI_RxISR_8BIT), (36 bytes).
    Removing stm32f0xx_hal_spi.o(i.SPI_TxISR_16BIT), (34 bytes).
    Removing stm32f0xx_hal_spi.o(i.SPI_TxISR_8BIT), (32 bytes).
    Removing stm32f0xx_hal_spi_ex.o(.rev16_text), (4 bytes).
    Removing stm32f0xx_hal_spi_ex.o(.revsh_text), (4 bytes).
    Removing stm32f0xx_hal_spi_ex.o(i.HAL_SPIEx_FlushRxFifo), (36 bytes).
    Removing stm32f0xx_hal_tim.o(.rev16_text), (4 bytes).
    Removing stm32f0xx_hal_tim.o(.revsh_text), (4 bytes).
    Removing stm32f0xx_hal_tim_ex.o(.rev16_text), (4 bytes).
    Removing stm32f0xx_hal_tim_ex.o(.revsh_text), (4 bytes).
    Removing stm32f0xx_hal_rcc.o(.rev16_text), (4 bytes).
    Removing stm32f0xx_hal_rcc.o(.revsh_text), (4 bytes).
    Removing stm32f0xx_hal_rcc.o(i.HAL_RCC_CSSCallback), (2 bytes).
    Removing stm32f0xx_hal_rcc.o(i.HAL_RCC_DeInit), (76 bytes).
    Removing stm32f0xx_hal_rcc.o(i.HAL_RCC_DisableCSS), (20 bytes).
    Removing stm32f0xx_hal_rcc.o(i.HAL_RCC_EnableCSS), (20 bytes).
    Removing stm32f0xx_hal_rcc.o(i.HAL_RCC_GetClockConfig), (56 bytes).
    Removing stm32f0xx_hal_rcc.o(i.HAL_RCC_GetOscConfig), (156 bytes).
    Removing stm32f0xx_hal_rcc.o(i.HAL_RCC_GetPCLK1Freq), (32 bytes).
    Removing stm32f0xx_hal_rcc.o(i.HAL_RCC_MCOConfig), (80 bytes).
    Removing stm32f0xx_hal_rcc.o(i.HAL_RCC_NMI_IRQHandler), (24 bytes).
    Removing stm32f0xx_hal_rcc_ex.o(.rev16_text), (4 bytes).
    Removing stm32f0xx_hal_rcc_ex.o(.revsh_text), (4 bytes).
    Removing stm32f0xx_hal_rcc_ex.o(i.HAL_RCCEx_GetPeriphCLKConfig), (44 bytes).
    Removing stm32f0xx_hal_rcc_ex.o(i.HAL_RCCEx_GetPeriphCLKFreq), (156 bytes).
    Removing stm32f0xx_hal_rcc_ex.o(i.HAL_RCCEx_PeriphCLKConfig), (232 bytes).
    Removing stm32f0xx_hal.o(.rev16_text), (4 bytes).
    Removing stm32f0xx_hal.o(.revsh_text), (4 bytes).
    Removing stm32f0xx_hal.o(i.HAL_DBGMCU_DisableDBGStandbyMode), (16 bytes).
    Removing stm32f0xx_hal.o(i.HAL_DBGMCU_DisableDBGStopMode), (16 bytes).
    Removing stm32f0xx_hal.o(i.HAL_DBGMCU_EnableDBGStandbyMode), (16 bytes).
    Removing stm32f0xx_hal.o(i.HAL_DBGMCU_EnableDBGStopMode), (16 bytes).
    Removing stm32f0xx_hal.o(i.HAL_DeInit), (36 bytes).
    Removing stm32f0xx_hal.o(i.HAL_GetDEVID), (16 bytes).
    Removing stm32f0xx_hal.o(i.HAL_GetHalVersion), (8 bytes).
    Removing stm32f0xx_hal.o(i.HAL_GetREVID), (12 bytes).
    Removing stm32f0xx_hal.o(i.HAL_GetUIDw0), (12 bytes).
    Removing stm32f0xx_hal.o(i.HAL_GetUIDw1), (12 bytes).
    Removing stm32f0xx_hal.o(i.HAL_GetUIDw2), (12 bytes).
    Removing stm32f0xx_hal.o(i.HAL_MspDeInit), (2 bytes).
    Removing stm32f0xx_hal.o(i.HAL_MspInit), (2 bytes).
    Removing stm32f0xx_hal.o(i.HAL_ResumeTick), (16 bytes).
    Removing stm32f0xx_hal.o(i.HAL_SuspendTick), (16 bytes).
    Removing stm32f0xx_hal_i2c.o(.rev16_text), (4 bytes).
    Removing stm32f0xx_hal_i2c.o(.revsh_text), (4 bytes).
    Removing stm32f0xx_hal_i2c.o(i.HAL_I2C_AbortCpltCallback), (2 bytes).
    Removing stm32f0xx_hal_i2c.o(i.HAL_I2C_AddrCallback), (2 bytes).
    Removing stm32f0xx_hal_i2c.o(i.HAL_I2C_DeInit), (52 bytes).
    Removing stm32f0xx_hal_i2c.o(i.HAL_I2C_DisableListen_IT), (48 bytes).
    Removing stm32f0xx_hal_i2c.o(i.HAL_I2C_ER_IRQHandler), (88 bytes).
    Removing stm32f0xx_hal_i2c.o(i.HAL_I2C_EV_IRQHandler), (16 bytes).
    Removing stm32f0xx_hal_i2c.o(i.HAL_I2C_EnableListen_IT), (40 bytes).
    Removing stm32f0xx_hal_i2c.o(i.HAL_I2C_ErrorCallback), (2 bytes).
    Removing stm32f0xx_hal_i2c.o(i.HAL_I2C_GetError), (4 bytes).
    Removing stm32f0xx_hal_i2c.o(i.HAL_I2C_GetMode), (6 bytes).
    Removing stm32f0xx_hal_i2c.o(i.HAL_I2C_GetState), (6 bytes).
    Removing stm32f0xx_hal_i2c.o(i.HAL_I2C_Init), (180 bytes).
    Removing stm32f0xx_hal_i2c.o(i.HAL_I2C_IsDeviceReady), (284 bytes).
    Removing stm32f0xx_hal_i2c.o(i.HAL_I2C_ListenCpltCallback), (2 bytes).
    Removing stm32f0xx_hal_i2c.o(i.HAL_I2C_MasterRxCpltCallback), (2 bytes).
    Removing stm32f0xx_hal_i2c.o(i.HAL_I2C_MasterTxCpltCallback), (2 bytes).
    Removing stm32f0xx_hal_i2c.o(i.HAL_I2C_Master_Abort_IT), (88 bytes).
    Removing stm32f0xx_hal_i2c.o(i.HAL_I2C_Master_Receive), (280 bytes).
    Removing stm32f0xx_hal_i2c.o(i.HAL_I2C_Master_Receive_DMA), (236 bytes).
    Removing stm32f0xx_hal_i2c.o(i.HAL_I2C_Master_Receive_IT), (124 bytes).
    Removing stm32f0xx_hal_i2c.o(i.HAL_I2C_Master_Sequential_Receive_IT), (116 bytes).
    Removing stm32f0xx_hal_i2c.o(i.HAL_I2C_Master_Sequential_Transmit_IT), (116 bytes).
    Removing stm32f0xx_hal_i2c.o(i.HAL_I2C_Master_Transmit), (280 bytes).
    Removing stm32f0xx_hal_i2c.o(i.HAL_I2C_Master_Transmit_DMA), (240 bytes).
    Removing stm32f0xx_hal_i2c.o(i.HAL_I2C_Master_Transmit_IT), (124 bytes).
    Removing stm32f0xx_hal_i2c.o(i.HAL_I2C_MemRxCpltCallback), (2 bytes).
    Removing stm32f0xx_hal_i2c.o(i.HAL_I2C_MemTxCpltCallback), (2 bytes).
    Removing stm32f0xx_hal_i2c.o(i.HAL_I2C_Mem_Read), (344 bytes).
    Removing stm32f0xx_hal_i2c.o(i.HAL_I2C_Mem_Read_DMA), (248 bytes).
    Removing stm32f0xx_hal_i2c.o(i.HAL_I2C_Mem_Read_IT), (188 bytes).
    Removing stm32f0xx_hal_i2c.o(i.HAL_I2C_Mem_Write), (340 bytes).
    Removing stm32f0xx_hal_i2c.o(i.HAL_I2C_Mem_Write_DMA), (244 bytes).
    Removing stm32f0xx_hal_i2c.o(i.HAL_I2C_Mem_Write_IT), (184 bytes).
    Removing stm32f0xx_hal_i2c.o(i.HAL_I2C_MspDeInit), (2 bytes).
    Removing stm32f0xx_hal_i2c.o(i.HAL_I2C_MspInit), (2 bytes).
    Removing stm32f0xx_hal_i2c.o(i.HAL_I2C_SlaveRxCpltCallback), (2 bytes).
    Removing stm32f0xx_hal_i2c.o(i.HAL_I2C_SlaveTxCpltCallback), (2 bytes).
    Removing stm32f0xx_hal_i2c.o(i.HAL_I2C_Slave_Receive), (292 bytes).
    Removing stm32f0xx_hal_i2c.o(i.HAL_I2C_Slave_Receive_DMA), (156 bytes).
    Removing stm32f0xx_hal_i2c.o(i.HAL_I2C_Slave_Receive_IT), (88 bytes).
    Removing stm32f0xx_hal_i2c.o(i.HAL_I2C_Slave_Sequential_Receive_IT), (144 bytes).
    Removing stm32f0xx_hal_i2c.o(i.HAL_I2C_Slave_Sequential_Transmit_IT), (144 bytes).
    Removing stm32f0xx_hal_i2c.o(i.HAL_I2C_Slave_Transmit), (300 bytes).
    Removing stm32f0xx_hal_i2c.o(i.HAL_I2C_Slave_Transmit_DMA), (156 bytes).
    Removing stm32f0xx_hal_i2c.o(i.HAL_I2C_Slave_Transmit_IT), (88 bytes).
    Removing stm32f0xx_hal_i2c.o(i.I2C_DMAAbort), (52 bytes).
    Removing stm32f0xx_hal_i2c.o(i.I2C_DMAError), (24 bytes).
    Removing stm32f0xx_hal_i2c.o(i.I2C_DMAMasterReceiveCplt), (68 bytes).
    Removing stm32f0xx_hal_i2c.o(i.I2C_DMAMasterTransmitCplt), (68 bytes).
    Removing stm32f0xx_hal_i2c.o(i.I2C_DMASlaveReceiveCplt), (2 bytes).
    Removing stm32f0xx_hal_i2c.o(i.I2C_DMASlaveTransmitCplt), (2 bytes).
    Removing stm32f0xx_hal_i2c.o(i.I2C_Disable_IRQ), (86 bytes).
    Removing stm32f0xx_hal_i2c.o(i.I2C_Enable_IRQ), (100 bytes).
    Removing stm32f0xx_hal_i2c.o(i.I2C_Flush_TXDR), (34 bytes).
    Removing stm32f0xx_hal_i2c.o(i.I2C_ITAddrCplt), (122 bytes).
    Removing stm32f0xx_hal_i2c.o(i.I2C_ITError), (204 bytes).
    Removing stm32f0xx_hal_i2c.o(i.I2C_ITListenCplt), (96 bytes).
    Removing stm32f0xx_hal_i2c.o(i.I2C_ITMasterCplt), (160 bytes).
    Removing stm32f0xx_hal_i2c.o(i.I2C_ITMasterSequentialCplt), (70 bytes).
    Removing stm32f0xx_hal_i2c.o(i.I2C_ITSlaveCplt), (232 bytes).
    Removing stm32f0xx_hal_i2c.o(i.I2C_ITSlaveSequentialCplt), (74 bytes).
    Removing stm32f0xx_hal_i2c.o(i.I2C_IsAcknowledgeFailed), (116 bytes).
    Removing stm32f0xx_hal_i2c.o(i.I2C_Master_ISR_DMA), (194 bytes).
    Removing stm32f0xx_hal_i2c.o(i.I2C_Master_ISR_IT), (296 bytes).
    Removing stm32f0xx_hal_i2c.o(i.I2C_RequestMemoryRead), (106 bytes).
    Removing stm32f0xx_hal_i2c.o(i.I2C_RequestMemoryWrite), (106 bytes).
    Removing stm32f0xx_hal_i2c.o(i.I2C_Slave_ISR_DMA), (104 bytes).
    Removing stm32f0xx_hal_i2c.o(i.I2C_Slave_ISR_IT), (280 bytes).
    Removing stm32f0xx_hal_i2c.o(i.I2C_TransferConfig), (36 bytes).
    Removing stm32f0xx_hal_i2c.o(i.I2C_WaitOnFlagUntilTimeout), (72 bytes).
    Removing stm32f0xx_hal_i2c.o(i.I2C_WaitOnRXNEFlagUntilTimeout), (120 bytes).
    Removing stm32f0xx_hal_i2c.o(i.I2C_WaitOnSTOPFlagUntilTimeout), (78 bytes).
    Removing stm32f0xx_hal_i2c.o(i.I2C_WaitOnTXISFlagUntilTimeout), (82 bytes).
    Removing stm32f0xx_hal_i2c_ex.o(.rev16_text), (4 bytes).
    Removing stm32f0xx_hal_i2c_ex.o(.revsh_text), (4 bytes).
    Removing stm32f0xx_hal_i2c_ex.o(i.HAL_I2CEx_ConfigAnalogFilter), (74 bytes).
    Removing stm32f0xx_hal_i2c_ex.o(i.HAL_I2CEx_ConfigDigitalFilter), (72 bytes).
    Removing stm32f0xx_hal_i2c_ex.o(i.HAL_I2CEx_DisableFastModePlus), (36 bytes).
    Removing stm32f0xx_hal_i2c_ex.o(i.HAL_I2CEx_EnableFastModePlus), (36 bytes).
    Removing stm32f0xx_hal_gpio.o(.rev16_text), (4 bytes).
    Removing stm32f0xx_hal_gpio.o(.revsh_text), (4 bytes).
    Removing stm32f0xx_hal_gpio.o(i.HAL_GPIO_DeInit), (212 bytes).
    Removing stm32f0xx_hal_gpio.o(i.HAL_GPIO_EXTI_Callback), (2 bytes).
    Removing stm32f0xx_hal_gpio.o(i.HAL_GPIO_EXTI_IRQHandler), (24 bytes).
    Removing stm32f0xx_hal_gpio.o(i.HAL_GPIO_LockPin), (36 bytes).
    Removing stm32f0xx_hal_gpio.o(i.HAL_GPIO_ReadPin), (10 bytes).
    Removing stm32f0xx_hal_dma.o(.rev16_text), (4 bytes).
    Removing stm32f0xx_hal_dma.o(.revsh_text), (4 bytes).
    Removing stm32f0xx_hal_dma.o(i.DMA_CalcBaseAndBitshift), (36 bytes).
    Removing stm32f0xx_hal_dma.o(i.DMA_SetConfig), (40 bytes).
    Removing stm32f0xx_hal_dma.o(i.HAL_DMA_Abort), (44 bytes).
    Removing stm32f0xx_hal_dma.o(i.HAL_DMA_DeInit), (66 bytes).
    Removing stm32f0xx_hal_dma.o(i.HAL_DMA_GetError), (4 bytes).
    Removing stm32f0xx_hal_dma.o(i.HAL_DMA_GetState), (6 bytes).
    Removing stm32f0xx_hal_dma.o(i.HAL_DMA_IRQHandler), (156 bytes).
    Removing stm32f0xx_hal_dma.o(i.HAL_DMA_Init), (88 bytes).
    Removing stm32f0xx_hal_dma.o(i.HAL_DMA_PollForTransfer), (176 bytes).
    Removing stm32f0xx_hal_dma.o(i.HAL_DMA_RegisterCallback), (72 bytes).
    Removing stm32f0xx_hal_dma.o(i.HAL_DMA_Start), (74 bytes).
    Removing stm32f0xx_hal_dma.o(i.HAL_DMA_Start_IT), (106 bytes).
    Removing stm32f0xx_hal_dma.o(i.HAL_DMA_UnRegisterCallback), (78 bytes).
    Removing stm32f0xx_hal_cortex.o(.rev16_text), (4 bytes).
    Removing stm32f0xx_hal_cortex.o(.revsh_text), (4 bytes).
    Removing stm32f0xx_hal_cortex.o(i.HAL_NVIC_ClearPendingIRQ), (20 bytes).
    Removing stm32f0xx_hal_cortex.o(i.HAL_NVIC_DisableIRQ), (20 bytes).
    Removing stm32f0xx_hal_cortex.o(i.HAL_NVIC_GetPendingIRQ), (28 bytes).
    Removing stm32f0xx_hal_cortex.o(i.HAL_NVIC_GetPriority), (52 bytes).
    Removing stm32f0xx_hal_cortex.o(i.HAL_NVIC_SetPendingIRQ), (20 bytes).
    Removing stm32f0xx_hal_cortex.o(i.HAL_NVIC_SystemReset), (28 bytes).
    Removing stm32f0xx_hal_cortex.o(i.HAL_SYSTICK_CLKSourceConfig), (24 bytes).
    Removing stm32f0xx_hal_cortex.o(i.HAL_SYSTICK_Callback), (2 bytes).
    Removing stm32f0xx_hal_cortex.o(i.HAL_SYSTICK_IRQHandler), (8 bytes).
    Removing stm32f0xx_hal_pwr.o(.rev16_text), (4 bytes).
    Removing stm32f0xx_hal_pwr.o(.revsh_text), (4 bytes).
    Removing stm32f0xx_hal_pwr.o(i.HAL_PWR_DeInit), (24 bytes).
    Removing stm32f0xx_hal_pwr.o(i.HAL_PWR_DisableBkUpAccess), (16 bytes).
    Removing stm32f0xx_hal_pwr.o(i.HAL_PWR_DisableSEVOnPend), (16 bytes).
    Removing stm32f0xx_hal_pwr.o(i.HAL_PWR_DisableSleepOnExit), (16 bytes).
    Removing stm32f0xx_hal_pwr.o(i.HAL_PWR_DisableWakeUpPin), (16 bytes).
    Removing stm32f0xx_hal_pwr.o(i.HAL_PWR_EnableBkUpAccess), (16 bytes).
    Removing stm32f0xx_hal_pwr.o(i.HAL_PWR_EnableSEVOnPend), (16 bytes).
    Removing stm32f0xx_hal_pwr.o(i.HAL_PWR_EnableSleepOnExit), (16 bytes).
    Removing stm32f0xx_hal_pwr.o(i.HAL_PWR_EnableWakeUpPin), (16 bytes).
    Removing stm32f0xx_hal_pwr.o(i.HAL_PWR_EnterSLEEPMode), (32 bytes).
    Removing stm32f0xx_hal_pwr.o(i.HAL_PWR_EnterSTANDBYMode), (32 bytes).
    Removing stm32f0xx_hal_pwr.o(i.HAL_PWR_EnterSTOPMode), (52 bytes).
    Removing stm32f0xx_hal_pwr_ex.o(.rev16_text), (4 bytes).
    Removing stm32f0xx_hal_pwr_ex.o(.revsh_text), (4 bytes).
    Removing stm32f0xx_hal_flash.o(.rev16_text), (4 bytes).
    Removing stm32f0xx_hal_flash.o(.revsh_text), (4 bytes).
    Removing stm32f0xx_hal_flash.o(i.FLASH_Program_HalfWord), (32 bytes).
    Removing stm32f0xx_hal_flash.o(i.FLASH_SetErrorCode), (56 bytes).
    Removing stm32f0xx_hal_flash.o(i.FLASH_WaitForLastOperation), (80 bytes).
    Removing stm32f0xx_hal_flash.o(i.HAL_FLASH_EndOfOperationCallback), (2 bytes).
    Removing stm32f0xx_hal_flash.o(i.HAL_FLASH_GetError), (12 bytes).
    Removing stm32f0xx_hal_flash.o(i.HAL_FLASH_IRQHandler), (268 bytes).
    Removing stm32f0xx_hal_flash.o(i.HAL_FLASH_Lock), (20 bytes).
    Removing stm32f0xx_hal_flash.o(i.HAL_FLASH_OB_Launch), (32 bytes).
    Removing stm32f0xx_hal_flash.o(i.HAL_FLASH_OB_Lock), (20 bytes).
    Removing stm32f0xx_hal_flash.o(i.HAL_FLASH_OB_Unlock), (36 bytes).
    Removing stm32f0xx_hal_flash.o(i.HAL_FLASH_OperationErrorCallback), (2 bytes).
    Removing stm32f0xx_hal_flash.o(i.HAL_FLASH_Program), (124 bytes).
    Removing stm32f0xx_hal_flash.o(i.HAL_FLASH_Program_IT), (100 bytes).
    Removing stm32f0xx_hal_flash.o(i.HAL_FLASH_Unlock), (40 bytes).
    Removing stm32f0xx_hal_flash.o(.bss), (32 bytes).
    Removing stm32f0xx_hal_flash_ex.o(.rev16_text), (4 bytes).
    Removing stm32f0xx_hal_flash_ex.o(.revsh_text), (4 bytes).
    Removing stm32f0xx_hal_flash_ex.o(i.FLASH_MassErase), (36 bytes).
    Removing stm32f0xx_hal_flash_ex.o(i.FLASH_OB_GetRDP), (32 bytes).
    Removing stm32f0xx_hal_flash_ex.o(i.FLASH_OB_RDP_LevelConfig), (96 bytes).
    Removing stm32f0xx_hal_flash_ex.o(i.FLASH_PageErase), (36 bytes).
    Removing stm32f0xx_hal_flash_ex.o(i.HAL_FLASHEx_Erase), (160 bytes).
    Removing stm32f0xx_hal_flash_ex.o(i.HAL_FLASHEx_Erase_IT), (88 bytes).
    Removing stm32f0xx_hal_flash_ex.o(i.HAL_FLASHEx_OBErase), (80 bytes).
    Removing stm32f0xx_hal_flash_ex.o(i.HAL_FLASHEx_OBGetConfig), (36 bytes).
    Removing stm32f0xx_hal_flash_ex.o(i.HAL_FLASHEx_OBGetUserData), (28 bytes).
    Removing stm32f0xx_hal_flash_ex.o(i.HAL_FLASHEx_OBProgram), (328 bytes).
    Removing system_stm32f0xx.o(.rev16_text), (4 bytes).
    Removing system_stm32f0xx.o(.revsh_text), (4 bytes).
    Removing system_stm32f0xx.o(i.SystemCoreClockUpdate), (108 bytes).
    Removing system_stm32f0xx.o(.constdata), (8 bytes).
    Removing ccsbcs.o(.rev16_text), (4 bytes).
    Removing ccsbcs.o(.revsh_text), (4 bytes).
    Removing ccsbcs.o(i.ff_convert), (56 bytes).
    Removing ccsbcs.o(i.ff_wtoupper), (36 bytes).
    Removing ccsbcs.o(.constdata), (1216 bytes).
    Removing diskio.o(.rev16_text), (4 bytes).
    Removing diskio.o(.revsh_text), (4 bytes).
    Removing diskio.o(i.get_fattime), (4 bytes).
    Removing ff.o(.rev16_text), (4 bytes).
    Removing ff.o(.revsh_text), (4 bytes).
    Removing ff.o(i.dir_read), (104 bytes).
    Removing ff.o(i.dir_remove), (62 bytes).
    Removing ff.o(i.f_chmod), (88 bytes).
    Removing ff.o(i.f_closedir), (40 bytes).
    Removing ff.o(i.f_getfree), (244 bytes).
    Removing ff.o(i.f_gets), (72 bytes).
    Removing ff.o(i.f_lseek), (610 bytes).
    Removing ff.o(i.f_mkdir), (366 bytes).
    Removing ff.o(i.f_mkfs), (1322 bytes).
    Removing ff.o(i.f_opendir), (146 bytes).
    Removing ff.o(i.f_printf), (488 bytes).
    Removing ff.o(i.f_putc), (62 bytes).
    Removing ff.o(i.f_puts), (72 bytes).
    Removing ff.o(i.f_readdir), (86 bytes).
    Removing ff.o(i.f_rename), (294 bytes).
    Removing ff.o(i.f_stat), (68 bytes).
    Removing ff.o(i.f_truncate), (200 bytes).
    Removing ff.o(i.f_unlink), (182 bytes).
    Removing ff.o(i.f_utime), (92 bytes).
    Removing ff.o(i.f_write), (440 bytes).
    Removing ff.o(i.get_fileinfo), (102 bytes).
    Removing ff.o(i.putc_bfd), (70 bytes).
    Removing ff_gen_drv.o(.rev16_text), (4 bytes).
    Removing ff_gen_drv.o(.revsh_text), (4 bytes).
    Removing ff_gen_drv.o(i.FATFS_GetAttachedDriversNbr), (12 bytes).
    Removing ff_gen_drv.o(i.FATFS_UnLinkDriver), (10 bytes).
    Removing ff_gen_drv.o(i.FATFS_UnLinkDriverEx), (52 bytes).
    Removing syscall.o(.rev16_text), (4 bytes).
    Removing syscall.o(.revsh_text), (4 bytes).
    Removing fadd.o(.text), (178 bytes).
    Removing fdiv.o(.text), (124 bytes).
    Removing fscalb.o(.text), (24 bytes).
    Removing fflti.o(.text), (22 bytes).
    Removing ffltui.o(.text), (14 bytes).
    Removing ffixui.o(.text), (40 bytes).
    Removing fepilogue.o(.text), (130 bytes).
    Removing stm32f0xx_hal_dma.o(i.__ARM_common_switch8), (26 bytes).

345 unused section(s) (total 31030 bytes) removed from the image.

==============================================================================

Image Symbol Table

    Local Symbols

    Symbol Name                              Value     Ov Type        Size  Object(Section)

    ../Drivers/STM32F0xx_HAL_Driver/Src/stm32f0xx_hal.c 0x00000000   Number         0  stm32f0xx_hal.o ABSOLUTE
    ../Drivers/STM32F0xx_HAL_Driver/Src/stm32f0xx_hal_cortex.c 0x00000000   Number         0  stm32f0xx_hal_cortex.o ABSOLUTE
    ../Drivers/STM32F0xx_HAL_Driver/Src/stm32f0xx_hal_dma.c 0x00000000   Number         0  stm32f0xx_hal_dma.o ABSOLUTE
    ../Drivers/STM32F0xx_HAL_Driver/Src/stm32f0xx_hal_flash.c 0x00000000   Number         0  stm32f0xx_hal_flash.o ABSOLUTE
    ../Drivers/STM32F0xx_HAL_Driver/Src/stm32f0xx_hal_flash_ex.c 0x00000000   Number         0  stm32f0xx_hal_flash_ex.o ABSOLUTE
    ../Drivers/STM32F0xx_HAL_Driver/Src/stm32f0xx_hal_gpio.c 0x00000000   Number         0  stm32f0xx_hal_gpio.o ABSOLUTE
    ../Drivers/STM32F0xx_HAL_Driver/Src/stm32f0xx_hal_i2c.c 0x00000000   Number         0  stm32f0xx_hal_i2c.o ABSOLUTE
    ../Drivers/STM32F0xx_HAL_Driver/Src/stm32f0xx_hal_i2c_ex.c 0x00000000   Number         0  stm32f0xx_hal_i2c_ex.o ABSOLUTE
    ../Drivers/STM32F0xx_HAL_Driver/Src/stm32f0xx_hal_pwr.c 0x00000000   Number         0  stm32f0xx_hal_pwr.o ABSOLUTE
    ../Drivers/STM32F0xx_HAL_Driver/Src/stm32f0xx_hal_pwr_ex.c 0x00000000   Number         0  stm32f0xx_hal_pwr_ex.o ABSOLUTE
    ../Drivers/STM32F0xx_HAL_Driver/Src/stm32f0xx_hal_rcc.c 0x00000000   Number         0  stm32f0xx_hal_rcc.o ABSOLUTE
    ../Drivers/STM32F0xx_HAL_Driver/Src/stm32f0xx_hal_rcc_ex.c 0x00000000   Number         0  stm32f0xx_hal_rcc_ex.o ABSOLUTE
    ../Drivers/STM32F0xx_HAL_Driver/Src/stm32f0xx_hal_spi.c 0x00000000   Number         0  stm32f0xx_hal_spi.o ABSOLUTE
    ../Drivers/STM32F0xx_HAL_Driver/Src/stm32f0xx_hal_spi_ex.c 0x00000000   Number         0  stm32f0xx_hal_spi_ex.o ABSOLUTE
    ../Drivers/STM32F0xx_HAL_Driver/Src/stm32f0xx_hal_tim.c 0x00000000   Number         0  stm32f0xx_hal_tim.o ABSOLUTE
    ../Drivers/STM32F0xx_HAL_Driver/Src/stm32f0xx_hal_tim_ex.c 0x00000000   Number         0  stm32f0xx_hal_tim_ex.o ABSOLUTE
    ../Middlewares/Third_Party/FatFs/src/diskio.c 0x00000000   Number         0  diskio.o ABSOLUTE
    ../Middlewares/Third_Party/FatFs/src/ff.c 0x00000000   Number         0  ff.o ABSOLUTE
    ../Middlewares/Third_Party/FatFs/src/ff_gen_drv.c 0x00000000   Number         0  ff_gen_drv.o ABSOLUTE
    ../Middlewares/Third_Party/FatFs/src/option/syscall.c 0x00000000   Number         0  syscall.o ABSOLUTE
    ../Src/fatfs.c                           0x00000000   Number         0  fatfs.o ABSOLUTE
    ../Src/main.c                            0x00000000   Number         0  main.o ABSOLUTE
    ../Src/stm32f0xx_hal_msp.c               0x00000000   Number         0  stm32f0xx_hal_msp.o ABSOLUTE
    ../Src/stm32f0xx_it.c                    0x00000000   Number         0  stm32f0xx_it.o ABSOLUTE
    ../Src/system_stm32f0xx.c                0x00000000   Number         0  system_stm32f0xx.o ABSOLUTE
    ../Src/user_diskio.c                     0x00000000   Number         0  user_diskio.o ABSOLUTE
    ../clib/microlib/division.c              0x00000000   Number         0  uidiv.o ABSOLUTE
    ../clib/microlib/init/entry.s            0x00000000   Number         0  entry5.o ABSOLUTE
    ../clib/microlib/init/entry.s            0x00000000   Number         0  entry2.o ABSOLUTE
    ../clib/microlib/init/entry.s            0x00000000   Number         0  entry11b.o ABSOLUTE
    ../clib/microlib/init/entry.s            0x00000000   Number         0  entry.o ABSOLUTE
    ../clib/microlib/init/entry.s            0x00000000   Number         0  entry11a.o ABSOLUTE
    ../clib/microlib/init/entry.s            0x00000000   Number         0  entry10b.o ABSOLUTE
    ../clib/microlib/init/entry.s            0x00000000   Number         0  entry10a.o ABSOLUTE
    ../clib/microlib/init/entry.s            0x00000000   Number         0  entry9b.o ABSOLUTE
    ../clib/microlib/init/entry.s            0x00000000   Number         0  entry9a.o ABSOLUTE
    ../clib/microlib/init/entry.s            0x00000000   Number         0  entry7b.o ABSOLUTE
    ../clib/microlib/init/entry.s            0x00000000   Number         0  entry8b.o ABSOLUTE
    ../clib/microlib/init/entry.s            0x00000000   Number         0  entry8a.o ABSOLUTE
    ../clib/microlib/init/entry.s            0x00000000   Number         0  entry7a.o ABSOLUTE
    ../clib/microlib/longlong.c              0x00000000   Number         0  llushr.o ABSOLUTE
    ../clib/microlib/string/memset.c         0x00000000   Number         0  memseta.o ABSOLUTE
    ../clib/microlib/stubs.s                 0x00000000   Number         0  iusefp.o ABSOLUTE
    ../clib/microlib/unhosted.c              0x00000000   Number         0  uread4.o ABSOLUTE
    ../fplib/microlib/fpadd.c                0x00000000   Number         0  fadd.o ABSOLUTE
    ../fplib/microlib/fpdiv.c                0x00000000   Number         0  fdiv.o ABSOLUTE
    ../fplib/microlib/fpepilogue.c           0x00000000   Number         0  fepilogue.o ABSOLUTE
    ../fplib/microlib/fpfix.c                0x00000000   Number         0  ffixui.o ABSOLUTE
    ../fplib/microlib/fpflt.c                0x00000000   Number         0  ffltui.o ABSOLUTE
    ../fplib/microlib/fpflt.c                0x00000000   Number         0  fflti.o ABSOLUTE
    ../fplib/microlib/fpscalb.c              0x00000000   Number         0  fscalb.o ABSOLUTE
    ..\Drivers\STM32F0xx_HAL_Driver\Src\stm32f0xx_hal.c 0x00000000   Number         0  stm32f0xx_hal.o ABSOLUTE
    ..\Drivers\STM32F0xx_HAL_Driver\Src\stm32f0xx_hal_cortex.c 0x00000000   Number         0  stm32f0xx_hal_cortex.o ABSOLUTE
    ..\Drivers\STM32F0xx_HAL_Driver\Src\stm32f0xx_hal_dma.c 0x00000000   Number         0  stm32f0xx_hal_dma.o ABSOLUTE
    ..\Drivers\STM32F0xx_HAL_Driver\Src\stm32f0xx_hal_flash.c 0x00000000   Number         0  stm32f0xx_hal_flash.o ABSOLUTE
    ..\Drivers\STM32F0xx_HAL_Driver\Src\stm32f0xx_hal_flash_ex.c 0x00000000   Number         0  stm32f0xx_hal_flash_ex.o ABSOLUTE
    ..\Drivers\STM32F0xx_HAL_Driver\Src\stm32f0xx_hal_gpio.c 0x00000000   Number         0  stm32f0xx_hal_gpio.o ABSOLUTE
    ..\Drivers\STM32F0xx_HAL_Driver\Src\stm32f0xx_hal_i2c.c 0x00000000   Number         0  stm32f0xx_hal_i2c.o ABSOLUTE
    ..\Drivers\STM32F0xx_HAL_Driver\Src\stm32f0xx_hal_i2c_ex.c 0x00000000   Number         0  stm32f0xx_hal_i2c_ex.o ABSOLUTE
    ..\Drivers\STM32F0xx_HAL_Driver\Src\stm32f0xx_hal_pwr.c 0x00000000   Number         0  stm32f0xx_hal_pwr.o ABSOLUTE
    ..\Drivers\STM32F0xx_HAL_Driver\Src\stm32f0xx_hal_pwr_ex.c 0x00000000   Number         0  stm32f0xx_hal_pwr_ex.o ABSOLUTE
    ..\Drivers\STM32F0xx_HAL_Driver\Src\stm32f0xx_hal_rcc.c 0x00000000   Number         0  stm32f0xx_hal_rcc.o ABSOLUTE
    ..\Drivers\STM32F0xx_HAL_Driver\Src\stm32f0xx_hal_rcc_ex.c 0x00000000   Number         0  stm32f0xx_hal_rcc_ex.o ABSOLUTE
    ..\Drivers\STM32F0xx_HAL_Driver\Src\stm32f0xx_hal_spi.c 0x00000000   Number         0  stm32f0xx_hal_spi.o ABSOLUTE
    ..\Drivers\STM32F0xx_HAL_Driver\Src\stm32f0xx_hal_spi_ex.c 0x00000000   Number         0  stm32f0xx_hal_spi_ex.o ABSOLUTE
    ..\Drivers\STM32F0xx_HAL_Driver\Src\stm32f0xx_hal_tim.c 0x00000000   Number         0  stm32f0xx_hal_tim.o ABSOLUTE
    ..\Drivers\STM32F0xx_HAL_Driver\Src\stm32f0xx_hal_tim_ex.c 0x00000000   Number         0  stm32f0xx_hal_tim_ex.o ABSOLUTE
    ..\Middlewares\Third_Party\FatFs\src\diskio.c 0x00000000   Number         0  diskio.o ABSOLUTE
    ..\Middlewares\Third_Party\FatFs\src\ff.c 0x00000000   Number         0  ff.o ABSOLUTE
    ..\Middlewares\Third_Party\FatFs\src\ff_gen_drv.c 0x00000000   Number         0  ff_gen_drv.o ABSOLUTE
    ..\Middlewares\Third_Party\FatFs\src\option\syscall.c 0x00000000   Number         0  syscall.o ABSOLUTE
    ..\Src\fatfs.c                           0x00000000   Number         0  fatfs.o ABSOLUTE
    ..\Src\main.c                            0x00000000   Number         0  main.o ABSOLUTE
    ..\Src\stm32f0xx_hal_msp.c               0x00000000   Number         0  stm32f0xx_hal_msp.o ABSOLUTE
    ..\Src\stm32f0xx_it.c                    0x00000000   Number         0  stm32f0xx_it.o ABSOLUTE
    ..\Src\system_stm32f0xx.c                0x00000000   Number         0  system_stm32f0xx.o ABSOLUTE
    ..\Src\user_diskio.c                     0x00000000   Number         0  user_diskio.o ABSOLUTE
    ..\\lcd1.8\\HAL_STM_LCD18.c              0x00000000   Number         0  hal_stm_lcd18.o ABSOLUTE
    ..\\lib_sd\\ccsbcs.c                     0x00000000   Number         0  ccsbcs.o ABSOLUTE
    ..\\lib_sd\\fatfs_sd.c                   0x00000000   Number         0  fatfs_sd.o ABSOLUTE
    ..\lcd1.8\HAL_STM_LCD18.c                0x00000000   Number         0  hal_stm_lcd18.o ABSOLUTE
    ..\lib_sd\ccsbcs.c                       0x00000000   Number         0  ccsbcs.o ABSOLUTE
    ..\lib_sd\fatfs_sd.c                     0x00000000   Number         0  fatfs_sd.o ABSOLUTE
    dc.s                                     0x00000000   Number         0  dc.o ABSOLUTE
    handlers.s                               0x00000000   Number         0  handlers.o ABSOLUTE
    init.s                                   0x00000000   Number         0  init.o ABSOLUTE
    startup_stm32f030x6.s                    0x00000000   Number         0  startup_stm32f030x6.o ABSOLUTE
    RESET                                    0x08000000   Section      176  startup_stm32f030x6.o(RESET)
    .ARM.Collect$$$$00000000                 0x080000b0   Section        0  entry.o(.ARM.Collect$$$$00000000)
    .ARM.Collect$$$$00000001                 0x080000b0   Section        4  entry2.o(.ARM.Collect$$$$00000001)
    .ARM.Collect$$$$00000004                 0x080000b4   Section        4  entry5.o(.ARM.Collect$$$$00000004)
    .ARM.Collect$$$$00000008                 0x080000b8   Section        0  entry7b.o(.ARM.Collect$$$$00000008)
    .ARM.Collect$$$$0000000A                 0x080000b8   Section        0  entry8b.o(.ARM.Collect$$$$0000000A)
    .ARM.Collect$$$$0000000B                 0x080000b8   Section        8  entry9a.o(.ARM.Collect$$$$0000000B)
    .ARM.Collect$$$$0000000D                 0x080000c0   Section        0  entry10a.o(.ARM.Collect$$$$0000000D)
    .ARM.Collect$$$$0000000F                 0x080000c0   Section        0  entry11a.o(.ARM.Collect$$$$0000000F)
    .ARM.Collect$$$$00002712                 0x080000c0   Section        4  entry2.o(.ARM.Collect$$$$00002712)
    __lit__00000000                          0x080000c0   Data           4  entry2.o(.ARM.Collect$$$$00002712)
    .text                                    0x080000c4   Section       28  startup_stm32f030x6.o(.text)
    .text                                    0x080000e0   Section        0  uidiv.o(.text)
    .text                                    0x0800010c   Section        0  memseta.o(.text)
    .text                                    0x08000130   Section        0  uread4.o(.text)
    .text                                    0x08000144   Section       36  init.o(.text)
    i.DESELECT                               0x08000168   Section        0  fatfs_sd.o(i.DESELECT)
    DESELECT                                 0x08000169   Thumb Code    16  fatfs_sd.o(i.DESELECT)
    i.Error_Handler                          0x08000178   Section        0  main.o(i.Error_Handler)
    i.FATFS_LinkDriver                       0x08000186   Section        0  ff_gen_drv.o(i.FATFS_LinkDriver)
    i.FATFS_LinkDriverEx                     0x08000190   Section        0  ff_gen_drv.o(i.FATFS_LinkDriverEx)
    i.HAL_DMA_Abort_IT                       0x080001d0   Section        0  stm32f0xx_hal_dma.o(i.HAL_DMA_Abort_IT)
    i.HAL_Delay                              0x08000218   Section        0  stm32f0xx_hal.o(i.HAL_Delay)
    i.HAL_GPIO_Init                          0x08000234   Section        0  stm32f0xx_hal_gpio.o(i.HAL_GPIO_Init)
    i.HAL_GPIO_TogglePin                     0x0800037c   Section        0  stm32f0xx_hal_gpio.o(i.HAL_GPIO_TogglePin)
    i.HAL_GPIO_WritePin                      0x08000384   Section        0  stm32f0xx_hal_gpio.o(i.HAL_GPIO_WritePin)
    i.HAL_GetTick                            0x08000390   Section        0  stm32f0xx_hal.o(i.HAL_GetTick)
    i.HAL_IncTick                            0x0800039c   Section        0  stm32f0xx_hal.o(i.HAL_IncTick)
    i.HAL_Init                               0x080003ac   Section        0  stm32f0xx_hal.o(i.HAL_Init)
    i.HAL_InitTick                           0x080003cc   Section        0  stm32f0xx_hal.o(i.HAL_InitTick)
    i.HAL_MspInit                            0x080003f0   Section        0  stm32f0xx_hal_msp.o(i.HAL_MspInit)
    i.HAL_NVIC_EnableIRQ                     0x08000418   Section        0  stm32f0xx_hal_cortex.o(i.HAL_NVIC_EnableIRQ)
    i.HAL_NVIC_SetPriority                   0x0800042c   Section        0  stm32f0xx_hal_cortex.o(i.HAL_NVIC_SetPriority)
    i.HAL_RCC_ClockConfig                    0x08000434   Section        0  stm32f0xx_hal_rcc.o(i.HAL_RCC_ClockConfig)
    i.HAL_RCC_GetHCLKFreq                    0x08000560   Section        0  stm32f0xx_hal_rcc.o(i.HAL_RCC_GetHCLKFreq)
    i.HAL_RCC_GetSysClockFreq                0x0800056c   Section        0  stm32f0xx_hal_rcc.o(i.HAL_RCC_GetSysClockFreq)
    i.HAL_RCC_OscConfig                      0x080005e4   Section        0  stm32f0xx_hal_rcc.o(i.HAL_RCC_OscConfig)
    i.HAL_SPI_ErrorCallback                  0x08000938   Section        0  stm32f0xx_hal_spi.o(i.HAL_SPI_ErrorCallback)
    i.HAL_SPI_GetState                       0x0800093a   Section        0  stm32f0xx_hal_spi.o(i.HAL_SPI_GetState)
    i.HAL_SPI_IRQHandler                     0x08000940   Section        0  stm32f0xx_hal_spi.o(i.HAL_SPI_IRQHandler)
    i.HAL_SPI_Init                           0x08000a14   Section        0  stm32f0xx_hal_spi.o(i.HAL_SPI_Init)
    i.HAL_SPI_MspInit                        0x08000acc   Section        0  stm32f0xx_hal_msp.o(i.HAL_SPI_MspInit)
    i.HAL_SPI_Transmit                       0x08000b38   Section        0  stm32f0xx_hal_spi.o(i.HAL_SPI_Transmit)
    i.HAL_SPI_TransmitReceive                0x08000ca8   Section        0  stm32f0xx_hal_spi.o(i.HAL_SPI_TransmitReceive)
    i.HAL_SYSTICK_Config                     0x08000ef0   Section        0  stm32f0xx_hal_cortex.o(i.HAL_SYSTICK_Config)
    i.HardFault_Handler                      0x08000f20   Section        0  stm32f0xx_it.o(i.HardFault_Handler)
    i.MX_FATFS_Init                          0x08000f24   Section        0  fatfs.o(i.MX_FATFS_Init)
    i.MX_SPI1_Init                           0x08000f40   Section        0  main.o(i.MX_SPI1_Init)
    MX_SPI1_Init                             0x08000f41   Thumb Code    66  main.o(i.MX_SPI1_Init)
    i.NMI_Handler                            0x08000f8c   Section        0  stm32f0xx_it.o(i.NMI_Handler)
    i.NVIC_SetPriority                       0x08000f90   Section        0  stm32f0xx_hal_cortex.o(i.NVIC_SetPriority)
    NVIC_SetPriority                         0x08000f91   Thumb Code    60  stm32f0xx_hal_cortex.o(i.NVIC_SetPriority)
    i.PendSV_Handler                         0x08000fd4   Section        0  stm32f0xx_it.o(i.PendSV_Handler)
    i.SD_PowerOn                             0x08000fd8   Section        0  fatfs_sd.o(i.SD_PowerOn)
    SD_PowerOn                               0x08000fd9   Thumb Code    96  fatfs_sd.o(i.SD_PowerOn)
    i.SD_ReadyWait                           0x08001040   Section        0  fatfs_sd.o(i.SD_ReadyWait)
    SD_ReadyWait                             0x08001041   Thumb Code    28  fatfs_sd.o(i.SD_ReadyWait)
    i.SD_RxDataBlock                         0x08001060   Section        0  fatfs_sd.o(i.SD_RxDataBlock)
    SD_RxDataBlock                           0x08001061   Thumb Code    70  fatfs_sd.o(i.SD_RxDataBlock)
    i.SD_SendCmd                             0x080010ac   Section        0  fatfs_sd.o(i.SD_SendCmd)
    SD_SendCmd                               0x080010ad   Thumb Code   108  fatfs_sd.o(i.SD_SendCmd)
    i.SD_TxDataBlock                         0x08001118   Section        0  fatfs_sd.o(i.SD_TxDataBlock)
    SD_TxDataBlock                           0x08001119   Thumb Code   104  fatfs_sd.o(i.SD_TxDataBlock)
    i.SD_disk_initialize                     0x08001180   Section        0  fatfs_sd.o(i.SD_disk_initialize)
    i.SD_disk_ioctl                          0x080012c0   Section        0  fatfs_sd.o(i.SD_disk_ioctl)
    i.SD_disk_read                           0x08001404   Section        0  fatfs_sd.o(i.SD_disk_read)
    i.SD_disk_status                         0x080014a8   Section        0  fatfs_sd.o(i.SD_disk_status)
    i.SD_disk_write                          0x080014bc   Section        0  fatfs_sd.o(i.SD_disk_write)
    i.SELECT                                 0x08001584   Section        0  fatfs_sd.o(i.SELECT)
    SELECT                                   0x08001585   Thumb Code    16  fatfs_sd.o(i.SELECT)
    i.SPI1_IRQHandler                        0x08001594   Section        0  stm32f0xx_it.o(i.SPI1_IRQHandler)
    i.SPI_DMAAbortOnError                    0x080015a4   Section        0  stm32f0xx_hal_spi.o(i.SPI_DMAAbortOnError)
    SPI_DMAAbortOnError                      0x080015a5   Thumb Code    18  stm32f0xx_hal_spi.o(i.SPI_DMAAbortOnError)
    i.SPI_EndRxTxTransaction                 0x080015b6   Section        0  stm32f0xx_hal_spi.o(i.SPI_EndRxTxTransaction)
    SPI_EndRxTxTransaction                   0x080015b7   Thumb Code    76  stm32f0xx_hal_spi.o(i.SPI_EndRxTxTransaction)
    i.SPI_RxByte                             0x08001604   Section        0  fatfs_sd.o(i.SPI_RxByte)
    SPI_RxByte                               0x08001605   Thumb Code    44  fatfs_sd.o(i.SPI_RxByte)
    i.SPI_TxByte                             0x08001634   Section        0  fatfs_sd.o(i.SPI_TxByte)
    SPI_TxByte                               0x08001635   Thumb Code    26  fatfs_sd.o(i.SPI_TxByte)
    i.SPI_WaitFifoStateUntilTimeout          0x08001654   Section        0  stm32f0xx_hal_spi.o(i.SPI_WaitFifoStateUntilTimeout)
    SPI_WaitFifoStateUntilTimeout            0x08001655   Thumb Code   150  stm32f0xx_hal_spi.o(i.SPI_WaitFifoStateUntilTimeout)
    i.SPI_WaitFlagStateUntilTimeout          0x080016ea   Section        0  stm32f0xx_hal_spi.o(i.SPI_WaitFlagStateUntilTimeout)
    SPI_WaitFlagStateUntilTimeout            0x080016eb   Thumb Code   140  stm32f0xx_hal_spi.o(i.SPI_WaitFlagStateUntilTimeout)
    i.SPIx_Error                             0x08001776   Section        0  hal_stm_lcd18.o(i.SPIx_Error)
    SPIx_Error                               0x08001777   Thumb Code    14  hal_stm_lcd18.o(i.SPIx_Error)
    i.SPIx_Write                             0x08001784   Section        0  hal_stm_lcd18.o(i.SPIx_Write)
    SPIx_Write                               0x08001785   Thumb Code    24  hal_stm_lcd18.o(i.SPIx_Write)
    i.SPIx_WriteData                         0x080017a0   Section        0  hal_stm_lcd18.o(i.SPIx_WriteData)
    i.SVC_Handler                            0x080017e8   Section        0  stm32f0xx_it.o(i.SVC_Handler)
    i.SysTick_Handler                        0x080017ea   Section        0  stm32f0xx_it.o(i.SysTick_Handler)
    i.SystemClock_Config                     0x080017f2   Section        0  main.o(i.SystemClock_Config)
    i.SystemInit                             0x08001850   Section        0  system_stm32f0xx.o(i.SystemInit)
    i.TFT7735_Bitmap_sd                      0x080018ac   Section        0  hal_stm_lcd18.o(i.TFT7735_Bitmap_sd)
    i.TFT7735_CMD                            0x0800191c   Section        0  hal_stm_lcd18.o(i.TFT7735_CMD)
    i.TFT7735_IO_Init                        0x08001950   Section        0  hal_stm_lcd18.o(i.TFT7735_IO_Init)
    i.TFT7735_Init                           0x080019c8   Section        0  hal_stm_lcd18.o(i.TFT7735_Init)
    i.TFT7735_Position                       0x08001a94   Section        0  hal_stm_lcd18.o(i.TFT7735_Position)
    i.TFT7735_SetDisplayWindow               0x08001afc   Section        0  hal_stm_lcd18.o(i.TFT7735_SetDisplayWindow)
    i.TFT7735_WDATA                          0x08001b50   Section        0  hal_stm_lcd18.o(i.TFT7735_WDATA)
    i.TFT7735_WREG                           0x08001bbc   Section        0  hal_stm_lcd18.o(i.TFT7735_WREG)
    i.USER_initialize                        0x08001bcc   Section        0  user_diskio.o(i.USER_initialize)
    i.USER_ioctl                             0x08001bd4   Section        0  user_diskio.o(i.USER_ioctl)
    i.USER_read                              0x08001bdc   Section        0  user_diskio.o(i.USER_read)
    i.USER_status                            0x08001be4   Section        0  user_diskio.o(i.USER_status)
    i.USER_write                             0x08001bec   Section        0  user_diskio.o(i.USER_write)
    i.__scatterload_copy                     0x08001bf4   Section       14  handlers.o(i.__scatterload_copy)
    i.__scatterload_null                     0x08001c02   Section        2  handlers.o(i.__scatterload_null)
    i.__scatterload_zeroinit                 0x08001c04   Section       14  handlers.o(i.__scatterload_zeroinit)
    i.check_fs                               0x08001c14   Section        0  ff.o(i.check_fs)
    check_fs                                 0x08001c15   Thumb Code   102  ff.o(i.check_fs)
    i.chk_lock                               0x08001c84   Section        0  ff.o(i.chk_lock)
    chk_lock                                 0x08001c85   Thumb Code   102  ff.o(i.chk_lock)
    i.clear_lock                             0x08001cf0   Section        0  ff.o(i.clear_lock)
    clear_lock                               0x08001cf1   Thumb Code    28  ff.o(i.clear_lock)
    i.clmt_clust                             0x08001d10   Section        0  ff.o(i.clmt_clust)
    clmt_clust                               0x08001d11   Thumb Code    56  ff.o(i.clmt_clust)
    i.clust2sect                             0x08001d48   Section        0  ff.o(i.clust2sect)
    i.create_chain                           0x08001d68   Section        0  ff.o(i.create_chain)
    create_chain                             0x08001d69   Thumb Code   174  ff.o(i.create_chain)
    i.create_name                            0x08001e1c   Section        0  ff.o(i.create_name)
    create_name                              0x08001e1d   Thumb Code   256  ff.o(i.create_name)
    i.dec_lock                               0x08001f30   Section        0  ff.o(i.dec_lock)
    dec_lock                                 0x08001f31   Thumb Code    56  ff.o(i.dec_lock)
    i.dir_next                               0x08001f6c   Section        0  ff.o(i.dir_next)
    dir_next                                 0x08001f6d   Thumb Code   264  ff.o(i.dir_next)
    i.dir_register                           0x08002078   Section        0  ff.o(i.dir_register)
    dir_register                             0x08002079   Thumb Code   124  ff.o(i.dir_register)
    i.dir_sdi                                0x080020f4   Section        0  ff.o(i.dir_sdi)
    dir_sdi                                  0x080020f5   Thumb Code   140  ff.o(i.dir_sdi)
    i.disk_initialize                        0x08002180   Section        0  diskio.o(i.disk_initialize)
    i.disk_ioctl                             0x080021ac   Section        0  diskio.o(i.disk_ioctl)
    i.disk_read                              0x080021c8   Section        0  diskio.o(i.disk_read)
    i.disk_status                            0x080021e4   Section        0  diskio.o(i.disk_status)
    i.disk_write                             0x080021fc   Section        0  diskio.o(i.disk_write)
    i.f_close                                0x08002218   Section        0  ff.o(i.f_close)
    i.f_mount                                0x08002244   Section        0  ff.o(i.f_mount)
    i.f_open                                 0x080022a4   Section        0  ff.o(i.f_open)
    i.f_read                                 0x08002454   Section        0  ff.o(i.f_read)
    i.f_sync                                 0x080025d4   Section        0  ff.o(i.f_sync)
    i.find_volume                            0x0800267c   Section        0  ff.o(i.find_volume)
    find_volume                              0x0800267d   Thumb Code   646  ff.o(i.find_volume)
    i.follow_path                            0x0800291c   Section        0  ff.o(i.follow_path)
    follow_path                              0x0800291d   Thumb Code   198  ff.o(i.follow_path)
    i.get_fat                                0x080029e2   Section        0  ff.o(i.get_fat)
    i.get_fattime                            0x08002aae   Section        0  fatfs.o(i.get_fattime)
    i.get_ldnumber                           0x08002ab2   Section        0  ff.o(i.get_ldnumber)
    get_ldnumber                             0x08002ab3   Thumb Code    60  ff.o(i.get_ldnumber)
    i.inc_lock                               0x08002af0   Section        0  ff.o(i.inc_lock)
    inc_lock                                 0x08002af1   Thumb Code   144  ff.o(i.inc_lock)
    i.ld_clust                               0x08002b84   Section        0  ff.o(i.ld_clust)
    ld_clust                                 0x08002b85   Thumb Code    36  ff.o(i.ld_clust)
    i.main                                   0x08002ba8   Section        0  main.o(i.main)
    i.mem_cpy                                0x08002d70   Section        0  ff.o(i.mem_cpy)
    mem_cpy                                  0x08002d71   Thumb Code    16  ff.o(i.mem_cpy)
    i.mem_set                                0x08002d80   Section        0  ff.o(i.mem_set)
    mem_set                                  0x08002d81   Thumb Code    14  ff.o(i.mem_set)
    i.move_window                            0x08002d8e   Section        0  ff.o(i.move_window)
    move_window                              0x08002d8f   Thumb Code    56  ff.o(i.move_window)
    i.put_fat                                0x08002dc6   Section        0  ff.o(i.put_fat)
    i.remove_chain                           0x08002ec4   Section        0  ff.o(i.remove_chain)
    remove_chain                             0x08002ec5   Thumb Code   102  ff.o(i.remove_chain)
    i.st_clust                               0x08002f2a   Section        0  ff.o(i.st_clust)
    st_clust                                 0x08002f2b   Thumb Code    16  ff.o(i.st_clust)
    i.sync_fs                                0x08002f3a   Section        0  ff.o(i.sync_fs)
    sync_fs                                  0x08002f3b   Thumb Code   148  ff.o(i.sync_fs)
    i.sync_window                            0x08002fce   Section        0  ff.o(i.sync_window)
    sync_window                              0x08002fcf   Thumb Code    84  ff.o(i.sync_window)
    i.validate                               0x08003022   Section        0  ff.o(i.validate)
    validate                                 0x08003023   Thumb Code    52  ff.o(i.validate)
    .constdata                               0x08003056   Section       16  system_stm32f0xx.o(.constdata)
    .constdata                               0x08003066   Section      172  ff.o(.constdata)
    ExCvt                                    0x08003066   Data         128  ff.o(.constdata)
    vst                                      0x080030e6   Data          22  ff.o(.constdata)
    cst                                      0x080030fc   Data          22  ff.o(.constdata)
    .data                                    0x20000000   Section       20  user_diskio.o(.data)
    .data                                    0x20000014   Section        5  fatfs.o(.data)
    .data                                    0x20000019   Section        2  main.o(.data)
    .data                                    0x2000001b   Section        3  fatfs_sd.o(.data)
    Stat                                     0x2000001b   Data           1  fatfs_sd.o(.data)
    PowerFlag                                0x2000001c   Data           1  fatfs_sd.o(.data)
    CardType                                 0x2000001d   Data           1  fatfs_sd.o(.data)
    .data                                    0x2000001e   Section        4  hal_stm_lcd18.o(.data)
    Position                                 0x20000020   Data           2  hal_stm_lcd18.o(.data)
    .data                                    0x20000024   Section        4  stm32f0xx_hal.o(.data)
    .data                                    0x20000028   Section        4  system_stm32f0xx.o(.data)
    .data                                    0x2000002c   Section        8  ff.o(.data)
    Fsid                                     0x2000002c   Data           2  ff.o(.data)
    FatFs                                    0x20000030   Data           4  ff.o(.data)
    .bss                                     0x20000034   Section      100  main.o(.bss)
    .bss                                     0x20000098   Section       24  ff.o(.bss)
    Files                                    0x20000098   Data          24  ff.o(.bss)
    .bss                                     0x200000b0   Section       12  ff_gen_drv.o(.bss)
    STACK                                    0x200000c0   Section     3648  startup_stm32f030x6.o(STACK)

    Global Symbols

    Symbol Name                              Value     Ov Type        Size  Object(Section)

    BuildAttributes$$THM_ISAv3M$S$PE$A:L22$X:L11$S22$IEEE1$IW$USESV6$~STKCKD$USESV7$~SHL$OTIME$ROPI$EBA8$MICROLIB$REQ8$PRES8$EABIv2 0x00000000   Number         0  anon$$obj.o ABSOLUTE
    __ARM_use_no_argv                        0x00000000   Number         0  main.o ABSOLUTE
    __cpp_initialize__aeabi_                  - Undefined Weak Reference
    __cxa_finalize                            - Undefined Weak Reference
    __decompress                              - Undefined Weak Reference
    _clock_init                               - Undefined Weak Reference
    _microlib_exit                            - Undefined Weak Reference
    __Vectors_Size                           0x000000b0   Number         0  startup_stm32f030x6.o ABSOLUTE
    __Vectors                                0x08000000   Data           4  startup_stm32f030x6.o(RESET)
    __Vectors_End                            0x080000b0   Data           0  startup_stm32f030x6.o(RESET)
    __main                                   0x080000b1   Thumb Code     0  entry.o(.ARM.Collect$$$$00000000)
    _main_stk                                0x080000b1   Thumb Code     0  entry2.o(.ARM.Collect$$$$00000001)
    _main_scatterload                        0x080000b5   Thumb Code     0  entry5.o(.ARM.Collect$$$$00000004)
    __main_after_scatterload                 0x080000b9   Thumb Code     0  entry5.o(.ARM.Collect$$$$00000004)
    _main_clock                              0x080000b9   Thumb Code     0  entry7b.o(.ARM.Collect$$$$00000008)
    _main_cpp_init                           0x080000b9   Thumb Code     0  entry8b.o(.ARM.Collect$$$$0000000A)
    _main_init                               0x080000b9   Thumb Code     0  entry9a.o(.ARM.Collect$$$$0000000B)
    __rt_final_cpp                           0x080000c1   Thumb Code     0  entry10a.o(.ARM.Collect$$$$0000000D)
    __rt_final_exit                          0x080000c1   Thumb Code     0  entry11a.o(.ARM.Collect$$$$0000000F)
    Reset_Handler                            0x080000c5   Thumb Code     8  startup_stm32f030x6.o(.text)
    ADC1_IRQHandler                          0x080000d7   Thumb Code     0  startup_stm32f030x6.o(.text)
    DMA1_Channel1_IRQHandler                 0x080000d7   Thumb Code     0  startup_stm32f030x6.o(.text)
    DMA1_Channel2_3_IRQHandler               0x080000d7   Thumb Code     0  startup_stm32f030x6.o(.text)
    DMA1_Channel4_5_IRQHandler               0x080000d7   Thumb Code     0  startup_stm32f030x6.o(.text)
    EXTI0_1_IRQHandler                       0x080000d7   Thumb Code     0  startup_stm32f030x6.o(.text)
    EXTI2_3_IRQHandler                       0x080000d7   Thumb Code     0  startup_stm32f030x6.o(.text)
    EXTI4_15_IRQHandler                      0x080000d7   Thumb Code     0  startup_stm32f030x6.o(.text)
    FLASH_IRQHandler                         0x080000d7   Thumb Code     0  startup_stm32f030x6.o(.text)
    I2C1_IRQHandler                          0x080000d7   Thumb Code     0  startup_stm32f030x6.o(.text)
    RCC_IRQHandler                           0x080000d7   Thumb Code     0  startup_stm32f030x6.o(.text)
    RTC_IRQHandler                           0x080000d7   Thumb Code     0  startup_stm32f030x6.o(.text)
    TIM14_IRQHandler                         0x080000d7   Thumb Code     0  startup_stm32f030x6.o(.text)
    TIM16_IRQHandler                         0x080000d7   Thumb Code     0  startup_stm32f030x6.o(.text)
    TIM17_IRQHandler                         0x080000d7   Thumb Code     0  startup_stm32f030x6.o(.text)
    TIM1_BRK_UP_TRG_COM_IRQHandler           0x080000d7   Thumb Code     0  startup_stm32f030x6.o(.text)
    TIM1_CC_IRQHandler                       0x080000d7   Thumb Code     0  startup_stm32f030x6.o(.text)
    TIM3_IRQHandler                          0x080000d7   Thumb Code     0  startup_stm32f030x6.o(.text)
    USART1_IRQHandler                        0x080000d7   Thumb Code     0  startup_stm32f030x6.o(.text)
    WWDG_IRQHandler                          0x080000d7   Thumb Code     0  startup_stm32f030x6.o(.text)
    __aeabi_uidiv                            0x080000e1   Thumb Code     0  uidiv.o(.text)
    __aeabi_uidivmod                         0x080000e1   Thumb Code    44  uidiv.o(.text)
    __aeabi_memset                           0x0800010d   Thumb Code    14  memseta.o(.text)
    __aeabi_memset4                          0x0800010d   Thumb Code     0  memseta.o(.text)
    __aeabi_memset8                          0x0800010d   Thumb Code     0  memseta.o(.text)
    __aeabi_memclr                           0x0800011b   Thumb Code     4  memseta.o(.text)
    __aeabi_memclr4                          0x0800011b   Thumb Code     0  memseta.o(.text)
    __aeabi_memclr8                          0x0800011b   Thumb Code     0  memseta.o(.text)
    _memset$wrapper                          0x0800011f   Thumb Code    18  memseta.o(.text)
    __aeabi_uread4                           0x08000131   Thumb Code    20  uread4.o(.text)
    __rt_uread4                              0x08000131   Thumb Code     0  uread4.o(.text)
    _uread4                                  0x08000131   Thumb Code     0  uread4.o(.text)
    __scatterload                            0x08000145   Thumb Code    28  init.o(.text)
    __scatterload_rt2                        0x08000145   Thumb Code     0  init.o(.text)
    Error_Handler                            0x08000179   Thumb Code    14  main.o(i.Error_Handler)
    FATFS_LinkDriver                         0x08000187   Thumb Code    10  ff_gen_drv.o(i.FATFS_LinkDriver)
    FATFS_LinkDriverEx                       0x08000191   Thumb Code    60  ff_gen_drv.o(i.FATFS_LinkDriverEx)
    HAL_DMA_Abort_IT                         0x080001d1   Thumb Code    72  stm32f0xx_hal_dma.o(i.HAL_DMA_Abort_IT)
    HAL_Delay                                0x08000219   Thumb Code    28  stm32f0xx_hal.o(i.HAL_Delay)
    HAL_GPIO_Init                            0x08000235   Thumb Code   302  stm32f0xx_hal_gpio.o(i.HAL_GPIO_Init)
    HAL_GPIO_TogglePin                       0x0800037d   Thumb Code     8  stm32f0xx_hal_gpio.o(i.HAL_GPIO_TogglePin)
    HAL_GPIO_WritePin                        0x08000385   Thumb Code    12  stm32f0xx_hal_gpio.o(i.HAL_GPIO_WritePin)
    HAL_GetTick                              0x08000391   Thumb Code     6  stm32f0xx_hal.o(i.HAL_GetTick)
    HAL_IncTick                              0x0800039d   Thumb Code    10  stm32f0xx_hal.o(i.HAL_IncTick)
    HAL_Init                                 0x080003ad   Thumb Code    26  stm32f0xx_hal.o(i.HAL_Init)
    HAL_InitTick                             0x080003cd   Thumb Code    34  stm32f0xx_hal.o(i.HAL_InitTick)
    HAL_MspInit                              0x080003f1   Thumb Code    34  stm32f0xx_hal_msp.o(i.HAL_MspInit)
    HAL_NVIC_EnableIRQ                       0x08000419   Thumb Code    14  stm32f0xx_hal_cortex.o(i.HAL_NVIC_EnableIRQ)
    HAL_NVIC_SetPriority                     0x0800042d   Thumb Code     8  stm32f0xx_hal_cortex.o(i.HAL_NVIC_SetPriority)
    HAL_RCC_ClockConfig                      0x08000435   Thumb Code   280  stm32f0xx_hal_rcc.o(i.HAL_RCC_ClockConfig)
    HAL_RCC_GetHCLKFreq                      0x08000561   Thumb Code     6  stm32f0xx_hal_rcc.o(i.HAL_RCC_GetHCLKFreq)
    HAL_RCC_GetSysClockFreq                  0x0800056d   Thumb Code    76  stm32f0xx_hal_rcc.o(i.HAL_RCC_GetSysClockFreq)
    HAL_RCC_OscConfig                        0x080005e5   Thumb Code   840  stm32f0xx_hal_rcc.o(i.HAL_RCC_OscConfig)
    HAL_SPI_ErrorCallback                    0x08000939   Thumb Code     2  stm32f0xx_hal_spi.o(i.HAL_SPI_ErrorCallback)
    HAL_SPI_GetState                         0x0800093b   Thumb Code     6  stm32f0xx_hal_spi.o(i.HAL_SPI_GetState)
    HAL_SPI_IRQHandler                       0x08000941   Thumb Code   208  stm32f0xx_hal_spi.o(i.HAL_SPI_IRQHandler)
    HAL_SPI_Init                             0x08000a15   Thumb Code   184  stm32f0xx_hal_spi.o(i.HAL_SPI_Init)
    HAL_SPI_MspInit                          0x08000acd   Thumb Code   100  stm32f0xx_hal_msp.o(i.HAL_SPI_MspInit)
    HAL_SPI_Transmit                         0x08000b39   Thumb Code   368  stm32f0xx_hal_spi.o(i.HAL_SPI_Transmit)
    HAL_SPI_TransmitReceive                  0x08000ca9   Thumb Code   584  stm32f0xx_hal_spi.o(i.HAL_SPI_TransmitReceive)
    HAL_SYSTICK_Config                       0x08000ef1   Thumb Code    38  stm32f0xx_hal_cortex.o(i.HAL_SYSTICK_Config)
    HardFault_Handler                        0x08000f21   Thumb Code     2  stm32f0xx_it.o(i.HardFault_Handler)
    MX_FATFS_Init                            0x08000f25   Thumb Code    18  fatfs.o(i.MX_FATFS_Init)
    NMI_Handler                              0x08000f8d   Thumb Code     2  stm32f0xx_it.o(i.NMI_Handler)
    PendSV_Handler                           0x08000fd5   Thumb Code     2  stm32f0xx_it.o(i.PendSV_Handler)
    SD_disk_initialize                       0x08001181   Thumb Code   310  fatfs_sd.o(i.SD_disk_initialize)
    SD_disk_ioctl                            0x080012c1   Thumb Code   318  fatfs_sd.o(i.SD_disk_ioctl)
    SD_disk_read                             0x08001405   Thumb Code   160  fatfs_sd.o(i.SD_disk_read)
    SD_disk_status                           0x080014a9   Thumb Code    14  fatfs_sd.o(i.SD_disk_status)
    SD_disk_write                            0x080014bd   Thumb Code   194  fatfs_sd.o(i.SD_disk_write)
    SPI1_IRQHandler                          0x08001595   Thumb Code    10  stm32f0xx_it.o(i.SPI1_IRQHandler)
    SPIx_WriteData                           0x080017a1   Thumb Code    62  hal_stm_lcd18.o(i.SPIx_WriteData)
    SVC_Handler                              0x080017e9   Thumb Code     2  stm32f0xx_it.o(i.SVC_Handler)
    SysTick_Handler                          0x080017eb   Thumb Code     8  stm32f0xx_it.o(i.SysTick_Handler)
    SystemClock_Config                       0x080017f3   Thumb Code    92  main.o(i.SystemClock_Config)
    SystemInit                               0x08001851   Thumb Code    78  system_stm32f0xx.o(i.SystemInit)
    TFT7735_Bitmap_sd                        0x080018ad   Thumb Code   110  hal_stm_lcd18.o(i.TFT7735_Bitmap_sd)
    TFT7735_CMD                              0x0800191d   Thumb Code    46  hal_stm_lcd18.o(i.TFT7735_CMD)
    TFT7735_IO_Init                          0x08001951   Thumb Code   110  hal_stm_lcd18.o(i.TFT7735_IO_Init)
    TFT7735_Init                             0x080019c9   Thumb Code   200  hal_stm_lcd18.o(i.TFT7735_Init)
    TFT7735_Position                         0x08001a95   Thumb Code    98  hal_stm_lcd18.o(i.TFT7735_Position)
    TFT7735_SetDisplayWindow                 0x08001afd   Thumb Code    84  hal_stm_lcd18.o(i.TFT7735_SetDisplayWindow)
    TFT7735_WDATA                            0x08001b51   Thumb Code    98  hal_stm_lcd18.o(i.TFT7735_WDATA)
    TFT7735_WREG                             0x08001bbd   Thumb Code    16  hal_stm_lcd18.o(i.TFT7735_WREG)
    USER_initialize                          0x08001bcd   Thumb Code     8  user_diskio.o(i.USER_initialize)
    USER_ioctl                               0x08001bd5   Thumb Code     8  user_diskio.o(i.USER_ioctl)
    USER_read                                0x08001bdd   Thumb Code     8  user_diskio.o(i.USER_read)
    USER_status                              0x08001be5   Thumb Code     8  user_diskio.o(i.USER_status)
    USER_write                               0x08001bed   Thumb Code     8  user_diskio.o(i.USER_write)
    __scatterload_copy                       0x08001bf5   Thumb Code    14  handlers.o(i.__scatterload_copy)
    __scatterload_null                       0x08001c03   Thumb Code     2  handlers.o(i.__scatterload_null)
    __scatterload_zeroinit                   0x08001c05   Thumb Code    14  handlers.o(i.__scatterload_zeroinit)
    clust2sect                               0x08001d49   Thumb Code    30  ff.o(i.clust2sect)
    disk_initialize                          0x08002181   Thumb Code    38  diskio.o(i.disk_initialize)
    disk_ioctl                               0x080021ad   Thumb Code    24  diskio.o(i.disk_ioctl)
    disk_read                                0x080021c9   Thumb Code    24  diskio.o(i.disk_read)
    disk_status                              0x080021e5   Thumb Code    18  diskio.o(i.disk_status)
    disk_write                               0x080021fd   Thumb Code    24  diskio.o(i.disk_write)
    f_close                                  0x08002219   Thumb Code    44  ff.o(i.f_close)
    f_mount                                  0x08002245   Thumb Code    90  ff.o(i.f_mount)
    f_open                                   0x080022a5   Thumb Code   426  ff.o(i.f_open)
    f_read                                   0x08002455   Thumb Code   378  ff.o(i.f_read)
    f_sync                                   0x080025d5   Thumb Code   168  ff.o(i.f_sync)
    get_fat                                  0x080029e3   Thumb Code   204  ff.o(i.get_fat)
    get_fattime                              0x08002aaf   Thumb Code     4  fatfs.o(i.get_fattime)
    main                                     0x08002ba9   Thumb Code   354  main.o(i.main)
    put_fat                                  0x08002dc7   Thumb Code   254  ff.o(i.put_fat)
    AHBPrescTable                            0x08003056   Data          16  system_stm32f0xx.o(.constdata)
    Region$$Table$$Base                      0x08003114   Number         0  anon$$obj.o(Region$$Table)
    Region$$Table$$Limit                     0x08003134   Number         0  anon$$obj.o(Region$$Table)
    USER_Driver                              0x20000000   Data          20  user_diskio.o(.data)
    retUSER                                  0x20000014   Data           1  fatfs.o(.data)
    USERPath                                 0x20000015   Data           4  fatfs.o(.data)
    Timer1                                   0x20000019   Data           1  main.o(.data)
    Timer2                                   0x2000001a   Data           1  main.o(.data)
    x_text                                   0x2000001e   Data           1  hal_stm_lcd18.o(.data)
    y_text                                   0x2000001f   Data           1  hal_stm_lcd18.o(.data)
    uwTick                                   0x20000024   Data           4  stm32f0xx_hal.o(.data)
    SystemCoreClock                          0x20000028   Data           4  system_stm32f0xx.o(.data)
    hspi1                                    0x20000034   Data         100  main.o(.bss)
    disk                                     0x200000b0   Data          12  ff_gen_drv.o(.bss)
    __initial_sp                             0x20000f00   Data           0  startup_stm32f030x6.o(STACK)



==============================================================================

Memory Map of the image

  Image Entry point : 0x080000b1

  Load Region LR_IROM1 (Base: 0x08000000, Size: 0x00003168, Max: 0x00004000, ABSOLUTE)

    Execution Region ER_IROM1 (Base: 0x08000000, Size: 0x00003134, Max: 0x00004000, ABSOLUTE)

    Base Addr    Size         Type   Attr      Idx    E Section Name        Object

    0x08000000   0x000000b0   Data   RO            3    RESET               startup_stm32f030x6.o
    0x080000b0   0x00000000   Code   RO         2770  * .ARM.Collect$$$$00000000  mc_p.l(entry.o)
    0x080000b0   0x00000004   Code   RO         2793    .ARM.Collect$$$$00000001  mc_p.l(entry2.o)
    0x080000b4   0x00000004   Code   RO         2796    .ARM.Collect$$$$00000004  mc_p.l(entry5.o)
    0x080000b8   0x00000000   Code   RO         2798    .ARM.Collect$$$$00000008  mc_p.l(entry7b.o)
    0x080000b8   0x00000000   Code   RO         2800    .ARM.Collect$$$$0000000A  mc_p.l(entry8b.o)
    0x080000b8   0x00000008   Code   RO         2801    .ARM.Collect$$$$0000000B  mc_p.l(entry9a.o)
    0x080000c0   0x00000000   Code   RO         2803    .ARM.Collect$$$$0000000D  mc_p.l(entry10a.o)
    0x080000c0   0x00000000   Code   RO         2805    .ARM.Collect$$$$0000000F  mc_p.l(entry11a.o)
    0x080000c0   0x00000004   Code   RO         2794    .ARM.Collect$$$$00002712  mc_p.l(entry2.o)
    0x080000c4   0x0000001c   Code   RO            4    .text               startup_stm32f030x6.o
    0x080000e0   0x0000002c   Code   RO         2773    .text               mc_p.l(uidiv.o)
    0x0800010c   0x00000024   Code   RO         2777    .text               mc_p.l(memseta.o)
    0x08000130   0x00000014   Code   RO         2779    .text               mc_p.l(uread4.o)
    0x08000144   0x00000024   Code   RO         2810    .text               mc_p.l(init.o)
    0x08000168   0x00000010   Code   RO          355    i.DESELECT          fatfs_sd.o
    0x08000178   0x0000000e   Code   RO          209    i.Error_Handler     main.o
    0x08000186   0x0000000a   Code   RO         2699    i.FATFS_LinkDriver  ff_gen_drv.o
    0x08000190   0x00000040   Code   RO         2700    i.FATFS_LinkDriverEx  ff_gen_drv.o
    0x080001d0   0x00000048   Code   RO         1810    i.HAL_DMA_Abort_IT  stm32f0xx_hal_dma.o
    0x08000218   0x0000001c   Code   RO         1151    i.HAL_Delay         stm32f0xx_hal.o
    0x08000234   0x00000148   Code   RO         1748    i.HAL_GPIO_Init     stm32f0xx_hal_gpio.o
    0x0800037c   0x00000008   Code   RO         1751    i.HAL_GPIO_TogglePin  stm32f0xx_hal_gpio.o
    0x08000384   0x0000000c   Code   RO         1752    i.HAL_GPIO_WritePin  stm32f0xx_hal_gpio.o
    0x08000390   0x0000000c   Code   RO         1155    i.HAL_GetTick       stm32f0xx_hal.o
    0x0800039c   0x00000010   Code   RO         1159    i.HAL_IncTick       stm32f0xx_hal.o
    0x080003ac   0x00000020   Code   RO         1160    i.HAL_Init          stm32f0xx_hal.o
    0x080003cc   0x00000022   Code   RO         1161    i.HAL_InitTick      stm32f0xx_hal.o
    0x080003ee   0x00000002   PAD
    0x080003f0   0x00000028   Code   RO          323    i.HAL_MspInit       stm32f0xx_hal_msp.o
    0x08000418   0x00000014   Code   RO         1907    i.HAL_NVIC_EnableIRQ  stm32f0xx_hal_cortex.o
    0x0800042c   0x00000008   Code   RO         1911    i.HAL_NVIC_SetPriority  stm32f0xx_hal_cortex.o
    0x08000434   0x0000012c   Code   RO         1023    i.HAL_RCC_ClockConfig  stm32f0xx_hal_rcc.o
    0x08000560   0x0000000c   Code   RO         1028    i.HAL_RCC_GetHCLKFreq  stm32f0xx_hal_rcc.o
    0x0800056c   0x00000078   Code   RO         1031    i.HAL_RCC_GetSysClockFreq  stm32f0xx_hal_rcc.o
    0x080005e4   0x00000354   Code   RO         1034    i.HAL_RCC_OscConfig  stm32f0xx_hal_rcc.o
    0x08000938   0x00000002   Code   RO          658    i.HAL_SPI_ErrorCallback  stm32f0xx_hal_spi.o
    0x0800093a   0x00000006   Code   RO          660    i.HAL_SPI_GetState  stm32f0xx_hal_spi.o
    0x08000940   0x000000d4   Code   RO          661    i.HAL_SPI_IRQHandler  stm32f0xx_hal_spi.o
    0x08000a14   0x000000b8   Code   RO          662    i.HAL_SPI_Init      stm32f0xx_hal_spi.o
    0x08000acc   0x0000006c   Code   RO          325    i.HAL_SPI_MspInit   stm32f0xx_hal_msp.o
    0x08000b38   0x00000170   Code   RO          670    i.HAL_SPI_Transmit  stm32f0xx_hal_spi.o
    0x08000ca8   0x00000248   Code   RO          671    i.HAL_SPI_TransmitReceive  stm32f0xx_hal_spi.o
    0x08000ef0   0x00000030   Code   RO         1915    i.HAL_SYSTICK_Config  stm32f0xx_hal_cortex.o
    0x08000f20   0x00000002   Code   RO          269    i.HardFault_Handler  stm32f0xx_it.o
    0x08000f22   0x00000002   PAD
    0x08000f24   0x0000001c   Code   RO          167    i.MX_FATFS_Init     fatfs.o
    0x08000f40   0x0000004c   Code   RO          210    i.MX_SPI1_Init      main.o
    0x08000f8c   0x00000002   Code   RO          270    i.NMI_Handler       stm32f0xx_it.o
    0x08000f8e   0x00000002   PAD
    0x08000f90   0x00000044   Code   RO         1917    i.NVIC_SetPriority  stm32f0xx_hal_cortex.o
    0x08000fd4   0x00000002   Code   RO          271    i.PendSV_Handler    stm32f0xx_it.o
    0x08000fd6   0x00000002   PAD
    0x08000fd8   0x00000068   Code   RO          356    i.SD_PowerOn        fatfs_sd.o
    0x08001040   0x00000020   Code   RO          357    i.SD_ReadyWait      fatfs_sd.o
    0x08001060   0x0000004c   Code   RO          358    i.SD_RxDataBlock    fatfs_sd.o
    0x080010ac   0x0000006c   Code   RO          359    i.SD_SendCmd        fatfs_sd.o
    0x08001118   0x00000068   Code   RO          360    i.SD_TxDataBlock    fatfs_sd.o
    0x08001180   0x00000140   Code   RO          361    i.SD_disk_initialize  fatfs_sd.o
    0x080012c0   0x00000144   Code   RO          362    i.SD_disk_ioctl     fatfs_sd.o
    0x08001404   0x000000a4   Code   RO          363    i.SD_disk_read      fatfs_sd.o
    0x080014a8   0x00000014   Code   RO          364    i.SD_disk_status    fatfs_sd.o
    0x080014bc   0x000000c8   Code   RO          365    i.SD_disk_write     fatfs_sd.o
    0x08001584   0x00000010   Code   RO          366    i.SELECT            fatfs_sd.o
    0x08001594   0x00000010   Code   RO          272    i.SPI1_IRQHandler   stm32f0xx_it.o
    0x080015a4   0x00000012   Code   RO          689    i.SPI_DMAAbortOnError  stm32f0xx_hal_spi.o
    0x080015b6   0x0000004c   Code   RO          700    i.SPI_EndRxTxTransaction  stm32f0xx_hal_spi.o
    0x08001602   0x00000002   PAD
    0x08001604   0x00000030   Code   RO          367    i.SPI_RxByte        fatfs_sd.o
    0x08001634   0x00000020   Code   RO          368    i.SPI_TxByte        fatfs_sd.o
    0x08001654   0x00000096   Code   RO          705    i.SPI_WaitFifoStateUntilTimeout  stm32f0xx_hal_spi.o
    0x080016ea   0x0000008c   Code   RO          706    i.SPI_WaitFlagStateUntilTimeout  stm32f0xx_hal_spi.o
    0x08001776   0x0000000e   Code   RO          449    i.SPIx_Error        hal_stm_lcd18.o
    0x08001784   0x0000001c   Code   RO          450    i.SPIx_Write        hal_stm_lcd18.o
    0x080017a0   0x00000048   Code   RO          451    i.SPIx_WriteData    hal_stm_lcd18.o
    0x080017e8   0x00000002   Code   RO          273    i.SVC_Handler       stm32f0xx_it.o
    0x080017ea   0x00000008   Code   RO          274    i.SysTick_Handler   stm32f0xx_it.o
    0x080017f2   0x0000005c   Code   RO          212    i.SystemClock_Config  main.o
    0x0800184e   0x00000002   PAD
    0x08001850   0x0000005c   Code   RO         2270    i.SystemInit        system_stm32f0xx.o
    0x080018ac   0x0000006e   Code   RO          452    i.TFT7735_Bitmap_sd  hal_stm_lcd18.o
    0x0800191a   0x00000002   PAD
    0x0800191c   0x00000034   Code   RO          454    i.TFT7735_CMD       hal_stm_lcd18.o
    0x08001950   0x00000078   Code   RO          463    i.TFT7735_IO_Init   hal_stm_lcd18.o
    0x080019c8   0x000000cc   Code   RO          464    i.TFT7735_Init      hal_stm_lcd18.o
    0x08001a94   0x00000068   Code   RO          466    i.TFT7735_Position  hal_stm_lcd18.o
    0x08001afc   0x00000054   Code   RO          471    i.TFT7735_SetDisplayWindow  hal_stm_lcd18.o
    0x08001b50   0x0000006c   Code   RO          473    i.TFT7735_WDATA     hal_stm_lcd18.o
    0x08001bbc   0x00000010   Code   RO          474    i.TFT7735_WREG      hal_stm_lcd18.o
    0x08001bcc   0x00000008   Code   RO           12    i.USER_initialize   user_diskio.o
    0x08001bd4   0x00000008   Code   RO           13    i.USER_ioctl        user_diskio.o
    0x08001bdc   0x00000008   Code   RO           14    i.USER_read         user_diskio.o
    0x08001be4   0x00000008   Code   RO           15    i.USER_status       user_diskio.o
    0x08001bec   0x00000008   Code   RO           16    i.USER_write        user_diskio.o
    0x08001bf4   0x0000000e   Code   RO         2814    i.__scatterload_copy  mc_p.l(handlers.o)
    0x08001c02   0x00000002   Code   RO         2815    i.__scatterload_null  mc_p.l(handlers.o)
    0x08001c04   0x0000000e   Code   RO         2816    i.__scatterload_zeroinit  mc_p.l(handlers.o)
    0x08001c12   0x00000002   PAD
    0x08001c14   0x00000070   Code   RO         2382    i.check_fs          ff.o
    0x08001c84   0x0000006c   Code   RO         2383    i.chk_lock          ff.o
    0x08001cf0   0x00000020   Code   RO         2384    i.clear_lock        ff.o
    0x08001d10   0x00000038   Code   RO         2385    i.clmt_clust        ff.o
    0x08001d48   0x0000001e   Code   RO         2386    i.clust2sect        ff.o
    0x08001d66   0x00000002   PAD
    0x08001d68   0x000000b4   Code   RO         2387    i.create_chain      ff.o
    0x08001e1c   0x00000114   Code   RO         2388    i.create_name       ff.o
    0x08001f30   0x0000003c   Code   RO         2389    i.dec_lock          ff.o
    0x08001f6c   0x0000010c   Code   RO         2390    i.dir_next          ff.o
    0x08002078   0x0000007c   Code   RO         2392    i.dir_register      ff.o
    0x080020f4   0x0000008c   Code   RO         2394    i.dir_sdi           ff.o
    0x08002180   0x0000002c   Code   RO         2331    i.disk_initialize   diskio.o
    0x080021ac   0x0000001c   Code   RO         2332    i.disk_ioctl        diskio.o
    0x080021c8   0x0000001c   Code   RO         2333    i.disk_read         diskio.o
    0x080021e4   0x00000018   Code   RO         2334    i.disk_status       diskio.o
    0x080021fc   0x0000001c   Code   RO         2335    i.disk_write        diskio.o
    0x08002218   0x0000002c   Code   RO         2396    i.f_close           ff.o
    0x08002244   0x00000060   Code   RO         2403    i.f_mount           ff.o
    0x080022a4   0x000001b0   Code   RO         2404    i.f_open            ff.o
    0x08002454   0x00000180   Code   RO         2409    i.f_read            ff.o
    0x080025d4   0x000000a8   Code   RO         2413    i.f_sync            ff.o
    0x0800267c   0x000002a0   Code   RO         2418    i.find_volume       ff.o
    0x0800291c   0x000000c6   Code   RO         2419    i.follow_path       ff.o
    0x080029e2   0x000000cc   Code   RO         2420    i.get_fat           ff.o
    0x08002aae   0x00000004   Code   RO          168    i.get_fattime       fatfs.o
    0x08002ab2   0x0000003c   Code   RO         2422    i.get_ldnumber      ff.o
    0x08002aee   0x00000002   PAD
    0x08002af0   0x00000094   Code   RO         2423    i.inc_lock          ff.o
    0x08002b84   0x00000024   Code   RO         2424    i.ld_clust          ff.o
    0x08002ba8   0x000001c8   Code   RO          213    i.main              main.o
    0x08002d70   0x00000010   Code   RO         2425    i.mem_cpy           ff.o
    0x08002d80   0x0000000e   Code   RO         2426    i.mem_set           ff.o
    0x08002d8e   0x00000038   Code   RO         2427    i.move_window       ff.o
    0x08002dc6   0x000000fe   Code   RO         2428    i.put_fat           ff.o
    0x08002ec4   0x00000066   Code   RO         2430    i.remove_chain      ff.o
    0x08002f2a   0x00000010   Code   RO         2431    i.st_clust          ff.o
    0x08002f3a   0x00000094   Code   RO         2432    i.sync_fs           ff.o
    0x08002fce   0x00000054   Code   RO         2433    i.sync_window       ff.o
    0x08003022   0x00000034   Code   RO         2434    i.validate          ff.o
    0x08003056   0x00000010   Data   RO         2271    .constdata          system_stm32f0xx.o
    0x08003066   0x000000ac   Data   RO         2436    .constdata          ff.o
    0x08003112   0x00000002   PAD
    0x08003114   0x00000020   Data   RO         2812    Region$$Table       anon$$obj.o


    Execution Region RW_IRAM1 (Base: 0x20000000, Size: 0x00000f00, Max: 0x00001000, ABSOLUTE)

    Base Addr    Size         Type   Attr      Idx    E Section Name        Object

    0x20000000   0x00000014   Data   RW           17    .data               user_diskio.o
    0x20000014   0x00000005   Data   RW          171    .data               fatfs.o
    0x20000019   0x00000002   Data   RW          221    .data               main.o
    0x2000001b   0x00000003   Data   RW          369    .data               fatfs_sd.o
    0x2000001e   0x00000004   Data   RW          480    .data               hal_stm_lcd18.o
    0x20000022   0x00000002   PAD
    0x20000024   0x00000004   Data   RW         1166    .data               stm32f0xx_hal.o
    0x20000028   0x00000004   Data   RW         2273    .data               system_stm32f0xx.o
    0x2000002c   0x00000008   Data   RW         2437    .data               ff.o
    0x20000034   0x00000064   Zero   RW          215    .bss                main.o
    0x20000098   0x00000018   Zero   RW         2435    .bss                ff.o
    0x200000b0   0x0000000c   Zero   RW         2703    .bss                ff_gen_drv.o
    0x200000bc   0x00000004   PAD
    0x200000c0   0x00000e40   Zero   RW            1    STACK               startup_stm32f030x6.o


==============================================================================

Image component sizes


      Code (inc. data)   RO Data    RW Data    ZI Data      Debug   Object Name

       152         24          0          0          0       3585   diskio.o
        32         10          0          5          0       1448   fatfs.o
      1564         60          0          3          0      10503   fatfs_sd.o
      4570        102        172          8         24      32665   ff.o
        74          4          0          0         12       1611   ff_gen_drv.o
       912         50          0          4          0       8066   hal_stm_lcd18.o
       638        112          0          2        100       3108   main.o
        28          8        176          0       3648        632   startup_stm32f030x6.o
       122         18          0          4          0       3643   stm32f0xx_hal.o
       144         24          0          0          0       8905   stm32f0xx_hal_cortex.o
        72          0          0          0          0       1107   stm32f0xx_hal_dma.o
       348         26          0          0          0       2825   stm32f0xx_hal_gpio.o
       148         14          0          0          0       1480   stm32f0xx_hal_msp.o
      1284         82          0          0          0       4462   stm32f0xx_hal_rcc.o
      1740          4          0          0          0       9824   stm32f0xx_hal_spi.o
        32          6          0          0          0       2533   stm32f0xx_it.o
        92         14         16          4          0       1147   system_stm32f0xx.o
        40          0          0         20          0     230044   user_diskio.o

    ----------------------------------------------------------------------
     12010        558        398         52       3788     327588   Object Totals
         0          0         32          0          0          0   (incl. Generated)
        18          0          2          2          4          0   (incl. Padding)

    ----------------------------------------------------------------------

      Code (inc. data)   RO Data    RW Data    ZI Data      Debug   Library Member Name

         0          0          0          0          0          0   entry.o
         0          0          0          0          0          0   entry10a.o
         0          0          0          0          0          0   entry11a.o
         8          4          0          0          0          0   entry2.o
         4          0          0          0          0          0   entry5.o
         0          0          0          0          0          0   entry7b.o
         0          0          0          0          0          0   entry8b.o
         8          4          0          0          0          0   entry9a.o
        30          0          0          0          0          0   handlers.o
        36          8          0          0          0         68   init.o
        36          0          0          0          0        100   memseta.o
        44          0          0          0          0         72   uidiv.o
        20          0          0          0          0         60   uread4.o

    ----------------------------------------------------------------------
       188         16          0          0          0        300   Library Totals
         2          0          0          0          0          0   (incl. Padding)

    ----------------------------------------------------------------------

      Code (inc. data)   RO Data    RW Data    ZI Data      Debug   Library Name

       186         16          0          0          0        300   mc_p.l

    ----------------------------------------------------------------------
       188         16          0          0          0        300   Library Totals

    ----------------------------------------------------------------------

==============================================================================


      Code (inc. data)   RO Data    RW Data    ZI Data      Debug   

     12198        574        398         52       3788     323332   Grand Totals
     12198        574        398         52       3788     323332   ELF Image Totals
     12198        574        398         52          0          0   ROM Totals

==============================================================================

    Total RO  Size (Code + RO Data)                12596 (  12.30kB)
    Total RW  Size (RW Data + ZI Data)              3840 (   3.75kB)
    Total ROM Size (Code + RO Data + RW Data)      12648 (  12.35kB)

==============================================================================

